Archive member included to satisfy reference by file (symbol)

C:/ST/STM32CubeIDE_1.19.0/STM32CubeIDE/plugins/com.st.stm32cube.ide.mcu.externaltools.gnu-tools-for-stm32.13.3.rel1.win32_1.0.0.202411081344/tools/bin/../lib/gcc/arm-none-eabi/13.3.1/../../../../arm-none-eabi/lib/thumb/v7-m/nofp\libc_nano.a(libc_a-exit.o)
                              C:/ST/STM32CubeIDE_1.19.0/STM32CubeIDE/plugins/com.st.stm32cube.ide.mcu.externaltools.gnu-tools-for-stm32.13.3.rel1.win32_1.0.0.202411081344/tools/bin/../lib/gcc/arm-none-eabi/13.3.1/../../../../arm-none-eabi/lib/thumb/v7-m/nofp/crt0.o (exit)
C:/ST/STM32CubeIDE_1.19.0/STM32CubeIDE/plugins/com.st.stm32cube.ide.mcu.externaltools.gnu-tools-for-stm32.13.3.rel1.win32_1.0.0.202411081344/tools/bin/../lib/gcc/arm-none-eabi/13.3.1/../../../../arm-none-eabi/lib/thumb/v7-m/nofp\libc_nano.a(libc_a-findfp.o)
                              C:/ST/STM32CubeIDE_1.19.0/STM32CubeIDE/plugins/com.st.stm32cube.ide.mcu.externaltools.gnu-tools-for-stm32.13.3.rel1.win32_1.0.0.202411081344/tools/bin/../lib/gcc/arm-none-eabi/13.3.1/../../../../arm-none-eabi/lib/thumb/v7-m/nofp\libc_nano.a(libc_a-exit.o) (__stdio_exit_handler)
C:/ST/STM32CubeIDE_1.19.0/STM32CubeIDE/plugins/com.st.stm32cube.ide.mcu.externaltools.gnu-tools-for-stm32.13.3.rel1.win32_1.0.0.202411081344/tools/bin/../lib/gcc/arm-none-eabi/13.3.1/../../../../arm-none-eabi/lib/thumb/v7-m/nofp\libc_nano.a(libc_a-fwalk.o)
                              C:/ST/STM32CubeIDE_1.19.0/STM32CubeIDE/plugins/com.st.stm32cube.ide.mcu.externaltools.gnu-tools-for-stm32.13.3.rel1.win32_1.0.0.202411081344/tools/bin/../lib/gcc/arm-none-eabi/13.3.1/../../../../arm-none-eabi/lib/thumb/v7-m/nofp\libc_nano.a(libc_a-findfp.o) (_fwalk_sglue)
C:/ST/STM32CubeIDE_1.19.0/STM32CubeIDE/plugins/com.st.stm32cube.ide.mcu.externaltools.gnu-tools-for-stm32.13.3.rel1.win32_1.0.0.202411081344/tools/bin/../lib/gcc/arm-none-eabi/13.3.1/../../../../arm-none-eabi/lib/thumb/v7-m/nofp\libc_nano.a(libc_a-printf.o)
                              ./Core/Src/66122_6350.o (printf)
C:/ST/STM32CubeIDE_1.19.0/STM32CubeIDE/plugins/com.st.stm32cube.ide.mcu.externaltools.gnu-tools-for-stm32.13.3.rel1.win32_1.0.0.202411081344/tools/bin/../lib/gcc/arm-none-eabi/13.3.1/../../../../arm-none-eabi/lib/thumb/v7-m/nofp\libc_nano.a(libc_a-puts.o)
                              ./Core/Src/OEM1_Main.o (puts)
C:/ST/STM32CubeIDE_1.19.0/STM32CubeIDE/plugins/com.st.stm32cube.ide.mcu.externaltools.gnu-tools-for-stm32.13.3.rel1.win32_1.0.0.202411081344/tools/bin/../lib/gcc/arm-none-eabi/13.3.1/../../../../arm-none-eabi/lib/thumb/v7-m/nofp\libc_nano.a(libc_a-stdio.o)
                              C:/ST/STM32CubeIDE_1.19.0/STM32CubeIDE/plugins/com.st.stm32cube.ide.mcu.externaltools.gnu-tools-for-stm32.13.3.rel1.win32_1.0.0.202411081344/tools/bin/../lib/gcc/arm-none-eabi/13.3.1/../../../../arm-none-eabi/lib/thumb/v7-m/nofp\libc_nano.a(libc_a-findfp.o) (__sread)
C:/ST/STM32CubeIDE_1.19.0/STM32CubeIDE/plugins/com.st.stm32cube.ide.mcu.externaltools.gnu-tools-for-stm32.13.3.rel1.win32_1.0.0.202411081344/tools/bin/../lib/gcc/arm-none-eabi/13.3.1/../../../../arm-none-eabi/lib/thumb/v7-m/nofp\libc_nano.a(libc_a-wbuf.o)
                              C:/ST/STM32CubeIDE_1.19.0/STM32CubeIDE/plugins/com.st.stm32cube.ide.mcu.externaltools.gnu-tools-for-stm32.13.3.rel1.win32_1.0.0.202411081344/tools/bin/../lib/gcc/arm-none-eabi/13.3.1/../../../../arm-none-eabi/lib/thumb/v7-m/nofp\libc_nano.a(libc_a-puts.o) (__swbuf_r)
C:/ST/STM32CubeIDE_1.19.0/STM32CubeIDE/plugins/com.st.stm32cube.ide.mcu.externaltools.gnu-tools-for-stm32.13.3.rel1.win32_1.0.0.202411081344/tools/bin/../lib/gcc/arm-none-eabi/13.3.1/../../../../arm-none-eabi/lib/thumb/v7-m/nofp\libc_nano.a(libc_a-wsetup.o)
                              C:/ST/STM32CubeIDE_1.19.0/STM32CubeIDE/plugins/com.st.stm32cube.ide.mcu.externaltools.gnu-tools-for-stm32.13.3.rel1.win32_1.0.0.202411081344/tools/bin/../lib/gcc/arm-none-eabi/13.3.1/../../../../arm-none-eabi/lib/thumb/v7-m/nofp\libc_nano.a(libc_a-puts.o) (__swsetup_r)
C:/ST/STM32CubeIDE_1.19.0/STM32CubeIDE/plugins/com.st.stm32cube.ide.mcu.externaltools.gnu-tools-for-stm32.13.3.rel1.win32_1.0.0.202411081344/tools/bin/../lib/gcc/arm-none-eabi/13.3.1/../../../../arm-none-eabi/lib/thumb/v7-m/nofp\libc_nano.a(libc_a-memset.o)
                              C:/ST/STM32CubeIDE_1.19.0/STM32CubeIDE/plugins/com.st.stm32cube.ide.mcu.externaltools.gnu-tools-for-stm32.13.3.rel1.win32_1.0.0.202411081344/tools/bin/../lib/gcc/arm-none-eabi/13.3.1/../../../../arm-none-eabi/lib/thumb/v7-m/nofp/crt0.o (memset)
C:/ST/STM32CubeIDE_1.19.0/STM32CubeIDE/plugins/com.st.stm32cube.ide.mcu.externaltools.gnu-tools-for-stm32.13.3.rel1.win32_1.0.0.202411081344/tools/bin/../lib/gcc/arm-none-eabi/13.3.1/../../../../arm-none-eabi/lib/thumb/v7-m/nofp\libc_nano.a(libc_a-closer.o)
[...]
Memory Configuration

Name             Origin             Length             Attributes
RAM              0x20000000         0x00005000         xrw
FLASH            0x08000000         0x00010000         xr
*default*        0x00000000         0xffffffff

Linker script and memory map

LOAD C:/ST/STM32CubeIDE_1.19.0/STM32CubeIDE/plugins/com.st.stm32cube.ide.mcu.externaltools.gnu-tools-for-stm32.13.3.rel1.win32_1.0.0.202411081344/tools/bin/../lib/gcc/arm-none-eabi/13.3.1/thumb/v7-m/nofp/crti.o
LOAD C:/ST/STM32CubeIDE_1.19.0/STM32CubeIDE/plugins/com.st.stm32cube.ide.mcu.externaltools.gnu-tools-for-stm32.13.3.rel1.win32_1.0.0.202411081344/tools/bin/../lib/gcc/arm-none-eabi/13.3.1/thumb/v7-m/nofp/crtbegin.o
LOAD C:/ST/STM32CubeIDE_1.19.0/STM32CubeIDE/plugins/com.st.stm32cube.ide.mcu.externaltools.gnu-tools-for-stm32.13.3.rel1.win32_1.0.0.202411081344/tools/bin/../lib/gcc/arm-none-eabi/13.3.1/../../../../arm-none-eabi/lib/thumb/v7-m/nofp/crt0.o
LOAD ./Core/Src/66122_6350.o
LOAD ./Core/Src/OEM1_Main.o
LOAD ./Core/Src/csc.o
LOAD ./Core/Src/hdmitx_drv.o
LOAD ./Core/Src/hdmitx_hdcp.o
LOAD ./Core/Src/hdmitx_input.o
LOAD ./Core/Src/hdmitx_sys.o
LOAD ./Core/Src/main.o
LOAD ./Core/Src/sha1.o
LOAD ./Core/Src/stm32f1xx_hal_msp.o
LOAD ./Core/Src/stm32f1xx_it.o
LOAD ./Core/Src/syscalls.o
LOAD ./Core/Src/sysmem.o
LOAD ./Core/Src/system_stm32f1xx.o
LOAD ./Core/Startup/startup_stm32f103c8tx.o
LOAD ./Drivers/STM32F1xx_HAL_Driver/Src/stm32f1xx_hal.o
LOAD ./Drivers/STM32F1xx_HAL_Driver/Src/stm32f1xx_hal_cortex.o
LOAD ./Drivers/STM32F1xx_HAL_Driver/Src/stm32f1xx_hal_dma.o
LOAD ./Drivers/STM32F1xx_HAL_Driver/Src/stm32f1xx_hal_exti.o
LOAD ./Drivers/STM32F1xx_HAL_Driver/Src/stm32f1xx_hal_flash.o
LOAD ./Drivers/STM32F1xx_HAL_Driver/Src/stm32f1xx_hal_flash_ex.o
LOAD ./Drivers/STM32F1xx_HAL_Driver/Src/stm32f1xx_hal_gpio.o
LOAD ./Drivers/STM32F1xx_HAL_Driver/Src/stm32f1xx_hal_gpio_ex.o
LOAD ./Drivers/STM32F1xx_HAL_Driver/Src/stm32f1xx_hal_i2c.o
LOAD ./Drivers/STM32F1xx_HAL_Driver/Src/stm32f1xx_hal_pwr.o
LOAD ./Drivers/STM32F1xx_HAL_Driver/Src/stm32f1xx_hal_rcc.o
LOAD ./Drivers/STM32F1xx_HAL_Driver/Src/stm32f1xx_hal_rcc_ex.o
LOAD ./Drivers/STM32F1xx_HAL_Driver/Src/stm32f1xx_hal_uart.o
START GROUP
LOAD C:/ST/STM32CubeIDE_1.19.0/STM32CubeIDE/plugins/com.st.stm32cube.ide.mcu.externaltools.gnu-tools-for-stm32.13.3.rel1.win32_1.0.0.202411081344/tools/bin/../lib/gcc/arm-none-eabi/13.3.1/../../../../arm-none-eabi/lib/thumb/v7-m/nofp\libc_nano.a
LOAD C:/ST/STM32CubeIDE_1.19.0/STM32CubeIDE/plugins/com.st.stm32cube.ide.mcu.externaltools.gnu-tools-for-stm32.13.3.rel1.win32_1.0.0.202411081344/tools/bin/../lib/gcc/arm-none-eabi/13.3.1/../../../../arm-none-eabi/lib/thumb/v7-m/nofp\libm.a
END GROUP
START GROUP
LOAD C:/ST/STM32CubeIDE_1.19.0/STM32CubeIDE/plugins/com.st.stm32cube.ide.mcu.externaltools.gnu-tools-for-stm32.13.3.rel1.win32_1.0.0.202411081344/tools/bin/../lib/gcc/arm-none-eabi/13.3.1/thumb/v7-m/nofp\libgcc.a
LOAD C:/ST/STM32CubeIDE_1.19.0/STM32CubeIDE/plugins/com.st.stm32cube.ide.mcu.externaltools.gnu-tools-for-stm32.13.3.rel1.win32_1.0.0.202411081344/tools/bin/../lib/gcc/arm-none-eabi/13.3.1/../../../../arm-none-eabi/lib/thumb/v7-m/nofp\libc_nano.a
END GROUP
START GROUP
LOAD C:/ST/STM32CubeIDE_1.19.0/STM32CubeIDE/plugins/com.st.stm32cube.ide.mcu.externaltools.gnu-tools-for-stm32.13.3.rel1.win32_1.0.0.202411081344/tools/bin/../lib/gcc/arm-none-eabi/13.3.1/thumb/v7-m/nofp\libgcc.a
LOAD C:/ST/STM32CubeIDE_1.19.0/STM32CubeIDE/plugins/com.st.stm32cube.ide.mcu.externaltools.gnu-tools-for-stm32.13.3.rel1.win32_1.0.0.202411081344/tools/bin/../lib/gcc/arm-none-eabi/13.3.1/../../../../arm-none-eabi/lib/thumb/v7-m/nofp\libc_nano.a
LOAD C:/ST/STM32CubeIDE_1.19.0/STM32CubeIDE/plugins/com.st.stm32cube.ide.mcu.externaltools.gnu-tools-for-stm32.13.3.rel1.win32_1.0.0.202411081344/tools/bin/../lib/gcc/arm-none-eabi/13.3.1/../../../../arm-none-eabi/lib/thumb/v7-m/nofp\libnosys.a
END GROUP
START GROUP
LOAD C:/ST/STM32CubeIDE_1.19.0/STM32CubeIDE/plugins/com.st.stm32cube.ide.mcu.externaltools.gnu-tools-for-stm32.13.3.rel1.win32_1.0.0.202411081344/tools/bin/../lib/gcc/arm-none-eabi/13.3.1/thumb/v7-m/nofp\libgcc.a
LOAD C:/ST/STM32CubeIDE_1.19.0/STM32CubeIDE/plugins/com.st.stm32cube.ide.mcu.externaltools.gnu-tools-for-stm32.13.3.rel1.win32_1.0.0.202411081344/tools/bin/../lib/gcc/arm-none-eabi/13.3.1/../../../../arm-none-eabi/lib/thumb/v7-m/nofp\libc_nano.a
LOAD C:/ST/STM32CubeIDE_1.19.0/STM32CubeIDE/plugins/com.st.stm32cube.ide.mcu.externaltools.gnu-tools-for-stm32.13.3.rel1.win32_1.0.0.202411081344/tools/bin/../lib/gcc/arm-none-eabi/13.3.1/../../../../arm-none-eabi/lib/thumb/v7-m/nofp\libnosys.a
END GROUP
LOAD C:/ST/STM32CubeIDE_1.19.0/STM32CubeIDE/plugins/com.st.stm32cube.ide.mcu.externaltools.gnu-tools-for-stm32.13.3.rel1.win32_1.0.0.202411081344/tools/bin/../lib/gcc/arm-none-eabi/13.3.1/thumb/v7-m/nofp/crtend.o
LOAD C:/ST/STM32CubeIDE_1.19.0/STM32CubeIDE/plugins/com.st.stm32cube.ide.mcu.externaltools.gnu-tools-for-stm32.13.3.rel1.win32_1.0.0.202411081344/tools/bin/../lib/gcc/arm-none-eabi/13.3.1/thumb/v7-m/nofp/crtn.o
                0x20005000                        _estack = (ORIGIN (RAM) + LENGTH (RAM))
                0x00000200                        _Min_Heap_Size = 0x200
                0x00000400                        _Min_Stack_Size = 0x400

.isr_vector     0x08000000      0x10c
                0x08000000                        . = ALIGN (0x4)
 *(.isr_vector)
 .isr_vector    0x08000000      0x10c ./Core/Startup/startup_stm32f103c8tx.o
                0x08000000                g_pfnVectors
                0x0800010c                        . = ALIGN (0x4)

.text           0x0800010c     0x9490
                0x0800010c                        . = ALIGN (0x4)
 *(.text)
 .text          0x0800010c       0x40 C:/ST/STM32CubeIDE_1.19.0/STM32CubeIDE/plugins/com.st.stm32cube.ide.mcu.externaltools.gnu-tools-for-stm32.13.3.rel1.win32_1.0.0.202411081344/tools/bin/../lib/gcc/arm-none-eabi/13.3.1/thumb/v7-m/nofp/crtbegin.o
 *(.text*)
 .text.i2c_write_byte
                0x0800014c       0x60 ./Core/Src/66122_6350.o
                0x0800014c                i2c_write_byte
 .text.i2c_read_byte
                0x080001ac       0x60 ./Core/Src/66122_6350.o
                0x080001ac                i2c_read_byte
 .text.CEC_WriteI2C_Byte
                0x0800020c       0x34 ./Core/Src/66122_6350.o
                0x0800020c                CEC_WriteI2C_Byte
 .text.CEC_ReadI2C_Byte
                0x08000240       0x22 ./Core/Src/66122_6350.o
                0x08000240                CEC_ReadI2C_Byte
 .text.HDMITX_ReadI2C_Byte
                0x08000262       0x22 ./Core/Src/66122_6350.o
                0x08000262                HDMITX_ReadI2C_Byte
 .text.HDMITX_WriteI2C_Byte
                0x08000284       0x34 ./Core/Src/66122_6350.o
                0x08000284                HDMITX_WriteI2C_Byte
 .text.HDMITX_ReadI2C_ByteN
                0x080002b8       0x34 ./Core/Src/66122_6350.o
                0x080002b8                HDMITX_ReadI2C_ByteN
 .text.HDMITX_SetI2C_Byte
                0x080002ec       0x60 ./Core/Src/66122_6350.o
                0x080002ec                HDMITX_SetI2C_Byte
 .text.OEM_1_MainLoop
                0x0800034c       0x90 ./Core/Src/OEM1_Main.o
                0x0800034c                OEM_1_MainLoop
 .text.SetDeviceVersion
                0x080003dc       0x4c ./Core/Src/hdmitx_drv.o
                0x080003dc                SetDeviceVersion
 .text.GetDeviceVersion
                0x08000428       0x14 ./Core/Src/hdmitx_drv.o
                0x08000428                GetDeviceVersion
 .text.GetInputSignalType
                0x0800043c       0x14 ./Core/Src/hdmitx_drv.o
                0x0800043c                GetInputSignalType
 .text.HDMITX_InitTxDev
                0x08000450       0x34 ./Core/Src/hdmitx_drv.o
                0x08000450                HDMITX_InitTxDev
 .text.InitHDMITX
                0x08000484       0x84 ./Core/Src/hdmitx_drv.o
                0x08000484                InitHDMITX
 .text.getHDMITX_LinkStatus
                0x08000508       0x32 ./Core/Src/hdmitx_drv.o
                0x08000508                getHDMITX_LinkStatus
 *fill*         0x0800053a        0x2 
 .text.CheckHDMITX
                0x0800053c      0x36c ./Core/Src/hdmitx_drv.o
                0x0800053c                CheckHDMITX
 .text.HDMITX_PowerOn
                0x080008a8       0x14 ./Core/Src/hdmitx_drv.o
                0x080008a8                HDMITX_PowerOn
 .text.HDMITX_PowerDown
                0x080008bc       0x14 ./Core/Src/hdmitx_drv.o
                0x080008bc                HDMITX_PowerDown
 .text.setHDMITX_AVMute
                0x080008d0       0x3a ./Core/Src/hdmitx_drv.o
                0x080008d0                setHDMITX_AVMute
 *fill*         0x0800090a        0x2 
 .text.hdmitx_LoadRegSetting
                0x0800090c      0x174 ./Core/Src/hdmitx_drv.o
                0x0800090c                hdmitx_LoadRegSetting
 .text.getHDMITX_EDIDBlock
                0x08000a80       0x4c ./Core/Src/hdmitx_drv.o
                0x08000a80                getHDMITX_EDIDBlock
 .text.getHDMITX_EDIDBytes
                0x08000acc      0x1d4 ./Core/Src/hdmitx_drv.o
                0x08000acc                getHDMITX_EDIDBytes
 .text.hdmitx_ClearDDCFIFO
                0x08000ca0       0x18 ./Core/Src/hdmitx_drv.o
                0x08000ca0                hdmitx_ClearDDCFIFO
 .text.hdmitx_GenerateDDCSCLK
                0x08000cb8       0x18 ./Core/Src/hdmitx_drv.o
                0x08000cb8                hdmitx_GenerateDDCSCLK
 .text.hdmitx_AbortDDC
                0x08000cd0       0x9c ./Core/Src/hdmitx_drv.o
                0x08000cd0                hdmitx_AbortDDC
 .text.HDMITX_DisableVideoOutput
                0x08000d6c       0x42 ./Core/Src/hdmitx_drv.o
                0x08000d6c                HDMITX_DisableVideoOutput
 *fill*         0x08000dae        0x2 
 .text.HDMITX_EnableVideoOutput
                0x08000db0       0xc4 ./Core/Src/hdmitx_drv.o
                0x08000db0                HDMITX_EnableVideoOutput
 .text.setHDMITX_VideoSignalType
                0x08000e74       0x20 ./Core/Src/hdmitx_drv.o
                0x08000e74                setHDMITX_VideoSignalType
 .text.setHDMITX_SyncEmbeddedByVIC
                0x08000e94      0x420 ./Core/Src/hdmitx_drv.o
                0x08000e94                setHDMITX_SyncEmbeddedByVIC
 .text.hdmitx_SetInputMode
                0x080012b4       0xf0 ./Core/Src/hdmitx_drv.o
                0x080012b4                hdmitx_SetInputMode
 .text.hdmitx_SetCSCScale
                0x080013a4      0x21c ./Core/Src/hdmitx_drv.o
                0x080013a4                hdmitx_SetCSCScale
 .text.hdmitx_SetupAFE
                0x080015c0      0x198 ./Core/Src/hdmitx_drv.o
                0x080015c0                hdmitx_SetupAFE
 .text.hdmitx_FireAFE
                0x08001758       0x1c ./Core/Src/hdmitx_drv.o
                0x08001758                hdmitx_FireAFE
 .text.setHDMITX_ChStat
                0x08001774       0x8c ./Core/Src/hdmitx_drv.o
                0x08001774                setHDMITX_ChStat
 .text.setHDMITX_LPCMAudio
                0x08001800      0x158 ./Core/Src/hdmitx_drv.o
                0x08001800                setHDMITX_LPCMAudio
 .text.setHDMITX_HBRAudio
                0x08001958       0xcc ./Core/Src/hdmitx_drv.o
                0x08001958                setHDMITX_HBRAudio
 .text.setHDMITX_DSDAudio
                0x08001a24       0x40 ./Core/Src/hdmitx_drv.o
                0x08001a24                setHDMITX_DSDAudio
 .text.HDMITX_DisableAudioOutput
                0x08001a64       0x30 ./Core/Src/hdmitx_drv.o
                0x08001a64                HDMITX_DisableAudioOutput
 .text.HDMITX_EnableAudioOutput
                0x08001a94      0x39c ./Core/Src/hdmitx_drv.o
                0x08001a94                HDMITX_EnableAudioOutput
 .text.setHDMITX_NCTS
                0x08001e30      0x28c ./Core/Src/hdmitx_drv.o
                0x08001e30                setHDMITX_NCTS
 .text.HDMITX_EnableVSInfoFrame
                0x080020bc       0x38 ./Core/Src/hdmitx_drv.o
                0x080020bc                HDMITX_EnableVSInfoFrame
 .text.HDMITX_EnableAVIInfoFrame
                0x080020f4       0x38 ./Core/Src/hdmitx_drv.o
                0x080020f4                HDMITX_EnableAVIInfoFrame
 .text.HDMITX_EnableAudioInfoFrame
                0x0800212c       0x38 ./Core/Src/hdmitx_drv.o
                0x0800212c                HDMITX_EnableAudioInfoFrame
 .text.hdmitx_SetAVIInfoFrame
                0x08002164      0x10a ./Core/Src/hdmitx_drv.o
                0x08002164                hdmitx_SetAVIInfoFrame
 .text.hdmitx_SetAudioInfoFrame
                0x0800226e       0xb6 ./Core/Src/hdmitx_drv.o
                0x0800226e                hdmitx_SetAudioInfoFrame
 .text.hdmitx_SetVSIInfoFrame
                0x08002324       0xb0 ./Core/Src/hdmitx_drv.o
                0x08002324                hdmitx_SetVSIInfoFrame
 .text.DumpHDMITXReg
                0x080023d4      0x1bc ./Core/Src/hdmitx_drv.o
                0x080023d4                DumpHDMITXReg
 .text.HDMITX_EnableHDCP
                0x08002590       0x40 ./Core/Src/hdmitx_hdcp.o
                0x08002590                HDMITX_EnableHDCP
 .text.getHDMITX_AuthenticationDone
                0x080025d0       0x1c ./Core/Src/hdmitx_hdcp.o
                0x080025d0                getHDMITX_AuthenticationDone
 .text.hdmitx_hdcp_ClearAuthInterrupt
                0x080025ec       0x36 ./Core/Src/hdmitx_hdcp.o
                0x080025ec                hdmitx_hdcp_ClearAuthInterrupt
 .text.hdmitx_hdcp_ResetAuth
                0x08002622       0x32 ./Core/Src/hdmitx_hdcp.o
                0x08002622                hdmitx_hdcp_ResetAuth
 .text.hdmitx_hdcp_Auth_Fire
                0x08002654       0x18 ./Core/Src/hdmitx_hdcp.o
                0x08002654                hdmitx_hdcp_Auth_Fire
 .text.hdmitx_hdcp_StartAnCipher
                0x0800266c       0x16 ./Core/Src/hdmitx_hdcp.o
                0x0800266c                hdmitx_hdcp_StartAnCipher
 .text.hdmitx_hdcp_StopAnCipher
                0x08002682       0x10 ./Core/Src/hdmitx_hdcp.o
                0x08002682                hdmitx_hdcp_StopAnCipher
 .text.hdmitx_hdcp_GenerateAn
                0x08002692       0x5c ./Core/Src/hdmitx_hdcp.o
                0x08002692                hdmitx_hdcp_GenerateAn
 *fill*         0x080026ee        0x2 
 .text.hdmitx_hdcp_GetBCaps
                0x080026f0       0xe8 ./Core/Src/hdmitx_hdcp.o
                0x080026f0                hdmitx_hdcp_GetBCaps
 .text.hdmitx_hdcp_GetBKSV
                0x080027d8       0xac ./Core/Src/hdmitx_hdcp.o
                0x080027d8                hdmitx_hdcp_GetBKSV
 .text.countbit
                0x08002884       0x42 ./Core/Src/hdmitx_hdcp.o
 .text.hdmitx_hdcp_Reset
                0x080028c6       0x46 ./Core/Src/hdmitx_hdcp.o
                0x080028c6                hdmitx_hdcp_Reset
 .text.hdmitx_hdcp_CancelRepeaterAuthenticate
                0x0800290c       0x2c ./Core/Src/hdmitx_hdcp.o
                0x0800290c                hdmitx_hdcp_CancelRepeaterAuthenticate
 .text.hdmitx_hdcp_ResumeRepeaterAuthenticate
                0x08002938       0x18 ./Core/Src/hdmitx_hdcp.o
                0x08002938                hdmitx_hdcp_ResumeRepeaterAuthenticate
 .text.hdmitx_hdcp_CheckSHA
                0x08002950      0x148 ./Core/Src/hdmitx_hdcp.o
                0x08002950                hdmitx_hdcp_CheckSHA
 .text.hdmitx_hdcp_GetKSVList
                0x08002a98       0xfc ./Core/Src/hdmitx_hdcp.o
                0x08002a98                hdmitx_hdcp_GetKSVList
 .text.hdmitx_hdcp_GetVr
                0x08002b94      0x120 ./Core/Src/hdmitx_hdcp.o
                0x08002b94                hdmitx_hdcp_GetVr
 .text.hdmitx_hdcp_GetM0
                0x08002cb4       0xf0 ./Core/Src/hdmitx_hdcp.o
                0x08002cb4                hdmitx_hdcp_GetM0
 .text.hdmitx_hdcp_ResumeAuthentication
                0x08002da4       0x18 ./Core/Src/hdmitx_hdcp.o
                0x08002da4                hdmitx_hdcp_ResumeAuthentication
 .text.hdmitx_hdcp_Authenticate
                0x08002dbc      0x270 ./Core/Src/hdmitx_hdcp.o
                0x08002dbc                hdmitx_hdcp_Authenticate
 .text.hdmitx_hdcp_Authenticate_Repeater
                0x0800302c      0x2ac ./Core/Src/hdmitx_hdcp.o
                0x0800302c                hdmitx_hdcp_Authenticate_Repeater
 .text.CalcAudFS
                0x080032d8       0x54 ./Core/Src/hdmitx_input.o
                0x080032d8                CalcAudFS
 .text.CalcPCLK
                0x0800332c      0x168 ./Core/Src/hdmitx_input.o
                0x0800332c                CalcPCLK
 .text.CalcRCLK
                0x08003494      0x118 ./Core/Src/hdmitx_input.o
                0x08003494                CalcRCLK
 .text.hdmitx_getInputHTotal
                0x080035ac       0x7a ./Core/Src/hdmitx_input.o
                0x080035ac                hdmitx_getInputHTotal
 .text.hdmitx_getInputVTotal
                0x08003626       0x5a ./Core/Src/hdmitx_input.o
                0x08003626                hdmitx_getInputVTotal
 .text.hdmitx_isInputInterlace
                0x08003680       0x42 ./Core/Src/hdmitx_input.o
                0x08003680                hdmitx_isInputInterlace
 *fill*         0x080036c2        0x2 
 .text.InitHDMITX_Variable
                0x080036c4       0x30 ./Core/Src/hdmitx_sys.o
                0x080036c4                InitHDMITX_Variable
 .text.HDMITX_SetOutput
                0x080036f4      0x170 ./Core/Src/hdmitx_sys.o
                0x080036f4                HDMITX_SetOutput
 .text.HDMITX_SetAudioOutput
                0x08003864       0x68 ./Core/Src/hdmitx_sys.o
                0x08003864                HDMITX_SetAudioOutput
 .text.HDMITX_ClearPktVidStatus
                0x080038cc       0x22 ./Core/Src/hdmitx_sys.o
 *fill*         0x080038ee        0x2 
 .text.HDMITX_DevLoopProc
                0x080038f0      0x38c ./Core/Src/hdmitx_sys.o
                0x080038f0                HDMITX_DevLoopProc
 .text.HDMITX_MonitorInputAudioChange
                0x08003c7c      0x110 ./Core/Src/hdmitx_sys.o
                0x08003c7c                HDMITX_MonitorInputAudioChange
 .text.HDMITX_SearchVICIndex
                0x08003d8c      0x448 ./Core/Src/hdmitx_sys.o
                0x08003d8c                HDMITX_SearchVICIndex
 .text.HDMITX_MonitorInputVideoChange
                0x080041d4      0x2b4 ./Core/Src/hdmitx_sys.o
                0x080041d4                HDMITX_MonitorInputVideoChange
 .text.HDMITX_ConfigAspecColorimetry
                0x08004488      0x244 ./Core/Src/hdmitx_sys.o
                0x08004488                HDMITX_ConfigAspecColorimetry
 .text.HDMITX_ChangeDisplayOption
                0x080046cc      0x658 ./Core/Src/hdmitx_sys.o
                0x080046cc                HDMITX_ChangeDisplayOption
 .text.ConfigAVIInfoFrame
                0x08004d24       0xf8 ./Core/Src/hdmitx_sys.o
                0x08004d24                ConfigAVIInfoFrame
 .text.ConfigAudioInfoFrm
                0x08004e1c       0x68 ./Core/Src/hdmitx_sys.o
                0x08004e1c                ConfigAudioInfoFrm
 .text.ConfigfHdmiVendorSpecificInfoFrame4k30
                0x08004e84       0x5c ./Core/Src/hdmitx_sys.o
                0x08004e84                ConfigfHdmiVendorSpecificInfoFrame4k30
 .text.ParseEDID
                0x08004ee0      0x204 ./Core/Src/hdmitx_sys.o
                0x08004ee0                ParseEDID
 .text.ParseCEAEDID
                0x080050e4      0x44c ./Core/Src/hdmitx_sys.o
 .text._write   0x08005530       0x28 ./Core/Src/main.o
                0x08005530                _write
 .text.Reset_ITE
                0x08005558       0x38 ./Core/Src/main.o
                0x08005558                Reset_ITE
 .text.LED_ON_OFF
                0x08005590       0x14 ./Core/Src/main.o
                0x08005590                LED_ON_OFF
 .text.main     0x080055a4       0x24 ./Core/Src/main.o
                0x080055a4                main
 .text.SystemClock_Config
                0x080055c8       0x76 ./Core/Src/main.o
                0x080055c8                SystemClock_Config
 *fill*         0x0800563e        0x2 
 .text.MX_I2C1_Init
                0x08005640       0x5c ./Core/Src/main.o
 .text.MX_USART1_UART_Init
                0x0800569c       0x54 ./Core/Src/main.o
 .text.MX_USART2_UART_Init
                0x080056f0       0x54 ./Core/Src/main.o
 .text.MX_GPIO_Init
                0x08005744       0xc8 ./Core/Src/main.o
 .text.Error_Handler
                0x0800580c        0xc ./Core/Src/main.o
                0x0800580c                Error_Handler
 .text.SHATransform
                0x08005818      0x5e4 ./Core/Src/sha1.o
                0x08005818                SHATransform
 .text.SHA_Simple
                0x08005dfc      0x17c ./Core/Src/sha1.o
                0x08005dfc                SHA_Simple
 .text.HAL_MspInit
                0x08005f78       0x64 ./Core/Src/stm32f1xx_hal_msp.o
                0x08005f78                HAL_MspInit
 .text.HAL_I2C_MspInit
                0x08005fdc       0x7c ./Core/Src/stm32f1xx_hal_msp.o
                0x08005fdc                HAL_I2C_MspInit
 .text.HAL_UART_MspInit
                0x08006058      0x108 ./Core/Src/stm32f1xx_hal_msp.o
                0x08006058                HAL_UART_MspInit
 .text.NMI_Handler
                0x08006160        0x8 ./Core/Src/stm32f1xx_it.o
                0x08006160                NMI_Handler
 .text.HardFault_Handler
                0x08006168        0x8 ./Core/Src/stm32f1xx_it.o
                0x08006168                HardFault_Handler
 .text.MemManage_Handler
                0x08006170        0x8 ./Core/Src/stm32f1xx_it.o
                0x08006170                MemManage_Handler
 .text.BusFault_Handler
                0x08006178        0x8 ./Core/Src/stm32f1xx_it.o
                0x08006178                BusFault_Handler
 .text.UsageFault_Handler
                0x08006180        0x8 ./Core/Src/stm32f1xx_it.o
                0x08006180                UsageFault_Handler
 .text.SVC_Handler
                0x08006188        0xc ./Core/Src/stm32f1xx_it.o
                0x08006188                SVC_Handler
 .text.DebugMon_Handler
                0x08006194        0xc ./Core/Src/stm32f1xx_it.o
                0x08006194                DebugMon_Handler
 .text.PendSV_Handler
                0x080061a0        0xc ./Core/Src/stm32f1xx_it.o
                0x080061a0                PendSV_Handler
 .text.SysTick_Handler
                0x080061ac        0xc ./Core/Src/stm32f1xx_it.o
                0x080061ac                SysTick_Handler
 .text._read    0x080061b8       0x3a ./Core/Src/syscalls.o
                0x080061b8                _read
 .text._close   0x080061f2       0x16 ./Core/Src/syscalls.o
                0x080061f2                _close
 .text._fstat   0x08006208       0x1e ./Core/Src/syscalls.o
                0x08006208                _fstat
 .text._isatty  0x08006226       0x14 ./Core/Src/syscalls.o
                0x08006226                _isatty
 .text._lseek   0x0800623a       0x18 ./Core/Src/syscalls.o
                0x0800623a                _lseek
 *fill*         0x08006252        0x2 
 .text._sbrk    0x08006254       0x6c ./Core/Src/sysmem.o
                0x08006254                _sbrk
 .text.SystemInit
                0x080062c0        0xc ./Core/Src/system_stm32f1xx.o
                0x080062c0                SystemInit
 .text.Reset_Handler
                0x080062cc       0x48 ./Core/Startup/startup_stm32f103c8tx.o
                0x080062cc                Reset_Handler
 .text.Default_Handler
                0x08006314        0x2 ./Core/Startup/startup_stm32f103c8tx.o
                0x08006314                RTC_Alarm_IRQHandler
                0x08006314                EXTI2_IRQHandler
                0x08006314                TIM1_CC_IRQHandler
                0x08006314                PVD_IRQHandler
                0x08006314                EXTI3_IRQHandler
                0x08006314                EXTI0_IRQHandler
                0x08006314                I2C2_EV_IRQHandler
                0x08006314                ADC1_2_IRQHandler
                0x08006314                SPI1_IRQHandler
                0x08006314                TAMPER_IRQHandler
                0x08006314                DMA1_Channel4_IRQHandler
                0x08006314                USART3_IRQHandler
                0x08006314                RTC_IRQHandler
                0x08006314                DMA1_Channel7_IRQHandler
                0x08006314                CAN1_RX1_IRQHandler
                0x08006314                TIM4_IRQHandler
                0x08006314                I2C1_EV_IRQHandler
                0x08006314                DMA1_Channel6_IRQHandler
                0x08006314                TIM3_IRQHandler
                0x08006314                RCC_IRQHandler
                0x08006314                TIM1_TRG_COM_IRQHandler
                0x08006314                DMA1_Channel1_IRQHandler
                0x08006314                Default_Handler
                0x08006314                EXTI15_10_IRQHandler
                0x08006314                EXTI9_5_IRQHandler
                0x08006314                SPI2_IRQHandler
                0x08006314                DMA1_Channel5_IRQHandler
                0x08006314                EXTI4_IRQHandler
                0x08006314                USB_LP_CAN1_RX0_IRQHandler
                0x08006314                USB_HP_CAN1_TX_IRQHandler
                0x08006314                DMA1_Channel3_IRQHandler
                0x08006314                TIM1_UP_IRQHandler
                0x08006314                WWDG_IRQHandler
                0x08006314                TIM2_IRQHandler
                0x08006314                TIM1_BRK_IRQHandler
                0x08006314                EXTI1_IRQHandler
                0x08006314                USART2_IRQHandler
                0x08006314                I2C2_ER_IRQHandler
                0x08006314                DMA1_Channel2_IRQHandler
                0x08006314                CAN1_SCE_IRQHandler
                0x08006314                FLASH_IRQHandler
                0x08006314                USART1_IRQHandler
                0x08006314                I2C1_ER_IRQHandler
                0x08006314                USBWakeUp_IRQHandler
 *fill*         0x08006316        0x2 
 .text.HAL_Init
                0x08006318       0x2c ./Drivers/STM32F1xx_HAL_Driver/Src/stm32f1xx_hal.o
                0x08006318                HAL_Init
 .text.HAL_InitTick
                0x08006344       0x60 ./Drivers/STM32F1xx_HAL_Driver/Src/stm32f1xx_hal.o
                0x08006344                HAL_InitTick
 .text.HAL_IncTick
                0x080063a4       0x24 ./Drivers/STM32F1xx_HAL_Driver/Src/stm32f1xx_hal.o
                0x080063a4                HAL_IncTick
 .text.HAL_GetTick
                0x080063c8       0x14 ./Drivers/STM32F1xx_HAL_Driver/Src/stm32f1xx_hal.o
                0x080063c8                HAL_GetTick
 .text.HAL_Delay
                0x080063dc       0x48 ./Drivers/STM32F1xx_HAL_Driver/Src/stm32f1xx_hal.o
                0x080063dc                HAL_Delay
 .text.__NVIC_SetPriorityGrouping
                0x08006424       0x48 ./Drivers/STM32F1xx_HAL_Driver/Src/stm32f1xx_hal_cortex.o
 .text.__NVIC_GetPriorityGrouping
                0x0800646c       0x1c ./Drivers/STM32F1xx_HAL_Driver/Src/stm32f1xx_hal_cortex.o
 .text.__NVIC_SetPriority
                0x08006488       0x54 ./Drivers/STM32F1xx_HAL_Driver/Src/stm32f1xx_hal_cortex.o
 .text.NVIC_EncodePriority
                0x080064dc       0x64 ./Drivers/STM32F1xx_HAL_Driver/Src/stm32f1xx_hal_cortex.o
 .text.SysTick_Config
                0x08006540       0x44 ./Drivers/STM32F1xx_HAL_Driver/Src/stm32f1xx_hal_cortex.o
 .text.HAL_NVIC_SetPriorityGrouping
                0x08006584       0x16 ./Drivers/STM32F1xx_HAL_Driver/Src/stm32f1xx_hal_cortex.o
                0x08006584                HAL_NVIC_SetPriorityGrouping
 .text.HAL_NVIC_SetPriority
                0x0800659a       0x38 ./Drivers/STM32F1xx_HAL_Driver/Src/stm32f1xx_hal_cortex.o
                0x0800659a                HAL_NVIC_SetPriority
 .text.HAL_SYSTICK_Config
                0x080065d2       0x18 ./Drivers/STM32F1xx_HAL_Driver/Src/stm32f1xx_hal_cortex.o
                0x080065d2                HAL_SYSTICK_Config
 *fill*         0x080065ea        0x2 
 .text.HAL_GPIO_Init
                0x080065ec      0x308 ./Drivers/STM32F1xx_HAL_Driver/Src/stm32f1xx_hal_gpio.o
                0x080065ec                HAL_GPIO_Init
 .text.HAL_GPIO_WritePin
                0x080068f4       0x30 ./Drivers/STM32F1xx_HAL_Driver/Src/stm32f1xx_hal_gpio.o
                0x080068f4                HAL_GPIO_WritePin
 .text.HAL_I2C_Init
                0x08006924      0x288 ./Drivers/STM32F1xx_HAL_Driver/Src/stm32f1xx_hal_i2c.o
                0x08006924                HAL_I2C_Init
 .text.HAL_I2C_Mem_Write
                0x08006bac      0x1f4 ./Drivers/STM32F1xx_HAL_Driver/Src/stm32f1xx_hal_i2c.o
                0x08006bac                HAL_I2C_Mem_Write
 .text.HAL_I2C_Mem_Read
                0x08006da0      0x4e8 ./Drivers/STM32F1xx_HAL_Driver/Src/stm32f1xx_hal_i2c.o
                0x08006da0                HAL_I2C_Mem_Read
 .text.I2C_RequestMemoryWrite
                0x08007288      0x12c ./Drivers/STM32F1xx_HAL_Driver/Src/stm32f1xx_hal_i2c.o
 .text.I2C_RequestMemoryRead
                0x080073b4      0x1d0 ./Drivers/STM32F1xx_HAL_Driver/Src/stm32f1xx_hal_i2c.o
 .text.I2C_WaitOnFlagUntilTimeout
                0x08007584       0xf4 ./Drivers/STM32F1xx_HAL_Driver/Src/stm32f1xx_hal_i2c.o
 .text.I2C_WaitOnMasterAddressFlagUntilTimeout
                0x08007678      0x140 ./Drivers/STM32F1xx_HAL_Driver/Src/stm32f1xx_hal_i2c.o
 .text.I2C_WaitOnTXEFlagUntilTimeout
                0x080077b8       0x90 ./Drivers/STM32F1xx_HAL_Driver/Src/stm32f1xx_hal_i2c.o
 .text.I2C_WaitOnBTFFlagUntilTimeout
                0x08007848       0x90 ./Drivers/STM32F1xx_HAL_Driver/Src/stm32f1xx_hal_i2c.o
 .text.I2C_WaitOnRXNEFlagUntilTimeout
                0x080078d8       0xba ./Drivers/STM32F1xx_HAL_Driver/Src/stm32f1xx_hal_i2c.o
 .text.I2C_IsAcknowledgeFailed
                0x08007992       0x5c ./Drivers/STM32F1xx_HAL_Driver/Src/stm32f1xx_hal_i2c.o
 *fill*         0x080079ee        0x2 
 .text.HAL_RCC_OscConfig
                0x080079f0      0x504 ./Drivers/STM32F1xx_HAL_Driver/Src/stm32f1xx_hal_rcc.o
                0x080079f0                HAL_RCC_OscConfig
 .text.HAL_RCC_ClockConfig
                0x08007ef4      0x1d4 ./Drivers/STM32F1xx_HAL_Driver/Src/stm32f1xx_hal_rcc.o
                0x08007ef4                HAL_RCC_ClockConfig
 .text.HAL_RCC_GetSysClockFreq
                0x080080c8       0xa8 ./Drivers/STM32F1xx_HAL_Driver/Src/stm32f1xx_hal_rcc.o
                0x080080c8                HAL_RCC_GetSysClockFreq
 .text.HAL_RCC_GetHCLKFreq
                0x08008170       0x14 ./Drivers/STM32F1xx_HAL_Driver/Src/stm32f1xx_hal_rcc.o
                0x08008170                HAL_RCC_GetHCLKFreq
 .text.HAL_RCC_GetPCLK1Freq
                0x08008184       0x28 ./Drivers/STM32F1xx_HAL_Driver/Src/stm32f1xx_hal_rcc.o
                0x08008184                HAL_RCC_GetPCLK1Freq
 .text.HAL_RCC_GetPCLK2Freq
                0x080081ac       0x28 ./Drivers/STM32F1xx_HAL_Driver/Src/stm32f1xx_hal_rcc.o
                0x080081ac                HAL_RCC_GetPCLK2Freq
 .text.RCC_Delay
                0x080081d4       0x3c ./Drivers/STM32F1xx_HAL_Driver/Src/stm32f1xx_hal_rcc.o
 .text.HAL_UART_Init
                0x08008210       0xa0 ./Drivers/STM32F1xx_HAL_Driver/Src/stm32f1xx_hal_uart.o
                0x08008210                HAL_UART_Init
 .text.HAL_UART_Transmit
                0x080082b0      0x116 ./Drivers/STM32F1xx_HAL_Driver/Src/stm32f1xx_hal_uart.o
                0x080082b0                HAL_UART_Transmit
 .text.UART_WaitOnFlagUntilTimeout
                0x080083c6       0xb2 ./Drivers/STM32F1xx_HAL_Driver/Src/stm32f1xx_hal_uart.o
 .text.UART_EndRxTransfer
                0x08008478       0xc4 ./Drivers/STM32F1xx_HAL_Driver/Src/stm32f1xx_hal_uart.o
 .text.UART_SetConfig
                0x0800853c      0x11c ./Drivers/STM32F1xx_HAL_Driver/Src/stm32f1xx_hal_uart.o
 .text.std      0x08008658       0x6c C:/ST/STM32CubeIDE_1.19.0/STM32CubeIDE/plugins/com.st.stm32cube.ide.mcu.externaltools.gnu-tools-for-stm32.13.3.rel1.win32_1.0.0.202411081344/tools/bin/../lib/gcc/arm-none-eabi/13.3.1/../../../../arm-none-eabi/lib/thumb/v7-m/nofp\libc_nano.a(libc_a-findfp.o)
 .text.stdio_exit_handler
                0x080086c4       0x18 C:/ST/STM32CubeIDE_1.19.0/STM32CubeIDE/plugins/com.st.stm32cube.ide.mcu.externaltools.gnu-tools-for-stm32.13.3.rel1.win32_1.0.0.202411081344/tools/bin/../lib/gcc/arm-none-eabi/13.3.1/../../../../arm-none-eabi/lib/thumb/v7-m/nofp\libc_nano.a(libc_a-findfp.o)
 .text.cleanup_stdio
                0x080086dc       0x40 C:/ST/STM32CubeIDE_1.19.0/STM32CubeIDE/plugins/com.st.stm32cube.ide.mcu.externaltools.gnu-tools-for-stm32.13.3.rel1.win32_1.0.0.202411081344/tools/bin/../lib/gcc/arm-none-eabi/13.3.1/../../../../arm-none-eabi/lib/thumb/v7-m/nofp\libc_nano.a(libc_a-findfp.o)
 .text.global_stdio_init.part.0
                0x0800871c       0x3c C:/ST/STM32CubeIDE_1.19.0/STM32CubeIDE/plugins/com.st.stm32cube.ide.mcu.externaltools.gnu-tools-for-stm32.13.3.rel1.win32_1.0.0.202411081344/tools/bin/../lib/gcc/arm-none-eabi/13.3.1/../../../../arm-none-eabi/lib/thumb/v7-m/nofp\libc_nano.a(libc_a-findfp.o)
 .text.__sfp_lock_acquire
                0x08008758        0xc C:/ST/STM32CubeIDE_1.19.0/STM32CubeIDE/plugins/com.st.stm32cube.ide.mcu.externaltools.gnu-tools-for-stm32.13.3.rel1.win32_1.0.0.202411081344/tools/bin/../lib/gcc/arm-none-eabi/13.3.1/../../../../arm-none-eabi/lib/thumb/v7-m/nofp\libc_nano.a(libc_a-findfp.o)
                0x08008758                __sfp_lock_acquire
 .text.__sfp_lock_release
                0x08008764        0xc C:/ST/STM32CubeIDE_1.19.0/STM32CubeIDE/plugins/com.st.stm32cube.ide.mcu.externaltools.gnu-tools-for-stm32.13.3.rel1.win32_1.0.0.202411081344/tools/bin/../lib/gcc/arm-none-eabi/13.3.1/../../../../arm-none-eabi/lib/thumb/v7-m/nofp\libc_nano.a(libc_a-findfp.o)
                0x08008764                __sfp_lock_release
 .text.__sinit  0x08008770       0x30 C:/ST/STM32CubeIDE_1.19.0/STM32CubeIDE/plugins/com.st.stm32cube.ide.mcu.externaltools.gnu-tools-for-stm32.13.3.rel1.win32_1.0.0.202411081344/tools/bin/../lib/gcc/arm-none-eabi/13.3.1/../../../../arm-none-eabi/lib/thumb/v7-m/nofp\libc_nano.a(libc_a-findfp.o)
                0x08008770                __sinit
 .text._fwalk_sglue
                0x080087a0       0x3c C:/ST/STM32CubeIDE_1.19.0/STM32CubeIDE/plugins/com.st.stm32cube.ide.mcu.externaltools.gnu-tools-for-stm32.13.3.rel1.win32_1.0.0.202411081344/tools/bin/../lib/gcc/arm-none-eabi/13.3.1/../../../../arm-none-eabi/lib/thumb/v7-m/nofp\libc_nano.a(libc_a-fwalk.o)
                0x080087a0                _fwalk_sglue
 .text.printf   0x080087dc       0x24 C:/ST/STM32CubeIDE_1.19.0/STM32CubeIDE/plugins/com.st.stm32cube.ide.mcu.externaltools.gnu-tools-for-stm32.13.3.rel1.win32_1.0.0.202411081344/tools/bin/../lib/gcc/arm-none-eabi/13.3.1/../../../../arm-none-eabi/lib/thumb/v7-m/nofp\libc_nano.a(libc_a-printf.o)
                0x080087dc                iprintf
                0x080087dc                printf
 .text._puts_r  0x08008800       0xaa C:/ST/STM32CubeIDE_1.19.0/STM32CubeIDE/plugins/com.st.stm32cube.ide.mcu.externaltools.gnu-tools-for-stm32.13.3.rel1.win32_1.0.0.202411081344/tools/bin/../lib/gcc/arm-none-eabi/13.3.1/../../../../arm-none-eabi/lib/thumb/v7-m/nofp\libc_nano.a(libc_a-puts.o)
                0x08008800                _puts_r
 *fill*         0x080088aa        0x2 
 .text.puts     0x080088ac       0x10 C:/ST/STM32CubeIDE_1.19.0/STM32CubeIDE/plugins/com.st.stm32cube.ide.mcu.externaltools.gnu-tools-for-stm32.13.3.rel1.win32_1.0.0.202411081344/tools/bin/../lib/gcc/arm-none-eabi/13.3.1/../../../../arm-none-eabi/lib/thumb/v7-m/nofp\libc_nano.a(libc_a-puts.o)
                0x080088ac                puts
 .text.__sread  0x080088bc       0x22 C:/ST/STM32CubeIDE_1.19.0/STM32CubeIDE/plugins/com.st.stm32cube.ide.mcu.externaltools.gnu-tools-for-stm32.13.3.rel1.win32_1.0.0.202411081344/tools/bin/../lib/gcc/arm-none-eabi/13.3.1/../../../../arm-none-eabi/lib/thumb/v7-m/nofp\libc_nano.a(libc_a-stdio.o)
                0x080088bc                __sread
 .text.__swrite
                0x080088de       0x38 C:/ST/STM32CubeIDE_1.19.0/STM32CubeIDE/plugins/com.st.stm32cube.ide.mcu.externaltools.gnu-tools-for-stm32.13.3.rel1.win32_1.0.0.202411081344/tools/bin/../lib/gcc/arm-none-eabi/13.3.1/../../../../arm-none-eabi/lib/thumb/v7-m/nofp\libc_nano.a(libc_a-stdio.o)
                0x080088de                __swrite
 .text.__sseek  0x08008916       0x24 C:/ST/STM32CubeIDE_1.19.0/STM32CubeIDE/plugins/com.st.stm32cube.ide.mcu.externaltools.gnu-tools-for-stm32.13.3.rel1.win32_1.0.0.202411081344/tools/bin/../lib/gcc/arm-none-eabi/13.3.1/../../../../arm-none-eabi/lib/thumb/v7-m/nofp\libc_nano.a(libc_a-stdio.o)
                0x08008916                __sseek
 .text.__sclose
                0x0800893a        0x8 C:/ST/STM32CubeIDE_1.19.0/STM32CubeIDE/plugins/com.st.stm32cube.ide.mcu.externaltools.gnu-tools-for-stm32.13.3.rel1.win32_1.0.0.202411081344/tools/bin/../lib/gcc/arm-none-eabi/13.3.1/../../../../arm-none-eabi/lib/thumb/v7-m/nofp\libc_nano.a(libc_a-stdio.o)
                0x0800893a                __sclose
 .text.__swbuf_r
                0x08008942       0x7c C:/ST/STM32CubeIDE_1.19.0/STM32CubeIDE/plugins/com.st.stm32cube.ide.mcu.externaltools.gnu-tools-for-stm32.13.3.rel1.win32_1.0.0.202411081344/tools/bin/../lib/gcc/arm-none-eabi/13.3.1/../../../../arm-none-eabi/lib/thumb/v7-m/nofp\libc_nano.a(libc_a-wbuf.o)
                0x08008942                __swbuf_r
 *fill*         0x080089be        0x2 
 .text.__swsetup_r
                0x080089c0       0xac C:/ST/STM32CubeIDE_1.19.0/STM32CubeIDE/plugins/com.st.stm32cube.ide.mcu.externaltools.gnu-tools-for-stm32.13.3.rel1.win32_1.0.0.202411081344/tools/bin/../lib/gcc/arm-none-eabi/13.3.1/../../../../arm-none-eabi/lib/thumb/v7-m/nofp\libc_nano.a(libc_a-wsetup.o)
                0x080089c0                __swsetup_r
 .text.memset   0x08008a6c       0x10 C:/ST/STM32CubeIDE_1.19.0/STM32CubeIDE/plugins/com.st.stm32cube.ide.mcu.externaltools.gnu-tools-for-stm32.13.3.rel1.win32_1.0.0.202411081344/tools/bin/../lib/gcc/arm-none-eabi/13.3.1/../../../../arm-none-eabi/lib/thumb/v7-m/nofp\libc_nano.a(libc_a-memset.o)
                0x08008a6c                memset
 .text._close_r
                0x08008a7c       0x20 C:/ST/STM32CubeIDE_1.19.0/STM32CubeIDE/plugins/com.st.stm32cube.ide.mcu.externaltools.gnu-tools-for-stm32.13.3.rel1.win32_1.0.0.202411081344/tools/bin/../lib/gcc/arm-none-eabi/13.3.1/../../../../arm-none-eabi/lib/thumb/v7-m/nofp\libc_nano.a(libc_a-closer.o)
                0x08008a7c                _close_r
 .text._lseek_r
                0x08008a9c       0x24 C:/ST/STM32CubeIDE_1.19.0/STM32CubeIDE/plugins/com.st.stm32cube.ide.mcu.externaltools.gnu-tools-for-stm32.13.3.rel1.win32_1.0.0.202411081344/tools/bin/../lib/gcc/arm-none-eabi/13.3.1/../../../../arm-none-eabi/lib/thumb/v7-m/nofp\libc_nano.a(libc_a-lseekr.o)
                0x08008a9c                _lseek_r
 .text._read_r  0x08008ac0       0x24 C:/ST/STM32CubeIDE_1.19.0/STM32CubeIDE/plugins/com.st.stm32cube.ide.mcu.externaltools.gnu-tools-for-stm32.13.3.rel1.win32_1.0.0.202411081344/tools/bin/../lib/gcc/arm-none-eabi/13.3.1/../../../../arm-none-eabi/lib/thumb/v7-m/nofp\libc_nano.a(libc_a-readr.o)
                0x08008ac0                _read_r
 .text._write_r
                0x08008ae4       0x24 C:/ST/STM32CubeIDE_1.19.0/STM32CubeIDE/plugins/com.st.stm32cube.ide.mcu.externaltools.gnu-tools-for-stm32.13.3.rel1.win32_1.0.0.202411081344/tools/bin/../lib/gcc/arm-none-eabi/13.3.1/../../../../arm-none-eabi/lib/thumb/v7-m/nofp\libc_nano.a(libc_a-writer.o)
                0x08008ae4                _write_r
 .text.__errno  0x08008b08        0xc C:/ST/STM32CubeIDE_1.19.0/STM32CubeIDE/plugins/com.st.stm32cube.ide.mcu.externaltools.gnu-tools-for-stm32.13.3.rel1.win32_1.0.0.202411081344/tools/bin/../lib/gcc/arm-none-eabi/13.3.1/../../../../arm-none-eabi/lib/thumb/v7-m/nofp\libc_nano.a(libc_a-errno.o)
                0x08008b08                __errno
 .text.__libc_init_array
                0x08008b14       0x48 C:/ST/STM32CubeIDE_1.19.0/STM32CubeIDE/plugins/com.st.stm32cube.ide.mcu.externaltools.gnu-tools-for-stm32.13.3.rel1.win32_1.0.0.202411081344/tools/bin/../lib/gcc/arm-none-eabi/13.3.1/../../../../arm-none-eabi/lib/thumb/v7-m/nofp\libc_nano.a(libc_a-init.o)
                0x08008b14                __libc_init_array
 .text.__retarget_lock_init_recursive
                0x08008b5c        0x2 C:/ST/STM32CubeIDE_1.19.0/STM32CubeIDE/plugins/com.st.stm32cube.ide.mcu.externaltools.gnu-tools-for-stm32.13.3.rel1.win32_1.0.0.202411081344/tools/bin/../lib/gcc/arm-none-eabi/13.3.1/../../../../arm-none-eabi/lib/thumb/v7-m/nofp\libc_nano.a(libc_a-lock.o)
                0x08008b5c                __retarget_lock_init_recursive
 .text.__retarget_lock_acquire_recursive
                0x08008b5e        0x2 C:/ST/STM32CubeIDE_1.19.0/STM32CubeIDE/plugins/com.st.stm32cube.ide.mcu.externaltools.gnu-tools-for-stm32.13.3.rel1.win32_1.0.0.202411081344/tools/bin/../lib/gcc/arm-none-eabi/13.3.1/../../../../arm-none-eabi/lib/thumb/v7-m/nofp\libc_nano.a(libc_a-lock.o)
                0x08008b5e                __retarget_lock_acquire_recursive
 .text.__retarget_lock_release_recursive
                0x08008b60        0x2 C:/ST/STM32CubeIDE_1.19.0/STM32CubeIDE/plugins/com.st.stm32cube.ide.mcu.externaltools.gnu-tools-for-stm32.13.3.rel1.win32_1.0.0.202411081344/tools/bin/../lib/gcc/arm-none-eabi/13.3.1/../../../../arm-none-eabi/lib/thumb/v7-m/nofp\libc_nano.a(libc_a-lock.o)
                0x08008b60                __retarget_lock_release_recursive
 *fill*         0x08008b62        0x2 
 .text._free_r  0x08008b64       0x90 C:/ST/STM32CubeIDE_1.19.0/STM32CubeIDE/plugins/com.st.stm32cube.ide.mcu.externaltools.gnu-tools-for-stm32.13.3.rel1.win32_1.0.0.202411081344/tools/bin/../lib/gcc/arm-none-eabi/13.3.1/../../../../arm-none-eabi/lib/thumb/v7-m/nofp\libc_nano.a(libc_a-freer.o)
                0x08008b64                _free_r
 .text.sbrk_aligned
                0x08008bf4       0x44 C:/ST/STM32CubeIDE_1.19.0/STM32CubeIDE/plugins/com.st.stm32cube.ide.mcu.externaltools.gnu-tools-for-stm32.13.3.rel1.win32_1.0.0.202411081344/tools/bin/../lib/gcc/arm-none-eabi/13.3.1/../../../../arm-none-eabi/lib/thumb/v7-m/nofp\libc_nano.a(libc_a-mallocr.o)
 .text._malloc_r
                0x08008c38      0x100 C:/ST/STM32CubeIDE_1.19.0/STM32CubeIDE/plugins/com.st.stm32cube.ide.mcu.externaltools.gnu-tools-for-stm32.13.3.rel1.win32_1.0.0.202411081344/tools/bin/../lib/gcc/arm-none-eabi/13.3.1/../../../../arm-none-eabi/lib/thumb/v7-m/nofp\libc_nano.a(libc_a-mallocr.o)
                0x08008c38                _malloc_r
 .text.__malloc_lock
                0x08008d38        0xc C:/ST/STM32CubeIDE_1.19.0/STM32CubeIDE/plugins/com.st.stm32cube.ide.mcu.externaltools.gnu-tools-for-stm32.13.3.rel1.win32_1.0.0.202411081344/tools/bin/../lib/gcc/arm-none-eabi/13.3.1/../../../../arm-none-eabi/lib/thumb/v7-m/nofp\libc_nano.a(libc_a-mlock.o)
                0x08008d38                __malloc_lock
 .text.__malloc_unlock
                0x08008d44        0xc C:/ST/STM32CubeIDE_1.19.0/STM32CubeIDE/plugins/com.st.stm32cube.ide.mcu.externaltools.gnu-tools-for-stm32.13.3.rel1.win32_1.0.0.202411081344/tools/bin/../lib/gcc/arm-none-eabi/13.3.1/../../../../arm-none-eabi/lib/thumb/v7-m/nofp\libc_nano.a(libc_a-mlock.o)
                0x08008d44                __malloc_unlock
 .text.__sfputc_r
                0x08008d50       0x2a C:/ST/STM32CubeIDE_1.19.0/STM32CubeIDE/plugins/com.st.stm32cube.ide.mcu.externaltools.gnu-tools-for-stm32.13.3.rel1.win32_1.0.0.202411081344/tools/bin/../lib/gcc/arm-none-eabi/13.3.1/../../../../arm-none-eabi/lib/thumb/v7-m/nofp\libc_nano.a(libc_a-nano-vfprintf.o)
 .text.__sfputs_r
                0x08008d7a       0x24 C:/ST/STM32CubeIDE_1.19.0/STM32CubeIDE/plugins/com.st.stm32cube.ide.mcu.externaltools.gnu-tools-for-stm32.13.3.rel1.win32_1.0.0.202411081344/tools/bin/../lib/gcc/arm-none-eabi/13.3.1/../../../../arm-none-eabi/lib/thumb/v7-m/nofp\libc_nano.a(libc_a-nano-vfprintf.o)
                0x08008d7a                __sfputs_r
 *fill*         0x08008d9e        0x2 
 .text._vfprintf_r
                0x08008da0      0x230 C:/ST/STM32CubeIDE_1.19.0/STM32CubeIDE/plugins/com.st.stm32cube.ide.mcu.externaltools.gnu-tools-for-stm32.13.3.rel1.win32_1.0.0.202411081344/tools/bin/../lib/gcc/arm-none-eabi/13.3.1/../../../../arm-none-eabi/lib/thumb/v7-m/nofp\libc_nano.a(libc_a-nano-vfprintf.o)
                0x08008da0                _vfprintf_r
                0x08008da0                _vfiprintf_r
 .text._printf_common
                0x08008fd0       0xe4 C:/ST/STM32CubeIDE_1.19.0/STM32CubeIDE/plugins/com.st.stm32cube.ide.mcu.externaltools.gnu-tools-for-stm32.13.3.rel1.win32_1.0.0.202411081344/tools/bin/../lib/gcc/arm-none-eabi/13.3.1/../../../../arm-none-eabi/lib/thumb/v7-m/nofp\libc_nano.a(libc_a-nano-vfprintf_i.o)
                0x08008fd0                _printf_common
 .text._printf_i
                0x080090b4      0x23c C:/ST/STM32CubeIDE_1.19.0/STM32CubeIDE/plugins/com.st.stm32cube.ide.mcu.externaltools.gnu-tools-for-stm32.13.3.rel1.win32_1.0.0.202411081344/tools/bin/../lib/gcc/arm-none-eabi/13.3.1/../../../../arm-none-eabi/lib/thumb/v7-m/nofp\libc_nano.a(libc_a-nano-vfprintf_i.o)
                0x080090b4                _printf_i
 .text.__sflush_r
                0x080092f0      0x100 C:/ST/STM32CubeIDE_1.19.0/STM32CubeIDE/plugins/com.st.stm32cube.ide.mcu.externaltools.gnu-tools-for-stm32.13.3.rel1.win32_1.0.0.202411081344/tools/bin/../lib/gcc/arm-none-eabi/13.3.1/../../../../arm-none-eabi/lib/thumb/v7-m/nofp\libc_nano.a(libc_a-fflush.o)
                0x080092f0                __sflush_r
 .text._fflush_r
                0x080093f0       0x50 C:/ST/STM32CubeIDE_1.19.0/STM32CubeIDE/plugins/com.st.stm32cube.ide.mcu.externaltools.gnu-tools-for-stm32.13.3.rel1.win32_1.0.0.202411081344/tools/bin/../lib/gcc/arm-none-eabi/13.3.1/../../../../arm-none-eabi/lib/thumb/v7-m/nofp\libc_nano.a(libc_a-fflush.o)
                0x080093f0                _fflush_r
 .text.__swhatbuf_r
                0x08009440       0x4a C:/ST/STM32CubeIDE_1.19.0/STM32CubeIDE/plugins/com.st.stm32cube.ide.mcu.externaltools.gnu-tools-for-stm32.13.3.rel1.win32_1.0.0.202411081344/tools/bin/../lib/gcc/arm-none-eabi/13.3.1/../../../../arm-none-eabi/lib/thumb/v7-m/nofp\libc_nano.a(libc_a-makebuf.o)
                0x08009440                __swhatbuf_r
 .text.__smakebuf_r
                0x0800948a       0x78 C:/ST/STM32CubeIDE_1.19.0/STM32CubeIDE/plugins/com.st.stm32cube.ide.mcu.externaltools.gnu-tools-for-stm32.13.3.rel1.win32_1.0.0.202411081344/tools/bin/../lib/gcc/arm-none-eabi/13.3.1/../../../../arm-none-eabi/lib/thumb/v7-m/nofp\libc_nano.a(libc_a-makebuf.o)
                0x0800948a                __smakebuf_r
 *fill*         0x08009502        0x2 
 .text._fstat_r
                0x08009504       0x24 C:/ST/STM32CubeIDE_1.19.0/STM32CubeIDE/plugins/com.st.stm32cube.ide.mcu.externaltools.gnu-tools-for-stm32.13.3.rel1.win32_1.0.0.202411081344/tools/bin/../lib/gcc/arm-none-eabi/13.3.1/../../../../arm-none-eabi/lib/thumb/v7-m/nofp\libc_nano.a(libc_a-fstatr.o)
                0x08009504                _fstat_r
 .text._isatty_r
                0x08009528       0x20 C:/ST/STM32CubeIDE_1.19.0/STM32CubeIDE/plugins/com.st.stm32cube.ide.mcu.externaltools.gnu-tools-for-stm32.13.3.rel1.win32_1.0.0.202411081344/tools/bin/../lib/gcc/arm-none-eabi/13.3.1/../../../../arm-none-eabi/lib/thumb/v7-m/nofp\libc_nano.a(libc_a-isattyr.o)
                0x08009528                _isatty_r
 .text._sbrk_r  0x08009548       0x20 C:/ST/STM32CubeIDE_1.19.0/STM32CubeIDE/plugins/com.st.stm32cube.ide.mcu.externaltools.gnu-tools-for-stm32.13.3.rel1.win32_1.0.0.202411081344/tools/bin/../lib/gcc/arm-none-eabi/13.3.1/../../../../arm-none-eabi/lib/thumb/v7-m/nofp\libc_nano.a(libc_a-sbrkr.o)
                0x08009548                _sbrk_r
 .text.memchr   0x08009568       0x1c C:/ST/STM32CubeIDE_1.19.0/STM32CubeIDE/plugins/com.st.stm32cube.ide.mcu.externaltools.gnu-tools-for-stm32.13.3.rel1.win32_1.0.0.202411081344/tools/bin/../lib/gcc/arm-none-eabi/13.3.1/../../../../arm-none-eabi/lib/thumb/v7-m/nofp\libc_nano.a(libc_a-memchr-stub.o)
                0x08009568                memchr
 *(.glue_7)
 .glue_7        0x08009584        0x0 linker stubs
 *(.glue_7t)
 .glue_7t       0x08009584        0x0 linker stubs
 *(.eh_frame)
 .eh_frame      0x08009584        0x0 C:/ST/STM32CubeIDE_1.19.0/STM32CubeIDE/plugins/com.st.stm32cube.ide.mcu.externaltools.gnu-tools-for-stm32.13.3.rel1.win32_1.0.0.202411081344/tools/bin/../lib/gcc/arm-none-eabi/13.3.1/thumb/v7-m/nofp/crtbegin.o
 *(.init)
 .init          0x08009584        0x4 C:/ST/STM32CubeIDE_1.19.0/STM32CubeIDE/plugins/com.st.stm32cube.ide.mcu.externaltools.gnu-tools-for-stm32.13.3.rel1.win32_1.0.0.202411081344/tools/bin/../lib/gcc/arm-none-eabi/13.3.1/thumb/v7-m/nofp/crti.o
                0x08009584                _init
 .init          0x08009588        0x8 C:/ST/STM32CubeIDE_1.19.0/STM32CubeIDE/plugins/com.st.stm32cube.ide.mcu.externaltools.gnu-tools-for-stm32.13.3.rel1.win32_1.0.0.202411081344/tools/bin/../lib/gcc/arm-none-eabi/13.3.1/thumb/v7-m/nofp/crtn.o
 *(.fini)
 .fini          0x08009590        0x4 C:/ST/STM32CubeIDE_1.19.0/STM32CubeIDE/plugins/com.st.stm32cube.ide.mcu.externaltools.gnu-tools-for-stm32.13.3.rel1.win32_1.0.0.202411081344/tools/bin/../lib/gcc/arm-none-eabi/13.3.1/thumb/v7-m/nofp/crti.o
                0x08009590                _fini
 .fini          0x08009594        0x8 C:/ST/STM32CubeIDE_1.19.0/STM32CubeIDE/plugins/com.st.stm32cube.ide.mcu.externaltools.gnu-tools-for-stm32.13.3.rel1.win32_1.0.0.202411081344/tools/bin/../lib/gcc/arm-none-eabi/13.3.1/thumb/v7-m/nofp/crtn.o
                0x0800959c                        . = ALIGN (0x4)
                0x0800959c                        _etext = .

.vfp11_veneer   0x0800959c        0x0
 .vfp11_veneer  0x0800959c        0x0 linker stubs

.v4_bx          0x0800959c        0x0
 .v4_bx         0x0800959c        0x0 linker stubs

.iplt           0x0800959c        0x0
 .iplt          0x0800959c        0x0 C:/ST/STM32CubeIDE_1.19.0/STM32CubeIDE/plugins/com.st.stm32cube.ide.mcu.externaltools.gnu-tools-for-stm32.13.3.rel1.win32_1.0.0.202411081344/tools/bin/../lib/gcc/arm-none-eabi/13.3.1/thumb/v7-m/nofp/crtbegin.o

.rodata         0x0800959c     0x2888
                0x0800959c                        . = ALIGN (0x4)
 *(.rodata)
 .rodata        0x0800959c       0x7c ./Core/Src/66122_6350.o
 .rodata        0x08009618      0x20e ./Core/Src/OEM1_Main.o
 *fill*         0x08009826        0x2 
 .rodata        0x08009828      0x8d3 ./Core/Src/hdmitx_drv.o
 *fill*         0x0800a0fb        0x1 
 .rodata        0x0800a0fc      0x512 ./Core/Src/hdmitx_hdcp.o
 *fill*         0x0800a60e        0x2 
 .rodata        0x0800a610       0x6a ./Core/Src/hdmitx_input.o
 *fill*         0x0800a67a        0x2 
 .rodata        0x0800a67c      0x45d ./Core/Src/hdmitx_sys.o
 *fill*         0x0800aad9        0x3 
 .rodata        0x0800aadc       0x3b ./Core/Src/main.o
 *(.rodata*)
 *fill*         0x0800ab17        0x1 
 .rodata.bCSCMtx_YUV2RGB_ITU601_16_235
                0x0800ab18       0x15 ./Core/Src/csc.o
                0x0800ab18                bCSCMtx_YUV2RGB_ITU601_16_235
 *fill*         0x0800ab2d        0x3 
 .rodata.bCSCMtx_YUV2RGB_ITU601_0_255
                0x0800ab30       0x15 ./Core/Src/csc.o
                0x0800ab30                bCSCMtx_YUV2RGB_ITU601_0_255
 *fill*         0x0800ab45        0x3 
 .rodata.bCSCMtx_YUV2RGB_ITU709_16_235
                0x0800ab48       0x15 ./Core/Src/csc.o
                0x0800ab48                bCSCMtx_YUV2RGB_ITU709_16_235
 *fill*         0x0800ab5d        0x3 
 .rodata.bCSCMtx_YUV2RGB_ITU709_0_255
                0x0800ab60       0x15 ./Core/Src/csc.o
                0x0800ab60                bCSCMtx_YUV2RGB_ITU709_0_255
 *fill*         0x0800ab75        0x3 
 .rodata.HDMITX_Init_Table
                0x0800ab78       0x6c ./Core/Src/hdmitx_drv.o
                0x0800ab78                HDMITX_Init_Table
 .rodata.HDMITX_DefaultVideo_Table
                0x0800abe4       0x51 ./Core/Src/hdmitx_drv.o
                0x0800abe4                HDMITX_DefaultVideo_Table
 *fill*         0x0800ac35        0x3 
 .rodata.HDMITX_SetHDMI_Table
                0x0800ac38        0xc ./Core/Src/hdmitx_drv.o
                0x0800ac38                HDMITX_SetHDMI_Table
 .rodata.HDMITX_DefaultAVIInfo_Table
                0x0800ac44       0x36 ./Core/Src/hdmitx_drv.o
                0x0800ac44                HDMITX_DefaultAVIInfo_Table
 *fill*         0x0800ac7a        0x2 
 .rodata.HDMITX_DeaultAudioInfo_Table
                0x0800ac7c       0x1e ./Core/Src/hdmitx_drv.o
                0x0800ac7c                HDMITX_DeaultAudioInfo_Table
 *fill*         0x0800ac9a        0x2 
 .rodata.HDMITX_Aud_CHStatus_LPCM_20bit_48Khz
                0x0800ac9c       0x24 ./Core/Src/hdmitx_drv.o
                0x0800ac9c                HDMITX_Aud_CHStatus_LPCM_20bit_48Khz
 .rodata.HDMITX_AUD_SPDIF_2ch_24bit
                0x0800acc0       0x1e ./Core/Src/hdmitx_drv.o
                0x0800acc0                HDMITX_AUD_SPDIF_2ch_24bit
 *fill*         0x0800acde        0x2 
 .rodata.HDMITX_PwrDown_Table
                0x0800ace0       0x21 ./Core/Src/hdmitx_drv.o
                0x0800ace0                HDMITX_PwrDown_Table
 *fill*         0x0800ad01        0x3 
 .rodata.HDMITX_PwrOn_Table
                0x0800ad04       0x21 ./Core/Src/hdmitx_drv.o
                0x0800ad04                HDMITX_PwrOn_Table
 *fill*         0x0800ad25        0x3 
 .rodata.TimingTable
                0x0800ad28      0x1f8 ./Core/Src/hdmitx_drv.o
                0x0800ad28                TimingTable
 .rodata.InstanceData
                0x0800af20       0x18 ./Core/Src/hdmitx_sys.o
                0x0800af20                InstanceData
 .rodata.s_VMTable
                0x0800af38      0xe8c ./Core/Src/hdmitx_sys.o
 .rodata.AHBPrescTable
                0x0800bdc4       0x10 ./Core/Src/system_stm32f1xx.o
                0x0800bdc4                AHBPrescTable
 .rodata.APBPrescTable
                0x0800bdd4        0x8 ./Core/Src/system_stm32f1xx.o
                0x0800bdd4                APBPrescTable
 .rodata.aPLLMULFactorTable.1
                0x0800bddc       0x10 ./Drivers/STM32F1xx_HAL_Driver/Src/stm32f1xx_hal_rcc.o
 .rodata.aPredivFactorTable.0
                0x0800bdec        0x2 ./Drivers/STM32F1xx_HAL_Driver/Src/stm32f1xx_hal_rcc.o
 .rodata._vfprintf_r.str1.1
                0x0800bdee       0x33 C:/ST/STM32CubeIDE_1.19.0/STM32CubeIDE/plugins/com.st.stm32cube.ide.mcu.externaltools.gnu-tools-for-stm32.13.3.rel1.win32_1.0.0.202411081344/tools/bin/../lib/gcc/arm-none-eabi/13.3.1/../../../../arm-none-eabi/lib/thumb/v7-m/nofp\libc_nano.a(libc_a-nano-vfprintf.o)
                                 0x11 (size before relaxing)
 .rodata._printf_i.str1.1
                0x0800be21       0x22 C:/ST/STM32CubeIDE_1.19.0/STM32CubeIDE/plugins/com.st.stm32cube.ide.mcu.externaltools.gnu-tools-for-stm32.13.3.rel1.win32_1.0.0.202411081344/tools/bin/../lib/gcc/arm-none-eabi/13.3.1/../../../../arm-none-eabi/lib/thumb/v7-m/nofp\libc_nano.a(libc_a-nano-vfprintf_i.o)
                0x0800be44                        . = ALIGN (0x4)
 *fill*         0x0800be21        0x3 

.ARM.extab      0x0800be24        0x0
                0x0800be24                        . = ALIGN (0x4)
 *(.ARM.extab* .gnu.linkonce.armextab.*)
                0x0800be24                        . = ALIGN (0x4)

.ARM            0x0800be24        0x0
                0x0800be24                        . = ALIGN (0x4)
                0x0800be24                        __exidx_start = .
 *(.ARM.exidx*)
                0x0800be24                        __exidx_end = .
                0x0800be24                        . = ALIGN (0x4)

.preinit_array  0x0800be24        0x0
                0x0800be24                        . = ALIGN (0x4)
                0x0800be24                        PROVIDE (__preinit_array_start = .)
 *(.preinit_array*)
                0x0800be24                        PROVIDE (__preinit_array_end = .)
                0x0800be24                        . = ALIGN (0x4)

.init_array     0x0800be24        0x4
                0x0800be24                        . = ALIGN (0x4)
                0x0800be24                        PROVIDE (__init_array_start = .)
 *(SORT_BY_NAME(.init_array.*))
 *(.init_array*)
 .init_array    0x0800be24        0x4 C:/ST/STM32CubeIDE_1.19.0/STM32CubeIDE/plugins/com.st.stm32cube.ide.mcu.externaltools.gnu-tools-for-stm32.13.3.rel1.win32_1.0.0.202411081344/tools/bin/../lib/gcc/arm-none-eabi/13.3.1/thumb/v7-m/nofp/crtbegin.o
                0x0800be28                        PROVIDE (__init_array_end = .)
                0x0800be28                        . = ALIGN (0x4)

.fini_array     0x0800be28        0x4
                0x0800be28                        . = ALIGN (0x4)
                [!provide]                        PROVIDE (__fini_array_start = .)
 *(SORT_BY_NAME(.fini_array.*))
 *(.fini_array*)
 .fini_array    0x0800be28        0x4 C:/ST/STM32CubeIDE_1.19.0/STM32CubeIDE/plugins/com.st.stm32cube.ide.mcu.externaltools.gnu-tools-for-stm32.13.3.rel1.win32_1.0.0.202411081344/tools/bin/../lib/gcc/arm-none-eabi/13.3.1/thumb/v7-m/nofp/crtbegin.o
                [!provide]                        PROVIDE (__fini_array_end = .)
                0x0800be2c                        . = ALIGN (0x4)
                0x0800be2c                        _sidata = LOADADDR (.data)

.rel.dyn        0x0800be2c        0x0
 .rel.iplt      0x0800be2c        0x0 C:/ST/STM32CubeIDE_1.19.0/STM32CubeIDE/plugins/com.st.stm32cube.ide.mcu.externaltools.gnu-tools-for-stm32.13.3.rel1.win32_1.0.0.202411081344/tools/bin/../lib/gcc/arm-none-eabi/13.3.1/thumb/v7-m/nofp/crtbegin.o

.data           0x20000000       0x74 load address 0x0800be2c
                0x20000000                        . = ALIGN (0x4)
                0x20000000                        _sdata = .
 *(.data)
 *(.data*)
 .data.bInputColorMode
                0x20000000        0x1 ./Core/Src/hdmitx_sys.o
                0x20000000                bInputColorMode
 .data.OutputColorDepth
                0x20000001        0x1 ./Core/Src/hdmitx_sys.o
                0x20000001                OutputColorDepth
 .data.bOutputColorMode
                0x20000002        0x1 ./Core/Src/hdmitx_sys.o
                0x20000002                bOutputColorMode
 *fill*         0x20000003        0x1 
 .data.ulAudioSampleFS
                0x20000004        0x4 ./Core/Src/hdmitx_sys.o
                0x20000004                ulAudioSampleFS
 .data.bOutputAudioChannel
                0x20000008        0x1 ./Core/Src/hdmitx_sys.o
                0x20000008                bOutputAudioChannel
 .data.bOutputAudioType
                0x20000009        0x1 ./Core/Src/hdmitx_sys.o
                0x20000009                bOutputAudioType
 *fill*         0x2000000a        0x2 
 .data.SystemCoreClock
                0x2000000c        0x4 ./Core/Src/system_stm32f1xx.o
                0x2000000c                SystemCoreClock
 .data.uwTickPrio
                0x20000010        0x4 ./Drivers/STM32F1xx_HAL_Driver/Src/stm32f1xx_hal.o
                0x20000010                uwTickPrio
 .data.uwTickFreq
                0x20000014        0x1 ./Drivers/STM32F1xx_HAL_Driver/Src/stm32f1xx_hal.o
                0x20000014                uwTickFreq
 *fill*         0x20000015        0x3 
 .data.__sglue  0x20000018        0xc C:/ST/STM32CubeIDE_1.19.0/STM32CubeIDE/plugins/com.st.stm32cube.ide.mcu.externaltools.gnu-tools-for-stm32.13.3.rel1.win32_1.0.0.202411081344/tools/bin/../lib/gcc/arm-none-eabi/13.3.1/../../../../arm-none-eabi/lib/thumb/v7-m/nofp\libc_nano.a(libc_a-findfp.o)
                0x20000018                __sglue
 .data._impure_ptr
                0x20000024        0x4 C:/ST/STM32CubeIDE_1.19.0/STM32CubeIDE/plugins/com.st.stm32cube.ide.mcu.externaltools.gnu-tools-for-stm32.13.3.rel1.win32_1.0.0.202411081344/tools/bin/../lib/gcc/arm-none-eabi/13.3.1/../../../../arm-none-eabi/lib/thumb/v7-m/nofp\libc_nano.a(libc_a-impure.o)
                0x20000024                _impure_ptr
 .data._impure_data
                0x20000028       0x4c C:/ST/STM32CubeIDE_1.19.0/STM32CubeIDE/plugins/com.st.stm32cube.ide.mcu.externaltools.gnu-tools-for-stm32.13.3.rel1.win32_1.0.0.202411081344/tools/bin/../lib/gcc/arm-none-eabi/13.3.1/../../../../arm-none-eabi/lib/thumb/v7-m/nofp\libc_nano.a(libc_a-impure.o)
                0x20000028                _impure_data
 *(.RamFunc)
 *(.RamFunc*)
                0x20000074                        . = ALIGN (0x4)
                0x20000074                        _edata = .

.igot.plt       0x20000074        0x0 load address 0x0800bea0
 .igot.plt      0x20000074        0x0 C:/ST/STM32CubeIDE_1.19.0/STM32CubeIDE/plugins/com.st.stm32cube.ide.mcu.externaltools.gnu-tools-for-stm32.13.3.rel1.win32_1.0.0.202411081344/tools/bin/../lib/gcc/arm-none-eabi/13.3.1/thumb/v7-m/nofp/crtbegin.o
                0x20000074                        . = ALIGN (0x4)

.bss            0x20000074      0x444 load address 0x0800bea0
                0x20000074                        _sbss = .
                0x20000074                        __bss_start__ = _sbss
 *(.bss)
 .bss           0x20000074       0x1c C:/ST/STM32CubeIDE_1.19.0/STM32CubeIDE/plugins/com.st.stm32cube.ide.mcu.externaltools.gnu-tools-for-stm32.13.3.rel1.win32_1.0.0.202411081344/tools/bin/../lib/gcc/arm-none-eabi/13.3.1/thumb/v7-m/nofp/crtbegin.o
 *(.bss*)
 .bss.g_main_state
                0x20000090        0x4 ./Core/Src/OEM1_Main.o
                0x20000090                g_main_state
 .bss.hdmiTxDev
                0x20000094       0x18 ./Core/Src/hdmitx_drv.o
                0x20000094                hdmiTxDev
 .bss.AudioDelayCnt
                0x200000ac        0x1 ./Core/Src/hdmitx_drv.o
                0x200000ac                AudioDelayCnt
 .bss.LastRefaudfreqnum
                0x200000ad        0x1 ./Core/Src/hdmitx_drv.o
                0x200000ad                LastRefaudfreqnum
 .bss.bForceCTS
                0x200000ae        0x1 ./Core/Src/hdmitx_drv.o
                0x200000ae                bForceCTS
 *fill*         0x200000af        0x1 
 .bss.Ri_Count.2
                0x200000b0        0x4 ./Core/Src/hdmitx_drv.o
 .bss.ucIEC60958ChStat.1
                0x200000b4        0x5 ./Core/Src/hdmitx_drv.o
 *fill*         0x200000b9        0x3 
 .bss.SHABuff   0x200000bc       0x40 ./Core/Src/hdmitx_hdcp.o
                0x200000bc                SHABuff
 .bss.V         0x200000fc       0x14 ./Core/Src/hdmitx_hdcp.o
                0x200000fc                V
 .bss.KSVList   0x20000110       0x20 ./Core/Src/hdmitx_hdcp.o
                0x20000110                KSVList
 .bss.Vr        0x20000130       0x14 ./Core/Src/hdmitx_hdcp.o
                0x20000130                Vr
 .bss.M0        0x20000144        0x8 ./Core/Src/hdmitx_hdcp.o
                0x20000144                M0
 .bss.g_tx_vidstable_irq
                0x2000014c        0x1 ./Core/Src/hdmitx_sys.o
                0x2000014c                g_tx_vidstable_irq
 .bss.g_hdmitx_defer_unmute
                0x2000014d        0x1 ./Core/Src/hdmitx_sys.o
                0x2000014d                g_hdmitx_defer_unmute
 *fill*         0x2000014e        0x2 
 .bss.RxCapability
                0x20000150       0x28 ./Core/Src/hdmitx_sys.o
 .bss.bChangeMode
                0x20000178        0x1 ./Core/Src/hdmitx_sys.o
 .bss.bChangeAudio
                0x20000179        0x1 ./Core/Src/hdmitx_sys.o
 *fill*         0x2000017a        0x2 
 .bss.CommunBuff
                0x2000017c       0x80 ./Core/Src/hdmitx_sys.o
                0x2000017c                CommunBuff
 .bss.VideoPixelClock
                0x200001fc        0x4 ./Core/Src/hdmitx_sys.o
                0x200001fc                VideoPixelClock
 .bss.VIC       0x20000200        0x1 ./Core/Src/hdmitx_sys.o
                0x20000200                VIC
 .bss.HDMI_VIC  0x20000201        0x1 ./Core/Src/hdmitx_sys.o
                0x20000201                HDMI_VIC
 .bss.pixelrep  0x20000202        0x1 ./Core/Src/hdmitx_sys.o
                0x20000202                pixelrep
 .bss.aspec     0x20000203        0x1 ./Core/Src/hdmitx_sys.o
                0x20000203                aspec
 .bss.Colorimetry
                0x20000204        0x1 ./Core/Src/hdmitx_sys.o
                0x20000204                Colorimetry
 .bss.bHDMIMode
                0x20000205        0x1 ./Core/Src/hdmitx_sys.o
                0x20000205                bHDMIMode
 .bss.bAudioEnable
                0x20000206        0x1 ./Core/Src/hdmitx_sys.o
                0x20000206                bAudioEnable
 .bss.HPDStatus
                0x20000207        0x1 ./Core/Src/hdmitx_sys.o
                0x20000207                HPDStatus
 .bss.HPDChangeStatus
                0x20000208        0x1 ./Core/Src/hdmitx_sys.o
                0x20000208                HPDChangeStatus
 .bss.ParameterChange
                0x20000209        0x1 ./Core/Src/hdmitx_sys.o
                0x20000209                ParameterChange
 .bss.s_plug_state.8
                0x2000020a        0x1 ./Core/Src/hdmitx_sys.o
 *fill*         0x2000020b        0x1 
 .bss.s_last_hpd_edge_ms.7
                0x2000020c        0x4 ./Core/Src/hdmitx_sys.o
 .bss.s_unplug_ms.6
                0x20000210        0x4 ./Core/Src/hdmitx_sys.o
 .bss.s_hpd_on_ms.5
                0x20000214        0x4 ./Core/Src/hdmitx_sys.o
 .bss.prevAudioSampleFS.4
                0x20000218        0x4 ./Core/Src/hdmitx_sys.o
 .bss.prevPCLK.3
                0x2000021c        0x4 ./Core/Src/hdmitx_sys.o
 .bss.prevHTotal.2
                0x20000220        0x2 ./Core/Src/hdmitx_sys.o
 .bss.prevVTotal.1
                0x20000222        0x2 ./Core/Src/hdmitx_sys.o
 .bss.prevScanMode.0
                0x20000224        0x1 ./Core/Src/hdmitx_sys.o
 *fill*         0x20000225        0x3 
 .bss.hi2c1     0x20000228       0x54 ./Core/Src/main.o
                0x20000228                hi2c1
 .bss.huart1    0x2000027c       0x48 ./Core/Src/main.o
                0x2000027c                huart1
 .bss.huart2    0x200002c4       0x48 ./Core/Src/main.o
                0x200002c4                huart2
 .bss.VH        0x2000030c       0x14 ./Core/Src/sha1.o
                0x2000030c                VH
 .bss.w         0x20000320       0x44 ./Core/Src/sha1.o
                0x20000320                w
 .bss.__sbrk_heap_end
                0x20000364        0x4 ./Core/Src/sysmem.o
 .bss.uwTick    0x20000368        0x4 ./Drivers/STM32F1xx_HAL_Driver/Src/stm32f1xx_hal.o
                0x20000368                uwTick
 .bss.__sf      0x2000036c      0x138 C:/ST/STM32CubeIDE_1.19.0/STM32CubeIDE/plugins/com.st.stm32cube.ide.mcu.externaltools.gnu-tools-for-stm32.13.3.rel1.win32_1.0.0.202411081344/tools/bin/../lib/gcc/arm-none-eabi/13.3.1/../../../../arm-none-eabi/lib/thumb/v7-m/nofp\libc_nano.a(libc_a-findfp.o)
                0x2000036c                __sf
 .bss.__stdio_exit_handler
                0x200004a4        0x4 C:/ST/STM32CubeIDE_1.19.0/STM32CubeIDE/plugins/com.st.stm32cube.ide.mcu.externaltools.gnu-tools-for-stm32.13.3.rel1.win32_1.0.0.202411081344/tools/bin/../lib/gcc/arm-none-eabi/13.3.1/../../../../arm-none-eabi/lib/thumb/v7-m/nofp\libc_nano.a(libc_a-findfp.o)
                0x200004a4                __stdio_exit_handler
 .bss.errno     0x200004a8        0x4 C:/ST/STM32CubeIDE_1.19.0/STM32CubeIDE/plugins/com.st.stm32cube.ide.mcu.externaltools.gnu-tools-for-stm32.13.3.rel1.win32_1.0.0.202411081344/tools/bin/../lib/gcc/arm-none-eabi/13.3.1/../../../../arm-none-eabi/lib/thumb/v7-m/nofp\libc_nano.a(libc_a-reent.o)
                0x200004a8                errno
 .bss.__lock___malloc_recursive_mutex
                0x200004ac        0x1 C:/ST/STM32CubeIDE_1.19.0/STM32CubeIDE/plugins/com.st.stm32cube.ide.mcu.externaltools.gnu-tools-for-stm32.13.3.rel1.win32_1.0.0.202411081344/tools/bin/../lib/gcc/arm-none-eabi/13.3.1/../../../../arm-none-eabi/lib/thumb/v7-m/nofp\libc_nano.a(libc_a-lock.o)
                0x200004ac                __lock___malloc_recursive_mutex
 .bss.__lock___sfp_recursive_mutex
                0x200004ad        0x1 C:/ST/STM32CubeIDE_1.19.0/STM32CubeIDE/plugins/com.st.stm32cube.ide.mcu.externaltools.gnu-tools-for-stm32.13.3.rel1.win32_1.0.0.202411081344/tools/bin/../lib/gcc/arm-none-eabi/13.3.1/../../../../arm-none-eabi/lib/thumb/v7-m/nofp\libc_nano.a(libc_a-lock.o)
                0x200004ad                __lock___sfp_recursive_mutex
 *fill*         0x200004ae        0x2 
 .bss.__malloc_sbrk_start
                0x200004b0        0x4 C:/ST/STM32CubeIDE_1.19.0/STM32CubeIDE/plugins/com.st.stm32cube.ide.mcu.externaltools.gnu-tools-for-stm32.13.3.rel1.win32_1.0.0.202411081344/tools/bin/../lib/gcc/arm-none-eabi/13.3.1/../../../../arm-none-eabi/lib/thumb/v7-m/nofp\libc_nano.a(libc_a-mallocr.o)
                0x200004b0                __malloc_sbrk_start
 .bss.__malloc_free_list
                0x200004b4        0x4 C:/ST/STM32CubeIDE_1.19.0/STM32CubeIDE/plugins/com.st.stm32cube.ide.mcu.externaltools.gnu-tools-for-stm32.13.3.rel1.win32_1.0.0.202411081344/tools/bin/../lib/gcc/arm-none-eabi/13.3.1/../../../../arm-none-eabi/lib/thumb/v7-m/nofp\libc_nano.a(libc_a-mallocr.o)
                0x200004b4                __malloc_free_list
 *(COMMON)
                0x200004b8                        . = ALIGN (0x4)
                0x200004b8                        _ebss = .
                0x200004b8                        __bss_end__ = _ebss

._user_heap_stack
                0x200004b8      0x600 load address 0x0800bea0
                0x200004b8                        . = ALIGN (0x8)
                [!provide]                        PROVIDE (end = .)
                0x200004b8                        PROVIDE (_end = .)
                0x200006b8                        . = (. + _Min_Heap_Size)
 *fill*         0x200004b8      0x200 
                0x20000ab8                        . = (. + _Min_Stack_Size)
 *fill*         0x200006b8      0x400 
                0x20000ab8                        . = ALIGN (0x8)

/DISCARD/
 libc.a(*)
 libm.a(*)
 libgcc.a(*)

.ARM.attributes
                0x00000000       0x29
 *(.ARM.attributes)
 .ARM.attributes
                0x00000000       0x1d C:/ST/STM32CubeIDE_1.19.0/STM32CubeIDE/plugins/com.st.stm32cube.ide.mcu.externaltools.gnu-tools-for-stm32.13.3.rel1.win32_1.0.0.202411081344/tools/bin/../lib/gcc/arm-none-eabi/13.3.1/thumb/v7-m/nofp/crti.o
 .ARM.attributes
                0x0000001d       0x2d C:/ST/STM32CubeIDE_1.19.0/STM32CubeIDE/plugins/com.st.stm32cube.ide.mcu.externaltools.gnu-tools-for-stm32.13.3.rel1.win32_1.0.0.202411081344/tools/bin/../lib/gcc/arm-none-eabi/13.3.1/thumb/v7-m/nofp/crtbegin.o
 .ARM.attributes
                0x0000004a       0x2d ./Core/Src/66122_6350.o
 .ARM.attributes
                0x00000077       0x2d ./Core/Src/OEM1_Main.o
 .ARM.attributes
                0x000000a4       0x2d ./Core/Src/csc.o
 .ARM.attributes
                0x000000d1       0x2d ./Core/Src/hdmitx_drv.o
 .ARM.attributes
                0x000000fe       0x2d ./Core/Src/hdmitx_hdcp.o
 .ARM.attributes
                0x0000012b       0x2d ./Core/Src/hdmitx_input.o
 .ARM.attributes
                0x00000158       0x2d ./Core/Src/hdmitx_sys.o
 .ARM.attributes
                0x00000185       0x2d ./Core/Src/main.o
 .ARM.attributes
                0x000001b2       0x2d ./Core/Src/sha1.o
 .ARM.attributes
                0x000001df       0x2d ./Core/Src/stm32f1xx_hal_msp.o
 .ARM.attributes
                0x0000020c       0x2d ./Core/Src/stm32f1xx_it.o
 .ARM.attributes
                0x00000239       0x2d ./Core/Src/syscalls.o
 .ARM.attributes
                0x00000266       0x2d ./Core/Src/sysmem.o
 .ARM.attributes
                0x00000293       0x2d ./Core/Src/system_stm32f1xx.o
 .ARM.attributes
                0x000002c0       0x21 ./Core/Startup/startup_stm32f103c8tx.o
 .ARM.attributes
                0x000002e1       0x2d ./Drivers/STM32F1xx_HAL_Driver/Src/stm32f1xx_hal.o
 .ARM.attributes
                0x0000030e       0x2d ./Drivers/STM32F1xx_HAL_Driver/Src/stm32f1xx_hal_cortex.o
 .ARM.attributes
                0x0000033b       0x2d ./Drivers/STM32F1xx_HAL_Driver/Src/stm32f1xx_hal_gpio.o
 .ARM.attributes
                0x00000368       0x2d ./Drivers/STM32F1xx_HAL_Driver/Src/stm32f1xx_hal_i2c.o
 .ARM.attributes
                0x00000395       0x2d ./Drivers/STM32F1xx_HAL_Driver/Src/stm32f1xx_hal_rcc.o
 .ARM.attributes
                0x000003c2       0x2d ./Drivers/STM32F1xx_HAL_Driver/Src/stm32f1xx_hal_uart.o
 .ARM.attributes
                0x000003ef       0x2d C:/ST/STM32CubeIDE_1.19.0/STM32CubeIDE/plugins/com.st.stm32cube.ide.mcu.externaltools.gnu-tools-for-stm32.13.3.rel1.win32_1.0.0.202411081344/tools/bin/../lib/gcc/arm-none-eabi/13.3.1/../../../../arm-none-eabi/lib/thumb/v7-m/nofp\libc_nano.a(libc_a-findfp.o)
 .ARM.attributes
                0x0000041c       0x2d C:/ST/STM32CubeIDE_1.19.0/STM32CubeIDE/plugins/com.st.stm32cube.ide.mcu.externaltools.gnu-tools-for-stm32.13.3.rel1.win32_1.0.0.202411081344/tools/bin/../lib/gcc/arm-none-eabi/13.3.1/../../../../arm-none-eabi/lib/thumb/v7-m/nofp\libc_nano.a(libc_a-fwalk.o)
 .ARM.attributes
                0x00000449       0x2d C:/ST/STM32CubeIDE_1.19.0/STM32CubeIDE/plugins/com.st.stm32cube.ide.mcu.externaltools.gnu-tools-for-stm32.13.3.rel1.win32_1.0.0.202411081344/tools/bin/../lib/gcc/arm-none-eabi/13.3.1/../../../../arm-none-eabi/lib/thumb/v7-m/nofp\libc_nano.a(libc_a-printf.o)
 .ARM.attributes
                0x00000476       0x2d C:/ST/STM32CubeIDE_1.19.0/STM32CubeIDE/plugins/com.st.stm32cube.ide.mcu.externaltools.gnu-tools-for-stm32.13.3.rel1.win32_1.0.0.202411081344/tools/bin/../lib/gcc/arm-none-eabi/13.3.1/../../../../arm-none-eabi/lib/thumb/v7-m/nofp\libc_nano.a(libc_a-puts.o)
 .ARM.attributes
                0x000004a3       0x2d C:/ST/STM32CubeIDE_1.19.0/STM32CubeIDE/plugins/com.st.stm32cube.ide.mcu.externaltools.gnu-tools-for-stm32.13.3.rel1.win32_1.0.0.202411081344/tools/bin/../lib/gcc/arm-none-eabi/13.3.1/../../../../arm-none-eabi/lib/thumb/v7-m/nofp\libc_nano.a(libc_a-stdio.o)
 .ARM.attributes
                0x000004d0       0x2d C:/ST/STM32CubeIDE_1.19.0/STM32CubeIDE/plugins/com.st.stm32cube.ide.mcu.externaltools.gnu-tools-for-stm32.13.3.rel1.win32_1.0.0.202411081344/tools/bin/../lib/gcc/arm-none-eabi/13.3.1/../../../../arm-none-eabi/lib/thumb/v7-m/nofp\libc_nano.a(libc_a-wbuf.o)
 .ARM.attributes
                0x000004fd       0x2d C:/ST/STM32CubeIDE_1.19.0/STM32CubeIDE/plugins/com.st.stm32cube.ide.mcu.externaltools.gnu-tools-for-stm32.13.3.rel1.win32_1.0.0.202411081344/tools/bin/../lib/gcc/arm-none-eabi/13.3.1/../../../../arm-none-eabi/lib/thumb/v7-m/nofp\libc_nano.a(libc_a-wsetup.o)
 .ARM.attributes
                0x0000052a       0x2d C:/ST/STM32CubeIDE_1.19.0/STM32CubeIDE/plugins/com.st.stm32cube.ide.mcu.externaltools.gnu-tools-for-stm32.13.3.rel1.win32_1.0.0.202411081344/tools/bin/../lib/gcc/arm-none-eabi/13.3.1/../../../../arm-none-eabi/lib/thumb/v7-m/nofp\libc_nano.a(libc_a-memset.o)
 .ARM.attributes
                0x00000557       0x2d C:/ST/STM32CubeIDE_1.19.0/STM32CubeIDE/plugins/com.st.stm32cube.ide.mcu.externaltools.gnu-tools-for-stm32.13.3.rel1.win32_1.0.0.202411081344/tools/bin/../lib/gcc/arm-none-eabi/13.3.1/../../../../arm-none-eabi/lib/thumb/v7-m/nofp\libc_nano.a(libc_a-closer.o)
 .ARM.attributes
                0x00000584       0x2d C:/ST/STM32CubeIDE_1.19.0/STM32CubeIDE/plugins/com.st.stm32cube.ide.mcu.externaltools.gnu-tools-for-stm32.13.3.rel1.win32_1.0.0.202411081344/tools/bin/../lib/gcc/arm-none-eabi/13.3.1/../../../../arm-none-eabi/lib/thumb/v7-m/nofp\libc_nano.a(libc_a-reent.o)
 .ARM.attributes
                0x000005b1       0x2d C:/ST/STM32CubeIDE_1.19.0/STM32CubeIDE/plugins/com.st.stm32cube.ide.mcu.externaltools.gnu-tools-for-stm32.13.3.rel1.win32_1.0.0.202411081344/tools/bin/../lib/gcc/arm-none-eabi/13.3.1/../../../../arm-none-eabi/lib/thumb/v7-m/nofp\libc_nano.a(libc_a-impure.o)
 .ARM.attributes
                0x000005de       0x2d C:/ST/STM32CubeIDE_1.19.0/STM32CubeIDE/plugins/com.st.stm32cube.ide.mcu.externaltools.gnu-tools-for-stm32.13.3.rel1.win32_1.0.0.202411081344/tools/bin/../lib/gcc/arm-none-eabi/13.3.1/../../../../arm-none-eabi/lib/thumb/v7-m/nofp\libc_nano.a(libc_a-lseekr.o)
 .ARM.attributes
                0x0000060b       0x2d C:/ST/STM32CubeIDE_1.19.0/STM32CubeIDE/plugins/com.st.stm32cube.ide.mcu.externaltools.gnu-tools-for-stm32.13.3.rel1.win32_1.0.0.202411081344/tools/bin/../lib/gcc/arm-none-eabi/13.3.1/../../../../arm-none-eabi/lib/thumb/v7-m/nofp\libc_nano.a(libc_a-readr.o)
 .ARM.attributes
                0x00000638       0x2d C:/ST/STM32CubeIDE_1.19.0/STM32CubeIDE/plugins/com.st.stm32cube.ide.mcu.externaltools.gnu-tools-for-stm32.13.3.rel1.win32_1.0.0.202411081344/tools/bin/../lib/gcc/arm-none-eabi/13.3.1/../../../../arm-none-eabi/lib/thumb/v7-m/nofp\libc_nano.a(libc_a-writer.o)
 .ARM.attributes
                0x00000665       0x2d C:/ST/STM32CubeIDE_1.19.0/STM32CubeIDE/plugins/com.st.stm32cube.ide.mcu.externaltools.gnu-tools-for-stm32.13.3.rel1.win32_1.0.0.202411081344/tools/bin/../lib/gcc/arm-none-eabi/13.3.1/../../../../arm-none-eabi/lib/thumb/v7-m/nofp\libc_nano.a(libc_a-errno.o)
 .ARM.attributes
                0x00000692       0x2d C:/ST/STM32CubeIDE_1.19.0/STM32CubeIDE/plugins/com.st.stm32cube.ide.mcu.externaltools.gnu-tools-for-stm32.13.3.rel1.win32_1.0.0.202411081344/tools/bin/../lib/gcc/arm-none-eabi/13.3.1/../../../../arm-none-eabi/lib/thumb/v7-m/nofp\libc_nano.a(libc_a-init.o)
 .ARM.attributes
                0x000006bf       0x2d C:/ST/STM32CubeIDE_1.19.0/STM32CubeIDE/plugins/com.st.stm32cube.ide.mcu.externaltools.gnu-tools-for-stm32.13.3.rel1.win32_1.0.0.202411081344/tools/bin/../lib/gcc/arm-none-eabi/13.3.1/../../../../arm-none-eabi/lib/thumb/v7-m/nofp\libc_nano.a(libc_a-lock.o)
 .ARM.attributes
                0x000006ec       0x2d C:/ST/STM32CubeIDE_1.19.0/STM32CubeIDE/plugins/com.st.stm32cube.ide.mcu.externaltools.gnu-tools-for-stm32.13.3.rel1.win32_1.0.0.202411081344/tools/bin/../lib/gcc/arm-none-eabi/13.3.1/../../../../arm-none-eabi/lib/thumb/v7-m/nofp\libc_nano.a(libc_a-freer.o)
 .ARM.attributes
                0x00000719       0x2d C:/ST/STM32CubeIDE_1.19.0/STM32CubeIDE/plugins/com.st.stm32cube.ide.mcu.externaltools.gnu-tools-for-stm32.13.3.rel1.win32_1.0.0.202411081344/tools/bin/../lib/gcc/arm-none-eabi/13.3.1/../../../../arm-none-eabi/lib/thumb/v7-m/nofp\libc_nano.a(libc_a-mallocr.o)
 .ARM.attributes
                0x00000746       0x2d C:/ST/STM32CubeIDE_1.19.0/STM32CubeIDE/plugins/com.st.stm32cube.ide.mcu.externaltools.gnu-tools-for-stm32.13.3.rel1.win32_1.0.0.202411081344/tools/bin/../lib/gcc/arm-none-eabi/13.3.1/../../../../arm-none-eabi/lib/thumb/v7-m/nofp\libc_nano.a(libc_a-mlock.o)
 .ARM.attributes
                0x00000773       0x2d C:/ST/STM32CubeIDE_1.19.0/STM32CubeIDE/plugins/com.st.stm32cube.ide.mcu.externaltools.gnu-tools-for-stm32.13.3.rel1.win32_1.0.0.202411081344/tools/bin/../lib/gcc/arm-none-eabi/13.3.1/../../../../arm-none-eabi/lib/thumb/v7-m/nofp\libc_nano.a(libc_a-nano-vfprintf.o)
 .ARM.attributes
                0x000007a0       0x2d C:/ST/STM32CubeIDE_1.19.0/STM32CubeIDE/plugins/com.st.stm32cube.ide.mcu.externaltools.gnu-tools-for-stm32.13.3.rel1.win32_1.0.0.202411081344/tools/bin/../lib/gcc/arm-none-eabi/13.3.1/../../../../arm-none-eabi/lib/thumb/v7-m/nofp\libc_nano.a(libc_a-nano-vfprintf_i.o)
 .ARM.attributes
                0x000007cd       0x2d C:/ST/STM32CubeIDE_1.19.0/STM32CubeIDE/plugins/com.st.stm32cube.ide.mcu.externaltools.gnu-tools-for-stm32.13.3.rel1.win32_1.0.0.202411081344/tools/bin/../lib/gcc/arm-none-eabi/13.3.1/../../../../arm-none-eabi/lib/thumb/v7-m/nofp\libc_nano.a(libc_a-fflush.o)
 .ARM.attributes
                0x000007fa       0x2d C:/ST/STM32CubeIDE_1.19.0/STM32CubeIDE/plugins/com.st.stm32cube.ide.mcu.externaltools.gnu-tools-for-stm32.13.3.rel1.win32_1.0.0.202411081344/tools/bin/../lib/gcc/arm-none-eabi/13.3.1/../../../../arm-none-eabi/lib/thumb/v7-m/nofp\libc_nano.a(libc_a-makebuf.o)
 .ARM.attributes
                0x00000827       0x2d C:/ST/STM32CubeIDE_1.19.0/STM32CubeIDE/plugins/com.st.stm32cube.ide.mcu.externaltools.gnu-tools-for-stm32.13.3.rel1.win32_1.0.0.202411081344/tools/bin/../lib/gcc/arm-none-eabi/13.3.1/../../../../arm-none-eabi/lib/thumb/v7-m/nofp\libc_nano.a(libc_a-fstatr.o)
 .ARM.attributes
                0x00000854       0x2d C:/ST/STM32CubeIDE_1.19.0/STM32CubeIDE/plugins/com.st.stm32cube.ide.mcu.externaltools.gnu-tools-for-stm32.13.3.rel1.win32_1.0.0.202411081344/tools/bin/../lib/gcc/arm-none-eabi/13.3.1/../../../../arm-none-eabi/lib/thumb/v7-m/nofp\libc_nano.a(libc_a-isattyr.o)
 .ARM.attributes
                0x00000881       0x2d C:/ST/STM32CubeIDE_1.19.0/STM32CubeIDE/plugins/com.st.stm32cube.ide.mcu.externaltools.gnu-tools-for-stm32.13.3.rel1.win32_1.0.0.202411081344/tools/bin/../lib/gcc/arm-none-eabi/13.3.1/../../../../arm-none-eabi/lib/thumb/v7-m/nofp\libc_nano.a(libc_a-sbrkr.o)
 .ARM.attributes
                0x000008ae       0x2d C:/ST/STM32CubeIDE_1.19.0/STM32CubeIDE/plugins/com.st.stm32cube.ide.mcu.externaltools.gnu-tools-for-stm32.13.3.rel1.win32_1.0.0.202411081344/tools/bin/../lib/gcc/arm-none-eabi/13.3.1/../../../../arm-none-eabi/lib/thumb/v7-m/nofp\libc_nano.a(libc_a-memchr-stub.o)
 .ARM.attributes
                0x000008db       0x1d C:/ST/STM32CubeIDE_1.19.0/STM32CubeIDE/plugins/com.st.stm32cube.ide.mcu.externaltools.gnu-tools-for-stm32.13.3.rel1.win32_1.0.0.202411081344/tools/bin/../lib/gcc/arm-none-eabi/13.3.1/thumb/v7-m/nofp/crtn.o
OUTPUT(HDMI_RECORD.elf elf32-littlearm)
LOAD linker stubs
LOAD C:/ST/STM32CubeIDE_1.19.0/STM32CubeIDE/plugins/com.st.stm32cube.ide.mcu.externaltools.gnu-tools-for-stm32.13.3.rel1.win32_1.0.0.202411081344/tools/bin/../lib/gcc/arm-none-eabi/13.3.1/../../../../arm-none-eabi/lib/thumb/v7-m/nofp\libc.a
LOAD C:/ST/STM32CubeIDE_1.19.0/STM32CubeIDE/plugins/com.st.stm32cube.ide.mcu.externaltools.gnu-tools-for-stm32.13.3.rel1.win32_1.0.0.202411081344/tools/bin/../lib/gcc/arm-none-eabi/13.3.1/../../../../arm-none-eabi/lib/thumb/v7-m/nofp\libm.a
LOAD C:/ST/STM32CubeIDE_1.19.0/STM32CubeIDE/plugins/com.st.stm32cube.ide.mcu.externaltools.gnu-tools-for-stm32.13.3.rel1.win32_1.0.0.202411081344/tools/bin/../lib/gcc/arm-none-eabi/13.3.1/thumb/v7-m/nofp\libgcc.a

.debug_info     0x00000000     0xf2a4
 .debug_info    0x00000000      0xb21 ./Core/Src/66122_6350.o
 .debug_info    0x00000b21      0xe56 ./Core/Src/OEM1_Main.o
 .debug_info    0x00001977       0xdd ./Core/Src/csc.o
 .debug_info    0x00001a54     0x19f6 ./Core/Src/hdmitx_drv.o
 .debug_info    0x0000344a      0x7ee ./Core/Src/hdmitx_hdcp.o
 .debug_info    0x00003c38      0x4d0 ./Core/Src/hdmitx_input.o
 .debug_info    0x00004108     0x18bb ./Core/Src/hdmitx_sys.o
 .debug_info    0x000059c3      0xd75 ./Core/Src/main.o
 .debug_info    0x00006738      0x199 ./Core/Src/sha1.o
 .debug_info    0x000068d1      0xb47 ./Core/Src/stm32f1xx_hal_msp.o
 .debug_info    0x00007418      0x113 ./Core/Src/stm32f1xx_it.o
 .debug_info    0x0000752b      0x6a3 ./Core/Src/syscalls.o
 .debug_info    0x00007bce      0x168 ./Core/Src/sysmem.o
 .debug_info    0x00007d36      0x222 ./Core/Src/system_stm32f1xx.o
 .debug_info    0x00007f58       0x30 ./Core/Startup/startup_stm32f103c8tx.o
 .debug_info    0x00007f88      0x704 ./Drivers/STM32F1xx_HAL_Driver/Src/stm32f1xx_hal.o
 .debug_info    0x0000868c      0xa87 ./Drivers/STM32F1xx_HAL_Driver/Src/stm32f1xx_hal_cortex.o
 .debug_info    0x00009113      0x5ab ./Drivers/STM32F1xx_HAL_Driver/Src/stm32f1xx_hal_gpio.o
 .debug_info    0x000096be     0x2524 ./Drivers/STM32F1xx_HAL_Driver/Src/stm32f1xx_hal_i2c.o
 .debug_info    0x0000bbe2      0x7d5 ./Drivers/STM32F1xx_HAL_Driver/Src/stm32f1xx_hal_rcc.o
 .debug_info    0x0000c3b7     0x2eed ./Drivers/STM32F1xx_HAL_Driver/Src/stm32f1xx_hal_uart.o

.debug_abbrev   0x00000000     0x2c36
 .debug_abbrev  0x00000000      0x215 ./Core/Src/66122_6350.o
 .debug_abbrev  0x00000215      0x2fd ./Core/Src/OEM1_Main.o
 .debug_abbrev  0x00000512       0x65 ./Core/Src/csc.o
 .debug_abbrev  0x00000577      0x424 ./Core/Src/hdmitx_drv.o
 .debug_abbrev  0x0000099b      0x336 ./Core/Src/hdmitx_hdcp.o
 .debug_abbrev  0x00000cd1      0x1c6 ./Core/Src/hdmitx_input.o
 .debug_abbrev  0x00000e97      0x49d ./Core/Src/hdmitx_sys.o
 .debug_abbrev  0x00001334      0x30e ./Core/Src/main.o
 .debug_abbrev  0x00001642       0xf0 ./Core/Src/sha1.o
 .debug_abbrev  0x00001732      0x1ab ./Core/Src/stm32f1xx_hal_msp.o
 .debug_abbrev  0x000018dd       0x73 ./Core/Src/stm32f1xx_it.o
 .debug_abbrev  0x00001950      0x1b6 ./Core/Src/syscalls.o
 .debug_abbrev  0x00001b06       0xbc ./Core/Src/sysmem.o
 .debug_abbrev  0x00001bc2      0x13f ./Core/Src/system_stm32f1xx.o
 .debug_abbrev  0x00001d01       0x24 ./Core/Startup/startup_stm32f103c8tx.o
 .debug_abbrev  0x00001d25      0x201 ./Drivers/STM32F1xx_HAL_Driver/Src/stm32f1xx_hal.o
 .debug_abbrev  0x00001f26      0x2f8 ./Drivers/STM32F1xx_HAL_Driver/Src/stm32f1xx_hal_cortex.o
 .debug_abbrev  0x0000221e      0x1ca ./Drivers/STM32F1xx_HAL_Driver/Src/stm32f1xx_hal_gpio.o
 .debug_abbrev  0x000023e8      0x2a3 ./Drivers/STM32F1xx_HAL_Driver/Src/stm32f1xx_hal_i2c.o
 .debug_abbrev  0x0000268b      0x2b3 ./Drivers/STM32F1xx_HAL_Driver/Src/stm32f1xx_hal_rcc.o
 .debug_abbrev  0x0000293e      0x2f8 ./Drivers/STM32F1xx_HAL_Driver/Src/stm32f1xx_hal_uart.o

.debug_aranges  0x00000000      0xe60
 .debug_aranges
                0x00000000       0x90 ./Core/Src/66122_6350.o
 .debug_aranges
                0x00000090       0x38 ./Core/Src/OEM1_Main.o
 .debug_aranges
                0x000000c8       0x18 ./Core/Src/csc.o
 .debug_aranges
                0x000000e0      0x1a8 ./Core/Src/hdmitx_drv.o
 .debug_aranges
                0x00000288       0xc8 ./Core/Src/hdmitx_hdcp.o
 .debug_aranges
                0x00000350       0x60 ./Core/Src/hdmitx_input.o
 .debug_aranges
                0x000003b0       0xe8 ./Core/Src/hdmitx_sys.o
 .debug_aranges
                0x00000498       0x70 ./Core/Src/main.o
 .debug_aranges
                0x00000508       0x28 ./Core/Src/sha1.o
 .debug_aranges
                0x00000530       0x40 ./Core/Src/stm32f1xx_hal_msp.o
 .debug_aranges
                0x00000570       0x60 ./Core/Src/stm32f1xx_it.o
 .debug_aranges
                0x000005d0       0xa8 ./Core/Src/syscalls.o
 .debug_aranges
                0x00000678       0x20 ./Core/Src/sysmem.o
 .debug_aranges
                0x00000698       0x28 ./Core/Src/system_stm32f1xx.o
 .debug_aranges
                0x000006c0       0x28 ./Core/Startup/startup_stm32f103c8tx.o
 .debug_aranges
                0x000006e8       0xe0 ./Drivers/STM32F1xx_HAL_Driver/Src/stm32f1xx_hal.o
 .debug_aranges
                0x000007c8      0x100 ./Drivers/STM32F1xx_HAL_Driver/Src/stm32f1xx_hal_cortex.o
 .debug_aranges
                0x000008c8       0x58 ./Drivers/STM32F1xx_HAL_Driver/Src/stm32f1xx_hal_gpio.o
 .debug_aranges
                0x00000920      0x2a8 ./Drivers/STM32F1xx_HAL_Driver/Src/stm32f1xx_hal_i2c.o
 .debug_aranges
                0x00000bc8       0x90 ./Drivers/STM32F1xx_HAL_Driver/Src/stm32f1xx_hal_rcc.o
 .debug_aranges
                0x00000c58      0x208 ./Drivers/STM32F1xx_HAL_Driver/Src/stm32f1xx_hal_uart.o

.debug_rnglists
                0x00000000      0xb25
 .debug_rnglists
                0x00000000       0x67 ./Core/Src/66122_6350.o
 .debug_rnglists
                0x00000067       0x27 ./Core/Src/OEM1_Main.o
 .debug_rnglists
                0x0000008e      0x169 ./Core/Src/hdmitx_drv.o
 .debug_rnglists
                0x000001f7       0x99 ./Core/Src/hdmitx_hdcp.o
 .debug_rnglists
                0x00000290       0x45 ./Core/Src/hdmitx_input.o
 .debug_rnglists
                0x000002d5       0xb6 ./Core/Src/hdmitx_sys.o
 .debug_rnglists
                0x0000038b       0x50 ./Core/Src/main.o
 .debug_rnglists
                0x000003db       0x1b ./Core/Src/sha1.o
 .debug_rnglists
                0x000003f6       0x2c ./Core/Src/stm32f1xx_hal_msp.o
 .debug_rnglists
                0x00000422       0x43 ./Core/Src/stm32f1xx_it.o
 .debug_rnglists
                0x00000465       0x79 ./Core/Src/syscalls.o
 .debug_rnglists
                0x000004de       0x13 ./Core/Src/sysmem.o
 .debug_rnglists
                0x000004f1       0x1a ./Core/Src/system_stm32f1xx.o
 .debug_rnglists
                0x0000050b       0x19 ./Core/Startup/startup_stm32f103c8tx.o
 .debug_rnglists
                0x00000524       0xa3 ./Drivers/STM32F1xx_HAL_Driver/Src/stm32f1xx_hal.o
 .debug_rnglists
                0x000005c7       0xbb ./Drivers/STM32F1xx_HAL_Driver/Src/stm32f1xx_hal_cortex.o
 .debug_rnglists
                0x00000682       0x3f ./Drivers/STM32F1xx_HAL_Driver/Src/stm32f1xx_hal_gpio.o
 .debug_rnglists
                0x000006c1      0x23c ./Drivers/STM32F1xx_HAL_Driver/Src/stm32f1xx_hal_i2c.o
 .debug_rnglists
                0x000008fd       0x6c ./Drivers/STM32F1xx_HAL_Driver/Src/stm32f1xx_hal_rcc.o
 .debug_rnglists
                0x00000969      0x1bc ./Drivers/STM32F1xx_HAL_Driver/Src/stm32f1xx_hal_uart.o

.debug_macro    0x00000000    0x1a895
 .debug_macro   0x00000000      0x288 ./Core/Src/66122_6350.o
 .debug_macro   0x00000288      0xacc ./Core/Src/66122_6350.o
 .debug_macro   0x00000d54      0x25d ./Core/Src/66122_6350.o
 .debug_macro   0x00000fb1       0x22 ./Core/Src/66122_6350.o
 .debug_macro   0x00000fd3       0x5b ./Core/Src/66122_6350.o
 .debug_macro   0x0000102e       0x24 ./Core/Src/66122_6350.o
 .debug_macro   0x00001052       0x94 ./Core/Src/66122_6350.o
 .debug_macro   0x000010e6       0x43 ./Core/Src/66122_6350.o
 .debug_macro   0x00001129       0x34 ./Core/Src/66122_6350.o
 .debug_macro   0x0000115d       0x16 ./Core/Src/66122_6350.o
 .debug_macro   0x00001173       0x57 ./Core/Src/66122_6350.o
 .debug_macro   0x000011ca       0x9e ./Core/Src/66122_6350.o
 .debug_macro   0x00001268      0x370 ./Core/Src/66122_6350.o
 .debug_macro   0x000015d8      0x112 ./Core/Src/66122_6350.o
 .debug_macro   0x000016ea       0x10 ./Core/Src/66122_6350.o
 .debug_macro   0x000016fa       0x16 ./Core/Src/66122_6350.o
 .debug_macro   0x00001710       0x4a ./Core/Src/66122_6350.o
 .debug_macro   0x0000175a       0x34 ./Core/Src/66122_6350.o
 .debug_macro   0x0000178e       0x10 ./Core/Src/66122_6350.o
 .debug_macro   0x0000179e       0x58 ./Core/Src/66122_6350.o
 .debug_macro   0x000017f6       0x8e ./Core/Src/66122_6350.o
 .debug_macro   0x00001884       0x1c ./Core/Src/66122_6350.o
 .debug_macro   0x000018a0      0x185 ./Core/Src/66122_6350.o
 .debug_macro   0x00001a25       0x16 ./Core/Src/66122_6350.o
 .debug_macro   0x00001a3b       0x16 ./Core/Src/66122_6350.o
 .debug_macro   0x00001a51      0x146 ./Core/Src/66122_6350.o
 .debug_macro   0x00001b97       0xee ./Core/Src/66122_6350.o
 .debug_macro   0x00001c85      0x21b ./Core/Src/66122_6350.o
 .debug_macro   0x00001ea0       0x2e ./Core/Src/66122_6350.o
 .debug_macro   0x00001ece       0x22 ./Core/Src/66122_6350.o
 .debug_macro   0x00001ef0      0x103 ./Core/Src/66122_6350.o
 .debug_macro   0x00001ff3       0x6a ./Core/Src/66122_6350.o
 .debug_macro   0x0000205d      0x1df ./Core/Src/66122_6350.o
 .debug_macro   0x0000223c       0x1c ./Core/Src/66122_6350.o
 .debug_macro   0x00002258       0x22 ./Core/Src/66122_6350.o
 .debug_macro   0x0000227a       0xbd ./Core/Src/66122_6350.o
 .debug_macro   0x00002337      0xd23 ./Core/Src/66122_6350.o
 .debug_macro   0x0000305a     0xe09e ./Core/Src/66122_6350.o
 .debug_macro   0x000110f8       0x6d ./Core/Src/66122_6350.o
 .debug_macro   0x00011165     0x34a2 ./Core/Src/66122_6350.o
 .debug_macro   0x00014607       0x56 ./Core/Src/66122_6350.o
 .debug_macro   0x0001465d      0x5bc ./Core/Src/66122_6350.o
 .debug_macro   0x00014c19      0x289 ./Core/Src/66122_6350.o
 .debug_macro   0x00014ea2      0x1cb ./Core/Src/66122_6350.o
 .debug_macro   0x0001506d      0x114 ./Core/Src/66122_6350.o
 .debug_macro   0x00015181      0x1b2 ./Core/Src/66122_6350.o
 .debug_macro   0x00015333       0x27 ./Core/Src/66122_6350.o
 .debug_macro   0x0001535a      0x136 ./Core/Src/66122_6350.o
 .debug_macro   0x00015490      0x1bc ./Core/Src/66122_6350.o
 .debug_macro   0x0001564c       0x34 ./Core/Src/66122_6350.o
 .debug_macro   0x00015680       0x3c ./Core/Src/66122_6350.o
 .debug_macro   0x000156bc       0x57 ./Core/Src/66122_6350.o
 .debug_macro   0x00015713       0x87 ./Core/Src/66122_6350.o
 .debug_macro   0x0001579a      0x240 ./Core/Src/66122_6350.o
 .debug_macro   0x000159da      0x287 ./Core/Src/66122_6350.o
 .debug_macro   0x00015c61      0x140 ./Core/Src/66122_6350.o
 .debug_macro   0x00015da1      0x28e ./Core/Src/66122_6350.o
 .debug_macro   0x0001602f       0x83 ./Core/Src/66122_6350.o
 .debug_macro   0x000160b2      0x236 ./Core/Src/OEM1_Main.o
 .debug_macro   0x000162e8       0xc4 ./Core/Src/OEM1_Main.o
 .debug_macro   0x000163ac       0xa9 ./Core/Src/OEM1_Main.o
 .debug_macro   0x00016455      0x6cb ./Core/Src/OEM1_Main.o
 .debug_macro   0x00016b20      0x106 ./Core/Src/OEM1_Main.o
 .debug_macro   0x00016c26      0x57c ./Core/Src/OEM1_Main.o
 .debug_macro   0x000171a2      0x1f2 ./Core/Src/OEM1_Main.o
 .debug_macro   0x00017394      0x14b ./Core/Src/csc.o
 .debug_macro   0x000174df      0x190 ./Core/Src/csc.o
 .debug_macro   0x0001766f       0x10 ./Core/Src/csc.o
 .debug_macro   0x0001767f       0x3c ./Core/Src/csc.o
 .debug_macro   0x000176bb       0x20 ./Core/Src/csc.o
 .debug_macro   0x000176db       0x1c ./Core/Src/csc.o
 .debug_macro   0x000176f7       0x1c ./Core/Src/csc.o
 .debug_macro   0x00017713      0x1b6 ./Core/Src/hdmitx_drv.o
 .debug_macro   0x000178c9       0xa6 ./Core/Src/hdmitx_drv.o
 .debug_macro   0x0001796f      0x575 ./Core/Src/hdmitx_drv.o
 .debug_macro   0x00017ee4       0x4c ./Core/Src/hdmitx_drv.o
 .debug_macro   0x00017f30      0x175 ./Core/Src/hdmitx_hdcp.o
 .debug_macro   0x000180a5      0x17d ./Core/Src/hdmitx_input.o
 .debug_macro   0x00018222      0x193 ./Core/Src/hdmitx_sys.o