Archive member included to satisfy reference by file (symbol)

C:/ST/STM32CubeIDE_1.19.0/STM32CubeIDE/plugins/com.st.stm32cube.ide.mcu.externaltools.gnu-tools-for-stm32.13.3.rel1.win32_1.0.0.202411081344/tools/bin/../lib/gcc/arm-none-eabi/13.3.1/../../../../arm-none-eabi/lib/thumb/v7-m/nofp\libc_nano.a(libc_a-exit.o)
                              C:/ST/STM32CubeIDE_1.19.0/STM32CubeIDE/plugins/com.st.stm32cube.ide.mcu.externaltools.gnu-tools-for-stm32.13.3.rel1.win32_1.0.0.202411081344/tools/bin/../lib/gcc/arm-none-eabi/13.3.1/../../../../arm-none-eabi/lib/thumb/v7-m/nofp/crt0.o (exit)
C:/ST/STM32CubeIDE_1.19.0/STM32CubeIDE/plugins/com.st.stm32cube.ide.mcu.externaltools.gnu-tools-for-stm32.13.3.rel1.win32_1.0.0.202411081344/tools/bin/../lib/gcc/arm-none-eabi/13.3.1/../../../../arm-none-eabi/lib/thumb/v7-m/nofp\libc_nano.a(libc_a-findfp.o)
                              C:/ST/STM32CubeIDE_1.19.0/STM32CubeIDE/plugins/com.st.stm32cube.ide.mcu.externaltools.gnu-tools-for-stm32.13.3.rel1.win32_1.0.0.202411081344/tools/bin/../lib/gcc/arm-none-eabi/13.3.1/../../../../arm-none-eabi/lib/thumb/v7-m/nofp\libc_nano.a(libc_a-exit.o) (__stdio_exit_handler)
C:/ST/STM32CubeIDE_1.19.0/STM32CubeIDE/plugins/com.st.stm32cube.ide.mcu.externaltools.gnu-tools-for-stm32.13.3.rel1.win32_1.0.0.202411081344/tools/bin/../lib/gcc/arm-none-eabi/13.3.1/../../../../arm-none-eabi/lib/thumb/v7-m/nofp\libc_nano.a(libc_a-fwalk.o)
                              C:/ST/STM32CubeIDE_1.19.0/STM32CubeIDE/plugins/com.st.stm32cube.ide.mcu.externaltools.gnu-tools-for-stm32.13.3.rel1.win32_1.0.0.202411081344/tools/bin/../lib/gcc/arm-none-eabi/13.3.1/../../../../arm-none-eabi/lib/thumb/v7-m/nofp\libc_nano.a(libc_a-findfp.o) (_fwalk_sglue)
C:/ST/STM32CubeIDE_1.19.0/STM32CubeIDE/plugins/com.st.stm32cube.ide.mcu.externaltools.gnu-tools-for-stm32.13.3.rel1.win32_1.0.0.202411081344/tools/bin/../lib/gcc/arm-none-eabi/13.3.1/../../../../arm-none-eabi/lib/thumb/v7-m/nofp\libc_nano.a(libc_a-printf.o)
                              ./Core/Src/66122_6350.o (printf)
C:/ST/STM32CubeIDE_1.19.0/STM32CubeIDE/plugins/com.st.stm32cube.ide.mcu.externaltools.gnu-tools-for-stm32.13.3.rel1.win32_1.0.0.202411081344/tools/bin/../lib/gcc/arm-none-eabi/13.3.1/../../../../arm-none-eabi/lib/thumb/v7-m/nofp\libc_nano.a(libc_a-putchar.o)
                              ./Core/Src/IT68013CX/it68013CX_it680X.o (putchar)
C:/ST/STM32CubeIDE_1.19.0/STM32CubeIDE/plugins/com.st.stm32cube.ide.mcu.externaltools.gnu-tools-for-stm32.13.3.rel1.win32_1.0.0.202411081344/tools/bin/../lib/gcc/arm-none-eabi/13.3.1/../../../../arm-none-eabi/lib/thumb/v7-m/nofp\libc_nano.a(libc_a-puts.o)
                              ./Core/Src/OEM1_Main.o (puts)
C:/ST/STM32CubeIDE_1.19.0/STM32CubeIDE/plugins/com.st.stm32cube.ide.mcu.externaltools.gnu-tools-for-stm32.13.3.rel1.win32_1.0.0.202411081344/tools/bin/../lib/gcc/arm-none-eabi/13.3.1/../../../../arm-none-eabi/lib/thumb/v7-m/nofp\libc_nano.a(libc_a-stdio.o)
                              C:/ST/STM32CubeIDE_1.19.0/STM32CubeIDE/plugins/com.st.stm32cube.ide.mcu.externaltools.gnu-tools-for-stm32.13.3.rel1.win32_1.0.0.202411081344/tools/bin/../lib/gcc/arm-none-eabi/13.3.1/../../../../arm-none-eabi/lib/thumb/v7-m/nofp\libc_nano.a(libc_a-findfp.o) (__sread)
C:/ST/STM32CubeIDE_1.19.0/STM32CubeIDE/plugins/com.st.stm32cube.ide.mcu.externaltools.gnu-tools-for-stm32.13.3.rel1.win32_1.0.0.202411081344/tools/bin/../lib/gcc/arm-none-eabi/13.3.1/../../../../arm-none-eabi/lib/thumb/v7-m/nofp\libc_nano.a(libc_a-wbuf.o)
                              C:/ST/STM32CubeIDE_1.19.0/STM32CubeIDE/plugins/com.st.stm32cube.ide.mcu.externaltools.gnu-tools-for-stm32.13.3.rel1.win32_1.0.0.202411081344/tools/bin/../lib/gcc/arm-none-eabi/13.3.1/../../../../arm-none-eabi/lib/thumb/v7-m/nofp\libc_nano.a(libc_a-puts.o) (__swbuf_r)
C:/ST/STM32CubeIDE_1.19.0/STM32CubeIDE/plugins/com.st.stm32cube.ide.mcu.externaltools.gnu-tools-for-stm32.13.3.rel1.win32_1.0.0.202411081344/tools/bin/../lib/gcc/arm-none-eabi/13.3.1/../../../../arm-none-eabi/lib/thumb/v7-m/nofp\libc_nano.a(libc_a-wsetup.o)
                              C:/ST/STM32CubeIDE_1.19.0/STM32CubeIDE/plugins/com.st.stm32cube.ide.mcu.externaltools.gnu-tools-for-stm32.13.3.rel1.win32_1.0.0.202411081344/tools/bin/../lib/gcc/arm-none-eabi/13.3.1/../../../../arm-none-eabi/lib/thumb/v7-m/nofp\libc_nano.a(libc_a-puts.o) (__swsetup_r)
C:/ST/STM32CubeIDE_1.19.0/STM32CubeIDE/plugins/com.st.stm32cube.ide.mcu.externaltools.gnu-tools-for-stm32.13.3.rel1.win32_1.0.0.202411081344/tools/bin/../lib/gcc/arm-none-eabi/13.3.1/../../../../arm-none-eabi/lib/thumb/v7-m/nofp\libc_nano.a(libc_a-memset.o)
                              C:/ST/STM32CubeIDE_1.19.0/STM32CubeIDE/plugins/com.st.stm32cube.ide.mcu.externaltools.gnu-tools-for-stm32.13.3.rel1.win32_1.0.0.202411081344/tools/bin/../lib/gcc/arm-none-eabi/13.3.1/../../../../arm-none-eabi/lib/thumb/v7-m/nofp/crt0.o (memset)
[...]
Memory Configuration

Name             Origin             Length             Attributes
RAM              0x20000000         0x00005000         xrw
FLASH            0x08000000         0x00010000         xr
*default*        0x00000000         0xffffffff

Linker script and memory map

LOAD C:/ST/STM32CubeIDE_1.19.0/STM32CubeIDE/plugins/com.st.stm32cube.ide.mcu.externaltools.gnu-tools-for-stm32.13.3.rel1.win32_1.0.0.202411081344/tools/bin/../lib/gcc/arm-none-eabi/13.3.1/thumb/v7-m/nofp/crti.o
LOAD C:/ST/STM32CubeIDE_1.19.0/STM32CubeIDE/plugins/com.st.stm32cube.ide.mcu.externaltools.gnu-tools-for-stm32.13.3.rel1.win32_1.0.0.202411081344/tools/bin/../lib/gcc/arm-none-eabi/13.3.1/thumb/v7-m/nofp/crtbegin.o
LOAD C:/ST/STM32CubeIDE_1.19.0/STM32CubeIDE/plugins/com.st.stm32cube.ide.mcu.externaltools.gnu-tools-for-stm32.13.3.rel1.win32_1.0.0.202411081344/tools/bin/../lib/gcc/arm-none-eabi/13.3.1/../../../../arm-none-eabi/lib/thumb/v7-m/nofp/crt0.o
LOAD ./Core/Src/66122_6350.o
LOAD ./Core/Src/OEM1_Main.o
LOAD ./Core/Src/csc.o
LOAD ./Core/Src/hdmitx_drv.o
LOAD ./Core/Src/hdmitx_hdcp.o
LOAD ./Core/Src/hdmitx_input.o
LOAD ./Core/Src/hdmitx_sys.o
LOAD ./Core/Src/main.o
LOAD ./Core/Src/sha1.o
LOAD ./Core/Src/stm32f1xx_hal_msp.o
LOAD ./Core/Src/stm32f1xx_it.o
LOAD ./Core/Src/syscalls.o
LOAD ./Core/Src/sysmem.o
LOAD ./Core/Src/system_stm32f1xx.o
LOAD ./Core/Src/IT68013CX/it68013CX_IO.o
LOAD ./Core/Src/IT68013CX/it68013CX_Remote.o
LOAD ./Core/Src/IT68013CX/it68013CX_Utility.o
LOAD ./Core/Src/IT68013CX/it68013CX_edid.o
LOAD ./Core/Src/IT68013CX/it68013CX_it680X.o
LOAD ./Core/Src/IT68013CX/it68013CX_it680X_cec.o
LOAD ./Core/Src/IT68013CX/it68013CX_main.o
LOAD ./Core/Startup/startup_stm32f103c8tx.o
LOAD ./Drivers/STM32F1xx_HAL_Driver/Src/stm32f1xx_hal.o
LOAD ./Drivers/STM32F1xx_HAL_Driver/Src/stm32f1xx_hal_cortex.o
LOAD ./Drivers/STM32F1xx_HAL_Driver/Src/stm32f1xx_hal_dma.o
LOAD ./Drivers/STM32F1xx_HAL_Driver/Src/stm32f1xx_hal_exti.o
LOAD ./Drivers/STM32F1xx_HAL_Driver/Src/stm32f1xx_hal_flash.o
LOAD ./Drivers/STM32F1xx_HAL_Driver/Src/stm32f1xx_hal_flash_ex.o
LOAD ./Drivers/STM32F1xx_HAL_Driver/Src/stm32f1xx_hal_gpio.o
LOAD ./Drivers/STM32F1xx_HAL_Driver/Src/stm32f1xx_hal_gpio_ex.o
LOAD ./Drivers/STM32F1xx_HAL_Driver/Src/stm32f1xx_hal_i2c.o
LOAD ./Drivers/STM32F1xx_HAL_Driver/Src/stm32f1xx_hal_pwr.o
LOAD ./Drivers/STM32F1xx_HAL_Driver/Src/stm32f1xx_hal_rcc.o
LOAD ./Drivers/STM32F1xx_HAL_Driver/Src/stm32f1xx_hal_rcc_ex.o
LOAD ./Drivers/STM32F1xx_HAL_Driver/Src/stm32f1xx_hal_uart.o
START GROUP
LOAD C:/ST/STM32CubeIDE_1.19.0/STM32CubeIDE/plugins/com.st.stm32cube.ide.mcu.externaltools.gnu-tools-for-stm32.13.3.rel1.win32_1.0.0.202411081344/tools/bin/../lib/gcc/arm-none-eabi/13.3.1/../../../../arm-none-eabi/lib/thumb/v7-m/nofp\libc_nano.a
LOAD C:/ST/STM32CubeIDE_1.19.0/STM32CubeIDE/plugins/com.st.stm32cube.ide.mcu.externaltools.gnu-tools-for-stm32.13.3.rel1.win32_1.0.0.202411081344/tools/bin/../lib/gcc/arm-none-eabi/13.3.1/../../../../arm-none-eabi/lib/thumb/v7-m/nofp\libm.a
END GROUP
START GROUP
LOAD C:/ST/STM32CubeIDE_1.19.0/STM32CubeIDE/plugins/com.st.stm32cube.ide.mcu.externaltools.gnu-tools-for-stm32.13.3.rel1.win32_1.0.0.202411081344/tools/bin/../lib/gcc/arm-none-eabi/13.3.1/thumb/v7-m/nofp\libgcc.a
LOAD C:/ST/STM32CubeIDE_1.19.0/STM32CubeIDE/plugins/com.st.stm32cube.ide.mcu.externaltools.gnu-tools-for-stm32.13.3.rel1.win32_1.0.0.202411081344/tools/bin/../lib/gcc/arm-none-eabi/13.3.1/../../../../arm-none-eabi/lib/thumb/v7-m/nofp\libc_nano.a
END GROUP
START GROUP
LOAD C:/ST/STM32CubeIDE_1.19.0/STM32CubeIDE/plugins/com.st.stm32cube.ide.mcu.externaltools.gnu-tools-for-stm32.13.3.rel1.win32_1.0.0.202411081344/tools/bin/../lib/gcc/arm-none-eabi/13.3.1/thumb/v7-m/nofp\libgcc.a
LOAD C:/ST/STM32CubeIDE_1.19.0/STM32CubeIDE/plugins/com.st.stm32cube.ide.mcu.externaltools.gnu-tools-for-stm32.13.3.rel1.win32_1.0.0.202411081344/tools/bin/../lib/gcc/arm-none-eabi/13.3.1/../../../../arm-none-eabi/lib/thumb/v7-m/nofp\libc_nano.a
LOAD C:/ST/STM32CubeIDE_1.19.0/STM32CubeIDE/plugins/com.st.stm32cube.ide.mcu.externaltools.gnu-tools-for-stm32.13.3.rel1.win32_1.0.0.202411081344/tools/bin/../lib/gcc/arm-none-eabi/13.3.1/../../../../arm-none-eabi/lib/thumb/v7-m/nofp\libnosys.a
END GROUP
START GROUP
LOAD C:/ST/STM32CubeIDE_1.19.0/STM32CubeIDE/plugins/com.st.stm32cube.ide.mcu.externaltools.gnu-tools-for-stm32.13.3.rel1.win32_1.0.0.202411081344/tools/bin/../lib/gcc/arm-none-eabi/13.3.1/thumb/v7-m/nofp\libgcc.a
LOAD C:/ST/STM32CubeIDE_1.19.0/STM32CubeIDE/plugins/com.st.stm32cube.ide.mcu.externaltools.gnu-tools-for-stm32.13.3.rel1.win32_1.0.0.202411081344/tools/bin/../lib/gcc/arm-none-eabi/13.3.1/../../../../arm-none-eabi/lib/thumb/v7-m/nofp\libc_nano.a
LOAD C:/ST/STM32CubeIDE_1.19.0/STM32CubeIDE/plugins/com.st.stm32cube.ide.mcu.externaltools.gnu-tools-for-stm32.13.3.rel1.win32_1.0.0.202411081344/tools/bin/../lib/gcc/arm-none-eabi/13.3.1/../../../../arm-none-eabi/lib/thumb/v7-m/nofp\libnosys.a
END GROUP
LOAD C:/ST/STM32CubeIDE_1.19.0/STM32CubeIDE/plugins/com.st.stm32cube.ide.mcu.externaltools.gnu-tools-for-stm32.13.3.rel1.win32_1.0.0.202411081344/tools/bin/../lib/gcc/arm-none-eabi/13.3.1/thumb/v7-m/nofp/crtend.o
LOAD C:/ST/STM32CubeIDE_1.19.0/STM32CubeIDE/plugins/com.st.stm32cube.ide.mcu.externaltools.gnu-tools-for-stm32.13.3.rel1.win32_1.0.0.202411081344/tools/bin/../lib/gcc/arm-none-eabi/13.3.1/thumb/v7-m/nofp/crtn.o
                0x20005000                        _estack = (ORIGIN (RAM) + LENGTH (RAM))
                0x00000200                        _Min_Heap_Size = 0x200
                0x00000400                        _Min_Stack_Size = 0x400

.isr_vector     0x08000000      0x10c
                0x08000000                        . = ALIGN (0x4)
 *(.isr_vector)
 .isr_vector    0x08000000      0x10c ./Core/Startup/startup_stm32f103c8tx.o
                0x08000000                g_pfnVectors
                0x0800010c                        . = ALIGN (0x4)

.text           0x0800010c     0x6124
                0x0800010c                        . = ALIGN (0x4)
 *(.text)
 .text          0x0800010c       0x40 C:/ST/STM32CubeIDE_1.19.0/STM32CubeIDE/plugins/com.st.stm32cube.ide.mcu.externaltools.gnu-tools-for-stm32.13.3.rel1.win32_1.0.0.202411081344/tools/bin/../lib/gcc/arm-none-eabi/13.3.1/thumb/v7-m/nofp/crtbegin.o
 *(.text*)
 .text._write   0x0800014c       0x18 ./Core/Src/main.o
                0x0800014c                _write
 .text.Reset_ITE
                0x08000164       0x58 ./Core/Src/main.o
                0x08000164                Reset_ITE
 .text.SystemClock_Config
                0x080001bc       0x50 ./Core/Src/main.o
                0x080001bc                SystemClock_Config
 .text.startup.main
                0x0800020c      0x130 ./Core/Src/main.o
                0x0800020c                main
 .text.HAL_MspInit
                0x0800033c       0x30 ./Core/Src/stm32f1xx_hal_msp.o
                0x0800033c                HAL_MspInit
 .text.HAL_I2C_MspInit
                0x0800036c       0x64 ./Core/Src/stm32f1xx_hal_msp.o
                0x0800036c                HAL_I2C_MspInit
 .text.HAL_UART_MspInit
                0x080003d0       0xc4 ./Core/Src/stm32f1xx_hal_msp.o
                0x080003d0                HAL_UART_MspInit
 .text.NMI_Handler
                0x08000494        0x2 ./Core/Src/stm32f1xx_it.o
                0x08000494                NMI_Handler
 .text.HardFault_Handler
                0x08000496        0x2 ./Core/Src/stm32f1xx_it.o
                0x08000496                HardFault_Handler
 .text.MemManage_Handler
                0x08000498        0x2 ./Core/Src/stm32f1xx_it.o
                0x08000498                MemManage_Handler
 .text.BusFault_Handler
                0x0800049a        0x2 ./Core/Src/stm32f1xx_it.o
                0x0800049a                BusFault_Handler
 .text.UsageFault_Handler
                0x0800049c        0x2 ./Core/Src/stm32f1xx_it.o
                0x0800049c                UsageFault_Handler
 .text.SVC_Handler
                0x0800049e        0x2 ./Core/Src/stm32f1xx_it.o
                0x0800049e                SVC_Handler
 .text.DebugMon_Handler
                0x080004a0        0x2 ./Core/Src/stm32f1xx_it.o
                0x080004a0                DebugMon_Handler
 .text.PendSV_Handler
                0x080004a2        0x2 ./Core/Src/stm32f1xx_it.o
                0x080004a2                PendSV_Handler
 .text.SysTick_Handler
                0x080004a4        0x4 ./Core/Src/stm32f1xx_it.o
                0x080004a4                SysTick_Handler
 .text._read    0x080004a8       0x1c ./Core/Src/syscalls.o
                0x080004a8                _read
 .text._close   0x080004c4        0x6 ./Core/Src/syscalls.o
                0x080004c4                _close
 .text._fstat   0x080004ca        0xa ./Core/Src/syscalls.o
                0x080004ca                _fstat
 .text._isatty  0x080004d4        0x4 ./Core/Src/syscalls.o
                0x080004d4                _isatty
 .text._lseek   0x080004d8        0x4 ./Core/Src/syscalls.o
                0x080004d8                _lseek
 .text._sbrk    0x080004dc       0x40 ./Core/Src/sysmem.o
                0x080004dc                _sbrk
 .text.SystemInit
                0x0800051c        0x2 ./Core/Src/system_stm32f1xx.o
                0x0800051c                SystemInit
 *fill*         0x0800051e        0x2 
 .text.it68013CX_i2c_write_byte
                0x08000520       0x3c ./Core/Src/IT68013CX/it68013CX_IO.o
                0x08000520                it68013CX_i2c_write_byte
 .text.it68013CX_i2c_read_byte
                0x0800055c       0x3c ./Core/Src/IT68013CX/it68013CX_IO.o
                0x0800055c                it68013CX_i2c_read_byte
 .text.init_printf
                0x08000598        0x2 ./Core/Src/IT68013CX/it68013CX_Utility.o
                0x08000598                init_printf
 .text.initialTimer1
                0x0800059a        0x2 ./Core/Src/IT68013CX/it68013CX_Utility.o
                0x0800059a                initialTimer1
 .text.getloopTicCount
                0x0800059c       0x18 ./Core/Src/IT68013CX/it68013CX_Utility.o
                0x0800059c                getloopTicCount
 .text.delay1ms
                0x080005b4        0x4 ./Core/Src/IT68013CX/it68013CX_Utility.o
                0x080005b4                delay1ms
 .text.hdmirxbwr.part.0
                0x080005b8       0x20 ./Core/Src/IT68013CX/it68013CX_it680X.o
 .text.hdmirxrd
                0x080005d8       0x24 ./Core/Src/IT68013CX/it68013CX_it680X.o
                0x080005d8                hdmirxrd
 .text.hdmirxwr
                0x080005fc       0x2c ./Core/Src/IT68013CX/it68013CX_it680X.o
                0x080005fc                hdmirxwr
 .text.hdmirxset
                0x08000628       0x20 ./Core/Src/IT68013CX/it68013CX_it680X.o
                0x08000628                hdmirxset
 .text.DisableOverWriteRS.part.0
                0x08000648       0x58 ./Core/Src/IT68013CX/it68013CX_it680X.o
 .text.HDMISetEQValue.part.0
                0x080006a0       0x74 ./Core/Src/IT68013CX/it68013CX_it680X.o
 .text.IT6802_ManualVideoTristate.part.0
                0x08000714       0x4c ./Core/Src/IT68013CX/it68013CX_it680X.o
 .text.IT6802VideoOutputEnable.part.0
                0x08000760       0x34 ./Core/Src/IT68013CX/it68013CX_it680X.o
 .text.hdimrx_write_init
                0x08000794       0x1c ./Core/Src/IT68013CX/it68013CX_it680X.o
                0x08000794                hdimrx_write_init
 .text.hdmirx_Var_init
                0x080007b0       0xac ./Core/Src/IT68013CX/it68013CX_it680X.o
                0x080007b0                hdmirx_Var_init
 .text.IT6802_Identify_Chip
                0x0800085c       0x64 ./Core/Src/IT68013CX/it68013CX_it680X.o
                0x0800085c                IT6802_Identify_Chip
 .text.chgbank  0x080008c0        0xc ./Core/Src/IT68013CX/it68013CX_it680X.o
                0x080008c0                chgbank
 .text.IT6802_DCLKInvertConfigure.part.0
                0x080008cc       0x50 ./Core/Src/IT68013CX/it68013CX_it680X.o
 .text.CheckSCDT
                0x0800091c       0x24 ./Core/Src/IT68013CX/it68013CX_it680X.o
                0x0800091c                CheckSCDT
 .text.CLKCheck
                0x08000940       0x1a ./Core/Src/IT68013CX/it68013CX_it680X.o
                0x08000940                CLKCheck
 *fill*         0x0800095a        0x2 
 .text.DisableOverWriteRS
                0x0800095c       0x64 ./Core/Src/IT68013CX/it68013CX_it680X.o
                0x0800095c                DisableOverWriteRS
 .text.TogglePolarity
                0x080009c0      0x118 ./Core/Src/IT68013CX/it68013CX_it680X.o
                0x080009c0                TogglePolarity
 .text.TMDSCheck
                0x08000ad8      0x2b4 ./Core/Src/IT68013CX/it68013CX_it680X.o
                0x08000ad8                TMDSCheck
 .text.OverWriteAmpValue2EQ
                0x08000d8c      0x294 ./Core/Src/IT68013CX/it68013CX_it680X.o
                0x08000d8c                OverWriteAmpValue2EQ
 .text.JudgeBestEQ
                0x08001020       0xac ./Core/Src/IT68013CX/it68013CX_it680X.o
                0x08001020                JudgeBestEQ
 .text.StoreEccCount
                0x080010cc       0x38 ./Core/Src/IT68013CX/it68013CX_it680X.o
                0x080010cc                StoreEccCount
 .text.CheckAVMute
                0x08001104       0x26 ./Core/Src/IT68013CX/it68013CX_it680X.o
                0x08001104                CheckAVMute
 .text.CheckPlg5VPwr
                0x0800112a       0x14 ./Core/Src/IT68013CX/it68013CX_it680X.o
                0x0800112a                CheckPlg5VPwr
 .text.IsHDMIMode
                0x0800113e       0x32 ./Core/Src/IT68013CX/it68013CX_it680X.o
                0x0800113e                IsHDMIMode
 .text.GetAVIInfoFrame
                0x08001170       0x78 ./Core/Src/IT68013CX/it68013CX_it680X.o
                0x08001170                GetAVIInfoFrame
 .text.SetVideoInputFormatWithInfoFrame
                0x080011e8       0xb0 ./Core/Src/IT68013CX/it68013CX_it680X.o
                0x080011e8                SetVideoInputFormatWithInfoFrame
 .text.SetColorimetryByInfoFrame
                0x08001298       0x36 ./Core/Src/IT68013CX/it68013CX_it680X.o
                0x08001298                SetColorimetryByInfoFrame
 *fill*         0x080012ce        0x2 
 .text.SetColorSpaceConvert
                0x080012d0      0x354 ./Core/Src/IT68013CX/it68013CX_it680X.o
                0x080012d0                SetColorSpaceConvert
 .text.SetVideoInputFormatWithoutInfoFrame
                0x08001624       0x4e ./Core/Src/IT68013CX/it68013CX_it680X.o
                0x08001624                SetVideoInputFormatWithoutInfoFrame
 *fill*         0x08001672        0x2 
 .text.SetColorimetryByMode
                0x08001674       0x2c ./Core/Src/IT68013CX/it68013CX_it680X.o
                0x08001674                SetColorimetryByMode
 .text.IT6802_HalfPCLKFinetune
                0x080016a0      0x154 ./Core/Src/IT68013CX/it68013CX_it680X.o
                0x080016a0                IT6802_HalfPCLKFinetune
 .text.IT6802_DCLKInvertConfigure
                0x080017f4       0x10 ./Core/Src/IT68013CX/it68013CX_it680X.o
                0x080017f4                IT6802_DCLKInvertConfigure
 .text.IT6802_VideoOutputModeSet
                0x08001804      0x144 ./Core/Src/IT68013CX/it68013CX_it680X.o
                0x08001804                IT6802_VideoOutputModeSet
 .text.SetVideoOutputColorFormat
                0x08001948       0x22 ./Core/Src/IT68013CX/it68013CX_it680X.o
                0x08001948                SetVideoOutputColorFormat
 *fill*         0x0800196a        0x2 
 .text.SetNewInfoVideoOutput
                0x0800196c       0x2c ./Core/Src/IT68013CX/it68013CX_it680X.o
                0x0800196c                SetNewInfoVideoOutput
 .text.SetDVIVideoOutput
                0x08001998       0x2c ./Core/Src/IT68013CX/it68013CX_it680X.o
                0x08001998                SetDVIVideoOutput
 .text.IT6802VideoOutputConfigure
                0x080019c4       0x66 ./Core/Src/IT68013CX/it68013CX_it680X.o
                0x080019c4                IT6802VideoOutputConfigure
 *fill*         0x08001a2a        0x2 
 .text.it6802HPDCtrl
                0x08001a2c       0xc0 ./Core/Src/IT68013CX/it68013CX_it680X.o
                0x08001a2c                it6802HPDCtrl
 .text.hdmirx_ECCTimingOut
                0x08001aec       0x6c ./Core/Src/IT68013CX/it68013CX_it680X.o
                0x08001aec                hdmirx_ECCTimingOut
 .text.aud_fiforst
                0x08001b58       0x42 ./Core/Src/IT68013CX/it68013CX_it680X.o
                0x08001b58                aud_fiforst
 .text.IT6802AudioOutputEnable
                0x08001b9a       0x1c ./Core/Src/IT68013CX/it68013CX_it680X.o
                0x08001b9a                IT6802AudioOutputEnable
 .text.hdmirx_SetHWMuteClrMode
                0x08001bb6        0xa ./Core/Src/IT68013CX/it68013CX_it680X.o
                0x08001bb6                hdmirx_SetHWMuteClrMode
 .text.hdmirx_SetHWMuteClr
                0x08001bc0        0xa ./Core/Src/IT68013CX/it68013CX_it680X.o
                0x08001bc0                hdmirx_SetHWMuteClr
 .text.hdmirx_ClearHWMuteClr
                0x08001bca        0xa ./Core/Src/IT68013CX/it68013CX_it680X.o
                0x08001bca                hdmirx_ClearHWMuteClr
 .text.getHDMIRXInputAudio
                0x08001bd4       0x4e ./Core/Src/IT68013CX/it68013CX_it680X.o
                0x08001bd4                getHDMIRXInputAudio
 .text.IT6802SwitchAudioState
                0x08001c22       0x4e ./Core/Src/IT68013CX/it68013CX_it680X.o
                0x08001c22                IT6802SwitchAudioState
 .text.IT6802AudioHandler
                0x08001c70      0x104 ./Core/Src/IT68013CX/it68013CX_it680X.o
                0x08001c70                IT6802AudioHandler
 .text.IT6802_AFE_Rst
                0x08001d74       0x5c ./Core/Src/IT68013CX/it68013CX_it680X.o
                0x08001d74                IT6802_AFE_Rst
 .text.IT6802_ManualVideoTristate
                0x08001dd0       0x38 ./Core/Src/IT68013CX/it68013CX_it680X.o
                0x08001dd0                IT6802_ManualVideoTristate
 .text.IT6802_SetVideoMute
                0x08001e08       0xb0 ./Core/Src/IT68013CX/it68013CX_it680X.o
                0x08001e08                IT6802_SetVideoMute
 .text.IT6802VideoOutputEnable
                0x08001eb8       0x24 ./Core/Src/IT68013CX/it68013CX_it680X.o
                0x08001eb8                IT6802VideoOutputEnable
 .text.hdmirx_INT_P0_ECC
                0x08001edc       0x30 ./Core/Src/IT68013CX/it68013CX_it680X.o
                0x08001edc                hdmirx_INT_P0_ECC
 .text.hdmirx_INT_P1_ECC
                0x08001f0c       0x30 ./Core/Src/IT68013CX/it68013CX_it680X.o
                0x08001f0c                hdmirx_INT_P1_ECC
 .text.hdmirx_INT_P0_Deskew
                0x08001f3c       0x3c ./Core/Src/IT68013CX/it68013CX_it680X.o
                0x08001f3c                hdmirx_INT_P0_Deskew
 .text.hdmirx_INT_P1_Deskew
                0x08001f78       0x3c ./Core/Src/IT68013CX/it68013CX_it680X.o
                0x08001f78                hdmirx_INT_P1_Deskew
 .text.hdmirx_INT_HDMIMode_Chg
                0x08001fb4       0x7c ./Core/Src/IT68013CX/it68013CX_it680X.o
                0x08001fb4                hdmirx_INT_HDMIMode_Chg
 .text.OSCvalueCompare
                0x08002030       0x30 ./Core/Src/IT68013CX/it68013CX_it680X.o
                0x08002030                OSCvalueCompare
 .text.CP_OCLK  0x08002060       0xc8 ./Core/Src/IT68013CX/it68013CX_it680X.o
                0x08002060                CP_OCLK
 .text.Cal_oclk
                0x08002128       0xa0 ./Core/Src/IT68013CX/it68013CX_it680X.o
                0x08002128                Cal_oclk
 .text.IT6802_IsSelectedPort
                0x080021c8       0x16 ./Core/Src/IT68013CX/it68013CX_it680X.o
                0x080021c8                IT6802_IsSelectedPort
 *fill*         0x080021de        0x2 
 .text.IT6802_HDCP_ContentOff
                0x080021e0       0x50 ./Core/Src/IT68013CX/it68013CX_it680X.o
                0x080021e0                IT6802_HDCP_ContentOff
 .text.HDMISwitchEQstate
                0x08002230       0x50 ./Core/Src/IT68013CX/it68013CX_it680X.o
                0x08002230                HDMISwitchEQstate
 .text.HDMIPollingErrorCount
                0x08002280      0x2bc ./Core/Src/IT68013CX/it68013CX_it680X.o
                0x08002280                HDMIPollingErrorCount
 .text.HDMIJudgeECCvalue
                0x0800253c       0x44 ./Core/Src/IT68013CX/it68013CX_it680X.o
                0x0800253c                HDMIJudgeECCvalue
 .text.HDMICheckSCDTon
                0x08002580      0x1b4 ./Core/Src/IT68013CX/it68013CX_it680X.o
                0x08002580                HDMICheckSCDTon
 .text.HDMIAdjustEQ
                0x08002734       0x84 ./Core/Src/IT68013CX/it68013CX_it680X.o
                0x08002734                HDMIAdjustEQ
 .text.HDMIStartEQDetect
                0x080027b8       0x48 ./Core/Src/IT68013CX/it68013CX_it680X.o
                0x080027b8                HDMIStartEQDetect
 .text.AmpValidCheck
                0x08002800      0x1dc ./Core/Src/IT68013CX/it68013CX_it680X.o
                0x08002800                AmpValidCheck
 .text.hdmirx_INT_EQ_FAIL
                0x080029dc      0x19c ./Core/Src/IT68013CX/it68013CX_it680X.o
                0x080029dc                hdmirx_INT_EQ_FAIL
 .text.IT6802HDMIEventManager
                0x08002b78       0xec ./Core/Src/IT68013CX/it68013CX_it680X.o
                0x08002b78                IT6802HDMIEventManager
 .text.get_vid_info
                0x08002c64      0x1bc ./Core/Src/IT68013CX/it68013CX_it680X.o
                0x08002c64                get_vid_info
 .text.IPLLOvw_chk
                0x08002e20      0x128 ./Core/Src/IT68013CX/it68013CX_it680X.o
                0x08002e20                IPLLOvw_chk
 .text.show_vid_info
                0x08002f48       0x8c ./Core/Src/IT68013CX/it68013CX_it680X.o
                0x08002f48                show_vid_info
 .text.IT6802SwitchVideoState
                0x08002fd4       0xf4 ./Core/Src/IT68013CX/it68013CX_it680X.o
                0x08002fd4                IT6802SwitchVideoState
 .text.IT6802_Rst
                0x080030c8       0x3c ./Core/Src/IT68013CX/it68013CX_it680X.o
                0x080030c8                IT6802_Rst
 .text.WaitingForSCDT
                0x08003104       0xdc ./Core/Src/IT68013CX/it68013CX_it680X.o
                0x08003104                WaitingForSCDT
 .text.it6802PortSelect
                0x080031e0       0x38 ./Core/Src/IT68013CX/it68013CX_it680X.o
                0x080031e0                it6802PortSelect
 .text.IT6802_fsm_init
                0x08003218       0x3c ./Core/Src/IT68013CX/it68013CX_it680X.o
                0x08003218                IT6802_fsm_init
 .text.IT6802VideoHandler
                0x08003254       0x7e ./Core/Src/IT68013CX/it68013CX_it680X.o
                0x08003254                IT6802VideoHandler
 *fill*         0x080032d2        0x2 
 .text.hdmirx_INT_5V_Pwr_Chg
                0x080032d4       0xa4 ./Core/Src/IT68013CX/it68013CX_it680X.o
                0x080032d4                hdmirx_INT_5V_Pwr_Chg
 .text.hdmirx_INT_SCDT_Chg
                0x08003378       0x40 ./Core/Src/IT68013CX/it68013CX_it680X.o
                0x08003378                hdmirx_INT_SCDT_Chg
 .text.Dump3DReg
                0x080033b8       0x30 ./Core/Src/IT68013CX/it68013CX_it680X.o
                0x080033b8                Dump3DReg
 .text.IT6802_DE3DFrame
                0x080033e8      0x388 ./Core/Src/IT68013CX/it68013CX_it680X.o
                0x080033e8                IT6802_DE3DFrame
 .text.IT6802HDMIInterruptHandler
                0x08003770      0x71c ./Core/Src/IT68013CX/it68013CX_it680X.o
                0x08003770                IT6802HDMIInterruptHandler
 .text.IT6802_fsm
                0x08003e8c       0x48 ./Core/Src/IT68013CX/it68013CX_it680X.o
                0x08003e8c                IT6802_fsm
 .text.InitMessage
                0x08003ed4       0x38 ./Core/Src/IT68013CX/it68013CX_main.o
                0x08003ed4                InitMessage
 .text.it68013CX_main
                0x08003f0c       0x5c ./Core/Src/IT68013CX/it68013CX_main.o
                0x08003f0c                it68013CX_main
 .text.Reset_Handler
                0x08003f68       0x48 ./Core/Startup/startup_stm32f103c8tx.o
                0x08003f68                Reset_Handler
 .text.Default_Handler
                0x08003fb0        0x2 ./Core/Startup/startup_stm32f103c8tx.o
                0x08003fb0                RTC_Alarm_IRQHandler
                0x08003fb0                EXTI2_IRQHandler
                0x08003fb0                TIM1_CC_IRQHandler
                0x08003fb0                PVD_IRQHandler
                0x08003fb0                EXTI3_IRQHandler
                0x08003fb0                EXTI0_IRQHandler
                0x08003fb0                I2C2_EV_IRQHandler
                0x08003fb0                ADC1_2_IRQHandler
                0x08003fb0                SPI1_IRQHandler
                0x08003fb0                TAMPER_IRQHandler
                0x08003fb0                DMA1_Channel4_IRQHandler
                0x08003fb0                USART3_IRQHandler
                0x08003fb0                RTC_IRQHandler
                0x08003fb0                DMA1_Channel7_IRQHandler
                0x08003fb0                CAN1_RX1_IRQHandler
                0x08003fb0                TIM4_IRQHandler
                0x08003fb0                I2C1_EV_IRQHandler
                0x08003fb0                DMA1_Channel6_IRQHandler
                0x08003fb0                TIM3_IRQHandler
                0x08003fb0                RCC_IRQHandler
                0x08003fb0                TIM1_TRG_COM_IRQHandler
                0x08003fb0                DMA1_Channel1_IRQHandler
                0x08003fb0                Default_Handler
                0x08003fb0                EXTI15_10_IRQHandler
                0x08003fb0                EXTI9_5_IRQHandler
                0x08003fb0                SPI2_IRQHandler
                0x08003fb0                DMA1_Channel5_IRQHandler
                0x08003fb0                EXTI4_IRQHandler
                0x08003fb0                USB_LP_CAN1_RX0_IRQHandler
                0x08003fb0                USB_HP_CAN1_TX_IRQHandler
                0x08003fb0                DMA1_Channel3_IRQHandler
                0x08003fb0                TIM1_UP_IRQHandler
                0x08003fb0                WWDG_IRQHandler
                0x08003fb0                TIM2_IRQHandler
                0x08003fb0                TIM1_BRK_IRQHandler
                0x08003fb0                EXTI1_IRQHandler
                0x08003fb0                USART2_IRQHandler
                0x08003fb0                I2C2_ER_IRQHandler
                0x08003fb0                DMA1_Channel2_IRQHandler
                0x08003fb0                CAN1_SCE_IRQHandler
                0x08003fb0                FLASH_IRQHandler
                0x08003fb0                USART1_IRQHandler
                0x08003fb0                I2C1_ER_IRQHandler
                0x08003fb0                USBWakeUp_IRQHandler
 *fill*         0x08003fb2        0x2 
 .text.HAL_InitTick
                0x08003fb4       0x48 ./Drivers/STM32F1xx_HAL_Driver/Src/stm32f1xx_hal.o
                0x08003fb4                HAL_InitTick
 .text.HAL_Init
                0x08003ffc       0x24 ./Drivers/STM32F1xx_HAL_Driver/Src/stm32f1xx_hal.o
                0x08003ffc                HAL_Init
 .text.HAL_IncTick
                0x08004020       0x18 ./Drivers/STM32F1xx_HAL_Driver/Src/stm32f1xx_hal.o
                0x08004020                HAL_IncTick
 .text.HAL_GetTick
                0x08004038        0xc ./Drivers/STM32F1xx_HAL_Driver/Src/stm32f1xx_hal.o
                0x08004038                HAL_GetTick
 .text.HAL_Delay
                0x08004044       0x24 ./Drivers/STM32F1xx_HAL_Driver/Src/stm32f1xx_hal.o
                0x08004044                HAL_Delay
 .text.HAL_NVIC_SetPriorityGrouping
                0x08004068       0x24 ./Drivers/STM32F1xx_HAL_Driver/Src/stm32f1xx_hal_cortex.o
                0x08004068                HAL_NVIC_SetPriorityGrouping
 .text.HAL_NVIC_SetPriority
                0x0800408c       0x60 ./Drivers/STM32F1xx_HAL_Driver/Src/stm32f1xx_hal_cortex.o
                0x0800408c                HAL_NVIC_SetPriority
 .text.HAL_SYSTICK_Config
                0x080040ec       0x28 ./Drivers/STM32F1xx_HAL_Driver/Src/stm32f1xx_hal_cortex.o
                0x080040ec                HAL_SYSTICK_Config
 .text.HAL_GPIO_Init
                0x08004114      0x1a8 ./Drivers/STM32F1xx_HAL_Driver/Src/stm32f1xx_hal_gpio.o
                0x08004114                HAL_GPIO_Init
 .text.HAL_GPIO_WritePin
                0x080042bc        0xa ./Drivers/STM32F1xx_HAL_Driver/Src/stm32f1xx_hal_gpio.o
                0x080042bc                HAL_GPIO_WritePin
 .text.I2C_IsAcknowledgeFailed
                0x080042c6       0x32 ./Drivers/STM32F1xx_HAL_Driver/Src/stm32f1xx_hal_i2c.o
 .text.I2C_WaitOnFlagUntilTimeout
                0x080042f8       0x80 ./Drivers/STM32F1xx_HAL_Driver/Src/stm32f1xx_hal_i2c.o
 .text.I2C_WaitOnMasterAddressFlagUntilTimeout
                0x08004378       0x84 ./Drivers/STM32F1xx_HAL_Driver/Src/stm32f1xx_hal_i2c.o
 .text.I2C_WaitOnTXEFlagUntilTimeout
                0x080043fc       0x54 ./Drivers/STM32F1xx_HAL_Driver/Src/stm32f1xx_hal_i2c.o
 .text.I2C_RequestMemoryWrite
                0x08004450       0xb4 ./Drivers/STM32F1xx_HAL_Driver/Src/stm32f1xx_hal_i2c.o
 .text.I2C_RequestMemoryRead
                0x08004504      0x108 ./Drivers/STM32F1xx_HAL_Driver/Src/stm32f1xx_hal_i2c.o
 .text.I2C_WaitOnBTFFlagUntilTimeout
                0x0800460c       0x54 ./Drivers/STM32F1xx_HAL_Driver/Src/stm32f1xx_hal_i2c.o
 .text.I2C_WaitOnRXNEFlagUntilTimeout
                0x08004660       0x66 ./Drivers/STM32F1xx_HAL_Driver/Src/stm32f1xx_hal_i2c.o
 *fill*         0x080046c6        0x2 
 .text.HAL_I2C_Init
                0x080046c8      0x150 ./Drivers/STM32F1xx_HAL_Driver/Src/stm32f1xx_hal_i2c.o
                0x080046c8                HAL_I2C_Init
 .text.HAL_I2C_Mem_Write
                0x08004818      0x120 ./Drivers/STM32F1xx_HAL_Driver/Src/stm32f1xx_hal_i2c.o
                0x08004818                HAL_I2C_Mem_Write
 .text.HAL_I2C_Mem_Read
                0x08004938      0x288 ./Drivers/STM32F1xx_HAL_Driver/Src/stm32f1xx_hal_i2c.o
                0x08004938                HAL_I2C_Mem_Read
 .text.HAL_RCC_OscConfig
                0x08004bc0      0x338 ./Drivers/STM32F1xx_HAL_Driver/Src/stm32f1xx_hal_rcc.o
                0x08004bc0                HAL_RCC_OscConfig
 .text.HAL_RCC_GetSysClockFreq
                0x08004ef8       0x4c ./Drivers/STM32F1xx_HAL_Driver/Src/stm32f1xx_hal_rcc.o
                0x08004ef8                HAL_RCC_GetSysClockFreq
 .text.HAL_RCC_ClockConfig
                0x08004f44      0x138 ./Drivers/STM32F1xx_HAL_Driver/Src/stm32f1xx_hal_rcc.o
                0x08004f44                HAL_RCC_ClockConfig
 .text.HAL_RCC_GetPCLK1Freq
                0x0800507c       0x20 ./Drivers/STM32F1xx_HAL_Driver/Src/stm32f1xx_hal_rcc.o
                0x0800507c                HAL_RCC_GetPCLK1Freq
 .text.HAL_RCC_GetPCLK2Freq
                0x0800509c       0x20 ./Drivers/STM32F1xx_HAL_Driver/Src/stm32f1xx_hal_rcc.o
                0x0800509c                HAL_RCC_GetPCLK2Freq
 .text.UART_EndRxTransfer
                0x080050bc       0x5c ./Drivers/STM32F1xx_HAL_Driver/Src/stm32f1xx_hal_uart.o
 .text.UART_SetConfig
                0x08005118       0x74 ./Drivers/STM32F1xx_HAL_Driver/Src/stm32f1xx_hal_uart.o
 .text.UART_WaitOnFlagUntilTimeout.constprop.0
                0x0800518c       0x64 ./Drivers/STM32F1xx_HAL_Driver/Src/stm32f1xx_hal_uart.o
 .text.HAL_UART_Init
                0x080051f0       0x5e ./Drivers/STM32F1xx_HAL_Driver/Src/stm32f1xx_hal_uart.o
                0x080051f0                HAL_UART_Init
 .text.HAL_UART_Transmit
                0x0800524e       0x9c ./Drivers/STM32F1xx_HAL_Driver/Src/stm32f1xx_hal_uart.o
                0x0800524e                HAL_UART_Transmit
 *fill*         0x080052ea        0x2 
 .text.std      0x080052ec       0x6c C:/ST/STM32CubeIDE_1.19.0/STM32CubeIDE/plugins/com.st.stm32cube.ide.mcu.externaltools.gnu-tools-for-stm32.13.3.rel1.win32_1.0.0.202411081344/tools/bin/../lib/gcc/arm-none-eabi/13.3.1/../../../../arm-none-eabi/lib/thumb/v7-m/nofp\libc_nano.a(libc_a-findfp.o)
 .text.stdio_exit_handler
                0x08005358       0x18 C:/ST/STM32CubeIDE_1.19.0/STM32CubeIDE/plugins/com.st.stm32cube.ide.mcu.externaltools.gnu-tools-for-stm32.13.3.rel1.win32_1.0.0.202411081344/tools/bin/../lib/gcc/arm-none-eabi/13.3.1/../../../../arm-none-eabi/lib/thumb/v7-m/nofp\libc_nano.a(libc_a-findfp.o)
 .text.cleanup_stdio
                0x08005370       0x40 C:/ST/STM32CubeIDE_1.19.0/STM32CubeIDE/plugins/com.st.stm32cube.ide.mcu.externaltools.gnu-tools-for-stm32.13.3.rel1.win32_1.0.0.202411081344/tools/bin/../lib/gcc/arm-none-eabi/13.3.1/../../../../arm-none-eabi/lib/thumb/v7-m/nofp\libc_nano.a(libc_a-findfp.o)
 .text.global_stdio_init.part.0
                0x080053b0       0x3c C:/ST/STM32CubeIDE_1.19.0/STM32CubeIDE/plugins/com.st.stm32cube.ide.mcu.externaltools.gnu-tools-for-stm32.13.3.rel1.win32_1.0.0.202411081344/tools/bin/../lib/gcc/arm-none-eabi/13.3.1/../../../../arm-none-eabi/lib/thumb/v7-m/nofp\libc_nano.a(libc_a-findfp.o)
 .text.__sfp_lock_acquire
                0x080053ec        0xc C:/ST/STM32CubeIDE_1.19.0/STM32CubeIDE/plugins/com.st.stm32cube.ide.mcu.externaltools.gnu-tools-for-stm32.13.3.rel1.win32_1.0.0.202411081344/tools/bin/../lib/gcc/arm-none-eabi/13.3.1/../../../../arm-none-eabi/lib/thumb/v7-m/nofp\libc_nano.a(libc_a-findfp.o)
                0x080053ec                __sfp_lock_acquire
 .text.__sfp_lock_release
                0x080053f8        0xc C:/ST/STM32CubeIDE_1.19.0/STM32CubeIDE/plugins/com.st.stm32cube.ide.mcu.externaltools.gnu-tools-for-stm32.13.3.rel1.win32_1.0.0.202411081344/tools/bin/../lib/gcc/arm-none-eabi/13.3.1/../../../../arm-none-eabi/lib/thumb/v7-m/nofp\libc_nano.a(libc_a-findfp.o)
                0x080053f8                __sfp_lock_release
 .text.__sinit  0x08005404       0x30 C:/ST/STM32CubeIDE_1.19.0/STM32CubeIDE/plugins/com.st.stm32cube.ide.mcu.externaltools.gnu-tools-for-stm32.13.3.rel1.win32_1.0.0.202411081344/tools/bin/../lib/gcc/arm-none-eabi/13.3.1/../../../../arm-none-eabi/lib/thumb/v7-m/nofp\libc_nano.a(libc_a-findfp.o)
                0x08005404                __sinit
 .text._fwalk_sglue
                0x08005434       0x3c C:/ST/STM32CubeIDE_1.19.0/STM32CubeIDE/plugins/com.st.stm32cube.ide.mcu.externaltools.gnu-tools-for-stm32.13.3.rel1.win32_1.0.0.202411081344/tools/bin/../lib/gcc/arm-none-eabi/13.3.1/../../../../arm-none-eabi/lib/thumb/v7-m/nofp\libc_nano.a(libc_a-fwalk.o)
                0x08005434                _fwalk_sglue
 .text.printf   0x08005470       0x24 C:/ST/STM32CubeIDE_1.19.0/STM32CubeIDE/plugins/com.st.stm32cube.ide.mcu.externaltools.gnu-tools-for-stm32.13.3.rel1.win32_1.0.0.202411081344/tools/bin/../lib/gcc/arm-none-eabi/13.3.1/../../../../arm-none-eabi/lib/thumb/v7-m/nofp\libc_nano.a(libc_a-printf.o)
                0x08005470                iprintf
                0x08005470                printf
 .text._puts_r  0x08005494       0xaa C:/ST/STM32CubeIDE_1.19.0/STM32CubeIDE/plugins/com.st.stm32cube.ide.mcu.externaltools.gnu-tools-for-stm32.13.3.rel1.win32_1.0.0.202411081344/tools/bin/../lib/gcc/arm-none-eabi/13.3.1/../../../../arm-none-eabi/lib/thumb/v7-m/nofp\libc_nano.a(libc_a-puts.o)
                0x08005494                _puts_r
 *fill*         0x0800553e        0x2 
 .text.puts     0x08005540       0x10 C:/ST/STM32CubeIDE_1.19.0/STM32CubeIDE/plugins/com.st.stm32cube.ide.mcu.externaltools.gnu-tools-for-stm32.13.3.rel1.win32_1.0.0.202411081344/tools/bin/../lib/gcc/arm-none-eabi/13.3.1/../../../../arm-none-eabi/lib/thumb/v7-m/nofp\libc_nano.a(libc_a-puts.o)
                0x08005540                puts
 .text.__sread  0x08005550       0x22 C:/ST/STM32CubeIDE_1.19.0/STM32CubeIDE/plugins/com.st.stm32cube.ide.mcu.externaltools.gnu-tools-for-stm32.13.3.rel1.win32_1.0.0.202411081344/tools/bin/../lib/gcc/arm-none-eabi/13.3.1/../../../../arm-none-eabi/lib/thumb/v7-m/nofp\libc_nano.a(libc_a-stdio.o)
                0x08005550                __sread
 .text.__swrite
                0x08005572       0x38 C:/ST/STM32CubeIDE_1.19.0/STM32CubeIDE/plugins/com.st.stm32cube.ide.mcu.externaltools.gnu-tools-for-stm32.13.3.rel1.win32_1.0.0.202411081344/tools/bin/../lib/gcc/arm-none-eabi/13.3.1/../../../../arm-none-eabi/lib/thumb/v7-m/nofp\libc_nano.a(libc_a-stdio.o)
                0x08005572                __swrite
 .text.__sseek  0x080055aa       0x24 C:/ST/STM32CubeIDE_1.19.0/STM32CubeIDE/plugins/com.st.stm32cube.ide.mcu.externaltools.gnu-tools-for-stm32.13.3.rel1.win32_1.0.0.202411081344/tools/bin/../lib/gcc/arm-none-eabi/13.3.1/../../../../arm-none-eabi/lib/thumb/v7-m/nofp\libc_nano.a(libc_a-stdio.o)
                0x080055aa                __sseek
 .text.__sclose
                0x080055ce        0x8 C:/ST/STM32CubeIDE_1.19.0/STM32CubeIDE/plugins/com.st.stm32cube.ide.mcu.externaltools.gnu-tools-for-stm32.13.3.rel1.win32_1.0.0.202411081344/tools/bin/../lib/gcc/arm-none-eabi/13.3.1/../../../../arm-none-eabi/lib/thumb/v7-m/nofp\libc_nano.a(libc_a-stdio.o)
                0x080055ce                __sclose
 .text.__swbuf_r
                0x080055d6       0x7c C:/ST/STM32CubeIDE_1.19.0/STM32CubeIDE/plugins/com.st.stm32cube.ide.mcu.externaltools.gnu-tools-for-stm32.13.3.rel1.win32_1.0.0.202411081344/tools/bin/../lib/gcc/arm-none-eabi/13.3.1/../../../../arm-none-eabi/lib/thumb/v7-m/nofp\libc_nano.a(libc_a-wbuf.o)
                0x080055d6                __swbuf_r
 *fill*         0x08005652        0x2 
 .text.__swsetup_r
                0x08005654       0xac C:/ST/STM32CubeIDE_1.19.0/STM32CubeIDE/plugins/com.st.stm32cube.ide.mcu.externaltools.gnu-tools-for-stm32.13.3.rel1.win32_1.0.0.202411081344/tools/bin/../lib/gcc/arm-none-eabi/13.3.1/../../../../arm-none-eabi/lib/thumb/v7-m/nofp\libc_nano.a(libc_a-wsetup.o)
                0x08005654                __swsetup_r
 .text.memset   0x08005700       0x10 C:/ST/STM32CubeIDE_1.19.0/STM32CubeIDE/plugins/com.st.stm32cube.ide.mcu.externaltools.gnu-tools-for-stm32.13.3.rel1.win32_1.0.0.202411081344/tools/bin/../lib/gcc/arm-none-eabi/13.3.1/../../../../arm-none-eabi/lib/thumb/v7-m/nofp\libc_nano.a(libc_a-memset.o)
                0x08005700                memset
 .text._close_r
                0x08005710       0x20 C:/ST/STM32CubeIDE_1.19.0/STM32CubeIDE/plugins/com.st.stm32cube.ide.mcu.externaltools.gnu-tools-for-stm32.13.3.rel1.win32_1.0.0.202411081344/tools/bin/../lib/gcc/arm-none-eabi/13.3.1/../../../../arm-none-eabi/lib/thumb/v7-m/nofp\libc_nano.a(libc_a-closer.o)
                0x08005710                _close_r
 .text._lseek_r
                0x08005730       0x24 C:/ST/STM32CubeIDE_1.19.0/STM32CubeIDE/plugins/com.st.stm32cube.ide.mcu.externaltools.gnu-tools-for-stm32.13.3.rel1.win32_1.0.0.202411081344/tools/bin/../lib/gcc/arm-none-eabi/13.3.1/../../../../arm-none-eabi/lib/thumb/v7-m/nofp\libc_nano.a(libc_a-lseekr.o)
                0x08005730                _lseek_r
 .text._read_r  0x08005754       0x24 C:/ST/STM32CubeIDE_1.19.0/STM32CubeIDE/plugins/com.st.stm32cube.ide.mcu.externaltools.gnu-tools-for-stm32.13.3.rel1.win32_1.0.0.202411081344/tools/bin/../lib/gcc/arm-none-eabi/13.3.1/../../../../arm-none-eabi/lib/thumb/v7-m/nofp\libc_nano.a(libc_a-readr.o)
                0x08005754                _read_r
 .text._write_r
                0x08005778       0x24 C:/ST/STM32CubeIDE_1.19.0/STM32CubeIDE/plugins/com.st.stm32cube.ide.mcu.externaltools.gnu-tools-for-stm32.13.3.rel1.win32_1.0.0.202411081344/tools/bin/../lib/gcc/arm-none-eabi/13.3.1/../../../../arm-none-eabi/lib/thumb/v7-m/nofp\libc_nano.a(libc_a-writer.o)
                0x08005778                _write_r
 .text.__errno  0x0800579c        0xc C:/ST/STM32CubeIDE_1.19.0/STM32CubeIDE/plugins/com.st.stm32cube.ide.mcu.externaltools.gnu-tools-for-stm32.13.3.rel1.win32_1.0.0.202411081344/tools/bin/../lib/gcc/arm-none-eabi/13.3.1/../../../../arm-none-eabi/lib/thumb/v7-m/nofp\libc_nano.a(libc_a-errno.o)
                0x0800579c                __errno
 .text.__libc_init_array
                0x080057a8       0x48 C:/ST/STM32CubeIDE_1.19.0/STM32CubeIDE/plugins/com.st.stm32cube.ide.mcu.externaltools.gnu-tools-for-stm32.13.3.rel1.win32_1.0.0.202411081344/tools/bin/../lib/gcc/arm-none-eabi/13.3.1/../../../../arm-none-eabi/lib/thumb/v7-m/nofp\libc_nano.a(libc_a-init.o)
                0x080057a8                __libc_init_array
 .text.__retarget_lock_init_recursive
                0x080057f0        0x2 C:/ST/STM32CubeIDE_1.19.0/STM32CubeIDE/plugins/com.st.stm32cube.ide.mcu.externaltools.gnu-tools-for-stm32.13.3.rel1.win32_1.0.0.202411081344/tools/bin/../lib/gcc/arm-none-eabi/13.3.1/../../../../arm-none-eabi/lib/thumb/v7-m/nofp\libc_nano.a(libc_a-lock.o)
                0x080057f0                __retarget_lock_init_recursive
 .text.__retarget_lock_acquire_recursive
                0x080057f2        0x2 C:/ST/STM32CubeIDE_1.19.0/STM32CubeIDE/plugins/com.st.stm32cube.ide.mcu.externaltools.gnu-tools-for-stm32.13.3.rel1.win32_1.0.0.202411081344/tools/bin/../lib/gcc/arm-none-eabi/13.3.1/../../../../arm-none-eabi/lib/thumb/v7-m/nofp\libc_nano.a(libc_a-lock.o)
                0x080057f2                __retarget_lock_acquire_recursive
 .text.__retarget_lock_release_recursive
                0x080057f4        0x2 C:/ST/STM32CubeIDE_1.19.0/STM32CubeIDE/plugins/com.st.stm32cube.ide.mcu.externaltools.gnu-tools-for-stm32.13.3.rel1.win32_1.0.0.202411081344/tools/bin/../lib/gcc/arm-none-eabi/13.3.1/../../../../arm-none-eabi/lib/thumb/v7-m/nofp\libc_nano.a(libc_a-lock.o)
                0x080057f4                __retarget_lock_release_recursive
 *fill*         0x080057f6        0x2 
 .text._free_r  0x080057f8       0x90 C:/ST/STM32CubeIDE_1.19.0/STM32CubeIDE/plugins/com.st.stm32cube.ide.mcu.externaltools.gnu-tools-for-stm32.13.3.rel1.win32_1.0.0.202411081344/tools/bin/../lib/gcc/arm-none-eabi/13.3.1/../../../../arm-none-eabi/lib/thumb/v7-m/nofp\libc_nano.a(libc_a-freer.o)
                0x080057f8                _free_r
 .text.sbrk_aligned
                0x08005888       0x44 C:/ST/STM32CubeIDE_1.19.0/STM32CubeIDE/plugins/com.st.stm32cube.ide.mcu.externaltools.gnu-tools-for-stm32.13.3.rel1.win32_1.0.0.202411081344/tools/bin/../lib/gcc/arm-none-eabi/13.3.1/../../../../arm-none-eabi/lib/thumb/v7-m/nofp\libc_nano.a(libc_a-mallocr.o)
 .text._malloc_r
                0x080058cc      0x100 C:/ST/STM32CubeIDE_1.19.0/STM32CubeIDE/plugins/com.st.stm32cube.ide.mcu.externaltools.gnu-tools-for-stm32.13.3.rel1.win32_1.0.0.202411081344/tools/bin/../lib/gcc/arm-none-eabi/13.3.1/../../../../arm-none-eabi/lib/thumb/v7-m/nofp\libc_nano.a(libc_a-mallocr.o)
                0x080058cc                _malloc_r
 .text.__malloc_lock
                0x080059cc        0xc C:/ST/STM32CubeIDE_1.19.0/STM32CubeIDE/plugins/com.st.stm32cube.ide.mcu.externaltools.gnu-tools-for-stm32.13.3.rel1.win32_1.0.0.202411081344/tools/bin/../lib/gcc/arm-none-eabi/13.3.1/../../../../arm-none-eabi/lib/thumb/v7-m/nofp\libc_nano.a(libc_a-mlock.o)
                0x080059cc                __malloc_lock
 .text.__malloc_unlock
                0x080059d8        0xc C:/ST/STM32CubeIDE_1.19.0/STM32CubeIDE/plugins/com.st.stm32cube.ide.mcu.externaltools.gnu-tools-for-stm32.13.3.rel1.win32_1.0.0.202411081344/tools/bin/../lib/gcc/arm-none-eabi/13.3.1/../../../../arm-none-eabi/lib/thumb/v7-m/nofp\libc_nano.a(libc_a-mlock.o)
                0x080059d8                __malloc_unlock
 .text.__sfputc_r
                0x080059e4       0x2a C:/ST/STM32CubeIDE_1.19.0/STM32CubeIDE/plugins/com.st.stm32cube.ide.mcu.externaltools.gnu-tools-for-stm32.13.3.rel1.win32_1.0.0.202411081344/tools/bin/../lib/gcc/arm-none-eabi/13.3.1/../../../../arm-none-eabi/lib/thumb/v7-m/nofp\libc_nano.a(libc_a-nano-vfprintf.o)
 .text.__sfputs_r
                0x08005a0e       0x24 C:/ST/STM32CubeIDE_1.19.0/STM32CubeIDE/plugins/com.st.stm32cube.ide.mcu.externaltools.gnu-tools-for-stm32.13.3.rel1.win32_1.0.0.202411081344/tools/bin/../lib/gcc/arm-none-eabi/13.3.1/../../../../arm-none-eabi/lib/thumb/v7-m/nofp\libc_nano.a(libc_a-nano-vfprintf.o)
                0x08005a0e                __sfputs_r
 *fill*         0x08005a32        0x2 
 .text._vfprintf_r
                0x08005a34      0x230 C:/ST/STM32CubeIDE_1.19.0/STM32CubeIDE/plugins/com.st.stm32cube.ide.mcu.externaltools.gnu-tools-for-stm32.13.3.rel1.win32_1.0.0.202411081344/tools/bin/../lib/gcc/arm-none-eabi/13.3.1/../../../../arm-none-eabi/lib/thumb/v7-m/nofp\libc_nano.a(libc_a-nano-vfprintf.o)
                0x08005a34                _vfprintf_r
                0x08005a34                _vfiprintf_r
 .text._printf_common
                0x08005c64       0xe4 C:/ST/STM32CubeIDE_1.19.0/STM32CubeIDE/plugins/com.st.stm32cube.ide.mcu.externaltools.gnu-tools-for-stm32.13.3.rel1.win32_1.0.0.202411081344/tools/bin/../lib/gcc/arm-none-eabi/13.3.1/../../../../arm-none-eabi/lib/thumb/v7-m/nofp\libc_nano.a(libc_a-nano-vfprintf_i.o)
                0x08005c64                _printf_common
 .text._printf_i
                0x08005d48      0x23c C:/ST/STM32CubeIDE_1.19.0/STM32CubeIDE/plugins/com.st.stm32cube.ide.mcu.externaltools.gnu-tools-for-stm32.13.3.rel1.win32_1.0.0.202411081344/tools/bin/../lib/gcc/arm-none-eabi/13.3.1/../../../../arm-none-eabi/lib/thumb/v7-m/nofp\libc_nano.a(libc_a-nano-vfprintf_i.o)
                0x08005d48                _printf_i
 .text.__sflush_r
                0x08005f84      0x100 C:/ST/STM32CubeIDE_1.19.0/STM32CubeIDE/plugins/com.st.stm32cube.ide.mcu.externaltools.gnu-tools-for-stm32.13.3.rel1.win32_1.0.0.202411081344/tools/bin/../lib/gcc/arm-none-eabi/13.3.1/../../../../arm-none-eabi/lib/thumb/v7-m/nofp\libc_nano.a(libc_a-fflush.o)
                0x08005f84                __sflush_r
 .text._fflush_r
                0x08006084       0x50 C:/ST/STM32CubeIDE_1.19.0/STM32CubeIDE/plugins/com.st.stm32cube.ide.mcu.externaltools.gnu-tools-for-stm32.13.3.rel1.win32_1.0.0.202411081344/tools/bin/../lib/gcc/arm-none-eabi/13.3.1/../../../../arm-none-eabi/lib/thumb/v7-m/nofp\libc_nano.a(libc_a-fflush.o)
                0x08006084                _fflush_r
 .text.__swhatbuf_r
                0x080060d4       0x4a C:/ST/STM32CubeIDE_1.19.0/STM32CubeIDE/plugins/com.st.stm32cube.ide.mcu.externaltools.gnu-tools-for-stm32.13.3.rel1.win32_1.0.0.202411081344/tools/bin/../lib/gcc/arm-none-eabi/13.3.1/../../../../arm-none-eabi/lib/thumb/v7-m/nofp\libc_nano.a(libc_a-makebuf.o)
                0x080060d4                __swhatbuf_r
 .text.__smakebuf_r
                0x0800611e       0x78 C:/ST/STM32CubeIDE_1.19.0/STM32CubeIDE/plugins/com.st.stm32cube.ide.mcu.externaltools.gnu-tools-for-stm32.13.3.rel1.win32_1.0.0.202411081344/tools/bin/../lib/gcc/arm-none-eabi/13.3.1/../../../../arm-none-eabi/lib/thumb/v7-m/nofp\libc_nano.a(libc_a-makebuf.o)
                0x0800611e                __smakebuf_r
 *fill*         0x08006196        0x2 
 .text._fstat_r
                0x08006198       0x24 C:/ST/STM32CubeIDE_1.19.0/STM32CubeIDE/plugins/com.st.stm32cube.ide.mcu.externaltools.gnu-tools-for-stm32.13.3.rel1.win32_1.0.0.202411081344/tools/bin/../lib/gcc/arm-none-eabi/13.3.1/../../../../arm-none-eabi/lib/thumb/v7-m/nofp\libc_nano.a(libc_a-fstatr.o)
                0x08006198                _fstat_r
 .text._isatty_r
                0x080061bc       0x20 C:/ST/STM32CubeIDE_1.19.0/STM32CubeIDE/plugins/com.st.stm32cube.ide.mcu.externaltools.gnu-tools-for-stm32.13.3.rel1.win32_1.0.0.202411081344/tools/bin/../lib/gcc/arm-none-eabi/13.3.1/../../../../arm-none-eabi/lib/thumb/v7-m/nofp\libc_nano.a(libc_a-isattyr.o)
                0x080061bc                _isatty_r
 .text._sbrk_r  0x080061dc       0x20 C:/ST/STM32CubeIDE_1.19.0/STM32CubeIDE/plugins/com.st.stm32cube.ide.mcu.externaltools.gnu-tools-for-stm32.13.3.rel1.win32_1.0.0.202411081344/tools/bin/../lib/gcc/arm-none-eabi/13.3.1/../../../../arm-none-eabi/lib/thumb/v7-m/nofp\libc_nano.a(libc_a-sbrkr.o)
                0x080061dc                _sbrk_r
 .text.memchr   0x080061fc       0x1c C:/ST/STM32CubeIDE_1.19.0/STM32CubeIDE/plugins/com.st.stm32cube.ide.mcu.externaltools.gnu-tools-for-stm32.13.3.rel1.win32_1.0.0.202411081344/tools/bin/../lib/gcc/arm-none-eabi/13.3.1/../../../../arm-none-eabi/lib/thumb/v7-m/nofp\libc_nano.a(libc_a-memchr-stub.o)
                0x080061fc                memchr
 *(.glue_7)
 .glue_7        0x08006218        0x0 linker stubs
 *(.glue_7t)
 .glue_7t       0x08006218        0x0 linker stubs
 *(.eh_frame)
 .eh_frame      0x08006218        0x0 C:/ST/STM32CubeIDE_1.19.0/STM32CubeIDE/plugins/com.st.stm32cube.ide.mcu.externaltools.gnu-tools-for-stm32.13.3.rel1.win32_1.0.0.202411081344/tools/bin/../lib/gcc/arm-none-eabi/13.3.1/thumb/v7-m/nofp/crtbegin.o
 *(.init)
 .init          0x08006218        0x4 C:/ST/STM32CubeIDE_1.19.0/STM32CubeIDE/plugins/com.st.stm32cube.ide.mcu.externaltools.gnu-tools-for-stm32.13.3.rel1.win32_1.0.0.202411081344/tools/bin/../lib/gcc/arm-none-eabi/13.3.1/thumb/v7-m/nofp/crti.o
                0x08006218                _init
 .init          0x0800621c        0x8 C:/ST/STM32CubeIDE_1.19.0/STM32CubeIDE/plugins/com.st.stm32cube.ide.mcu.externaltools.gnu-tools-for-stm32.13.3.rel1.win32_1.0.0.202411081344/tools/bin/../lib/gcc/arm-none-eabi/13.3.1/thumb/v7-m/nofp/crtn.o
 *(.fini)
 .fini          0x08006224        0x4 C:/ST/STM32CubeIDE_1.19.0/STM32CubeIDE/plugins/com.st.stm32cube.ide.mcu.externaltools.gnu-tools-for-stm32.13.3.rel1.win32_1.0.0.202411081344/tools/bin/../lib/gcc/arm-none-eabi/13.3.1/thumb/v7-m/nofp/crti.o
                0x08006224                _fini
 .fini          0x08006228        0x8 C:/ST/STM32CubeIDE_1.19.0/STM32CubeIDE/plugins/com.st.stm32cube.ide.mcu.externaltools.gnu-tools-for-stm32.13.3.rel1.win32_1.0.0.202411081344/tools/bin/../lib/gcc/arm-none-eabi/13.3.1/thumb/v7-m/nofp/crtn.o
                0x08006230                        . = ALIGN (0x4)
                0x08006230                        _etext = .

.vfp11_veneer   0x08006230        0x0
 .vfp11_veneer  0x08006230        0x0 linker stubs

.v4_bx          0x08006230        0x0
 .v4_bx         0x08006230        0x0 linker stubs

.iplt           0x08006230        0x0
 .iplt          0x08006230        0x0 C:/ST/STM32CubeIDE_1.19.0/STM32CubeIDE/plugins/com.st.stm32cube.ide.mcu.externaltools.gnu-tools-for-stm32.13.3.rel1.win32_1.0.0.202411081344/tools/bin/../lib/gcc/arm-none-eabi/13.3.1/thumb/v7-m/nofp/crtbegin.o

.rodata         0x08006230     0x2130
                0x08006230                        . = ALIGN (0x4)
 *(.rodata)
 *(.rodata*)
 .rodata.Reset_ITE.str1.1
                0x08006230     0x1f20 ./Core/Src/main.o
                                 0x12 (size before relaxing)
 .rodata.APBPrescTable
                0x08008150        0x8 ./Core/Src/system_stm32f1xx.o
                0x08008150                APBPrescTable
 .rodata.AHBPrescTable
                0x08008158       0x10 ./Core/Src/system_stm32f1xx.o
                0x08008158                AHBPrescTable
 .rodata.it68013CX_i2c_write_byte.str1.1
                0x08008168       0x1b ./Core/Src/IT68013CX/it68013CX_IO.o
 .rodata.it68013CX_i2c_read_byte.str1.1
                0x08008168       0x1b ./Core/Src/IT68013CX/it68013CX_IO.o
 .rodata.HDMISetEQValue.part.0.str1.1
                0x08008168       0x66 ./Core/Src/IT68013CX/it68013CX_it680X.o
 .rodata.IT6802_ManualVideoTristate.part.0.str1.1
                0x08008168       0x2f ./Core/Src/IT68013CX/it68013CX_it680X.o
 .rodata.IT6802VideoOutputEnable.part.0.str1.1
                0x08008168       0x40 ./Core/Src/IT68013CX/it68013CX_it680X.o
 .rodata.IT6802_DCLKInvertConfigure.part.0.str1.1
                0x08008168       0x2a ./Core/Src/IT68013CX/it68013CX_it680X.o
 .rodata.TogglePolarity.str1.1
                0x08008168       0xe8 ./Core/Src/IT68013CX/it68013CX_it680X.o
 .rodata.TMDSCheck.str1.1
                0x08008168      0x198 ./Core/Src/IT68013CX/it68013CX_it680X.o
 .rodata.OverWriteAmpValue2EQ.str1.1
                0x08008168      0x27b ./Core/Src/IT68013CX/it68013CX_it680X.o
 .rodata.JudgeBestEQ.str1.1
                0x08008168       0xa6 ./Core/Src/IT68013CX/it68013CX_it680X.o
 .rodata.StoreEccCount.str1.1
                0x08008168       0x2d ./Core/Src/IT68013CX/it68013CX_it680X.o
 .rodata.SetVideoInputFormatWithInfoFrame.str1.1
                0x08008168       0x4b ./Core/Src/IT68013CX/it68013CX_it680X.o
 .rodata.SetColorSpaceConvert.str1.1
                0x08008168       0xf6 ./Core/Src/IT68013CX/it68013CX_it680X.o
 .rodata.SetColorimetryByMode.str1.1
                0x08008168       0x30 ./Core/Src/IT68013CX/it68013CX_it680X.o
 .rodata.IT6802_HalfPCLKFinetune.str1.1
                0x08008168       0xcc ./Core/Src/IT68013CX/it68013CX_it680X.o
 .rodata.IT6802_VideoOutputModeSet.str1.1
                0x08008168       0x39 ./Core/Src/IT68013CX/it68013CX_it680X.o
 .rodata.SetNewInfoVideoOutput.str1.1
                0x08008168       0x18 ./Core/Src/IT68013CX/it68013CX_it680X.o
 .rodata.SetDVIVideoOutput.str1.1
                0x08008168       0x14 ./Core/Src/IT68013CX/it68013CX_it680X.o
 .rodata.it6802HPDCtrl.str1.1
                0x08008168       0x9f ./Core/Src/IT68013CX/it68013CX_it680X.o
 .rodata.hdmirx_ECCTimingOut.str1.1
                0x08008168       0x24 ./Core/Src/IT68013CX/it68013CX_it680X.o
 .rodata.IT6802_ManualVideoTristate.str1.1
                0x08008168       0x38 ./Core/Src/IT68013CX/it68013CX_it680X.o
 .rodata.IT6802_SetVideoMute.str1.1
                0x08008168       0x72 ./Core/Src/IT68013CX/it68013CX_it680X.o
 .rodata.IT6802VideoOutputEnable.str1.1
                0x08008168       0x41 ./Core/Src/IT68013CX/it68013CX_it680X.o
 .rodata.hdmirx_INT_P0_ECC.str1.1
                0x08008168       0x24 ./Core/Src/IT68013CX/it68013CX_it680X.o
 .rodata.hdmirx_INT_P1_ECC.str1.1
                0x08008168       0x24 ./Core/Src/IT68013CX/it68013CX_it680X.o
 .rodata.hdmirx_INT_P0_Deskew.str1.1
                0x08008168       0x27 ./Core/Src/IT68013CX/it68013CX_it680X.o
 .rodata.hdmirx_INT_P1_Deskew.str1.1
                0x08008168       0x27 ./Core/Src/IT68013CX/it68013CX_it680X.o
 .rodata.hdmirx_INT_HDMIMode_Chg.str1.1
                0x08008168       0x3d ./Core/Src/IT68013CX/it68013CX_it680X.o
 .rodata.Cal_oclk.str1.1
                0x08008168       0x77 ./Core/Src/IT68013CX/it68013CX_it680X.o
 .rodata.IT6802_HDCP_ContentOff.str1.1
                0x08008168       0x61 ./Core/Src/IT68013CX/it68013CX_it680X.o
 .rodata.HDMISwitchEQstate.str1.1
                0x08008168       0x23 ./Core/Src/IT68013CX/it68013CX_it680X.o
 .rodata.HDMIPollingErrorCount.str1.1
                0x08008168      0x15b ./Core/Src/IT68013CX/it68013CX_it680X.o
 .rodata.HDMIJudgeECCvalue.str1.1
                0x08008168       0x22 ./Core/Src/IT68013CX/it68013CX_it680X.o
 .rodata.HDMICheckSCDTon.str1.1
                0x08008168       0xb4 ./Core/Src/IT68013CX/it68013CX_it680X.o
 .rodata.AmpValidCheck.str1.1
                0x08008168      0x322 ./Core/Src/IT68013CX/it68013CX_it680X.o
 .rodata.hdmirx_INT_EQ_FAIL.str1.1
                0x08008168      0x101 ./Core/Src/IT68013CX/it68013CX_it680X.o
 .rodata.IT6802HDMIEventManager.str1.1
                0x08008168       0xba ./Core/Src/IT68013CX/it68013CX_it680X.o
 .rodata.get_vid_info.str1.1
                0x08008168       0x45 ./Core/Src/IT68013CX/it68013CX_it680X.o
 .rodata.IPLLOvw_chk.str1.1
                0x08008168       0x56 ./Core/Src/IT68013CX/it68013CX_it680X.o
 .rodata.IT6802SwitchVideoState.str1.1
                0x08008168       0x5f ./Core/Src/IT68013CX/it68013CX_it680X.o
 .rodata.WaitingForSCDT.str1.1
                0x08008168       0x5f ./Core/Src/IT68013CX/it68013CX_it680X.o
 .rodata.hdmirx_INT_5V_Pwr_Chg.str1.1
                0x08008168       0x2d ./Core/Src/IT68013CX/it68013CX_it680X.o
 .rodata.hdmirx_INT_SCDT_Chg.str1.1
                0x08008168       0x25 ./Core/Src/IT68013CX/it68013CX_it680X.o
 .rodata.IT6802HDMIInterruptHandler.str1.1
                0x08008168      0x5db ./Core/Src/IT68013CX/it68013CX_it680X.o
 .rodata.str1.1
                0x08008168      0x29a ./Core/Src/IT68013CX/it68013CX_it680X.o
 .rodata.bCSCMtx_RGB_16_235_RGB_0_255
                0x08008168       0x15 ./Core/Src/IT68013CX/it68013CX_it680X.o
 .rodata.bCSCMtx_RGB_0_255_RGB_16_235
                0x0800817d       0x15 ./Core/Src/IT68013CX/it68013CX_it680X.o
 .rodata.bCSCMtx_YUV2RGB_ITU709_0_255
                0x08008192       0x15 ./Core/Src/IT68013CX/it68013CX_it680X.o
 .rodata.bCSCMtx_YUV2RGB_ITU709_16_235
                0x080081a7       0x15 ./Core/Src/IT68013CX/it68013CX_it680X.o
 .rodata.bCSCMtx_YUV2RGB_ITU601_0_255
                0x080081bc       0x15 ./Core/Src/IT68013CX/it68013CX_it680X.o
 .rodata.bCSCMtx_YUV2RGB_ITU601_16_235
                0x080081d1       0x15 ./Core/Src/IT68013CX/it68013CX_it680X.o
 .rodata.bCSCMtx_RGB2YUV_ITU709_0_255
                0x080081e6       0x15 ./Core/Src/IT68013CX/it68013CX_it680X.o
 .rodata.bCSCMtx_RGB2YUV_ITU709_16_235
                0x080081fb       0x15 ./Core/Src/IT68013CX/it68013CX_it680X.o
 .rodata.bCSCMtx_RGB2YUV_ITU601_0_255
                0x08008210       0x15 ./Core/Src/IT68013CX/it68013CX_it680X.o
 .rodata.bCSCMtx_RGB2YUV_ITU601_16_235
                0x08008225       0x15 ./Core/Src/IT68013CX/it68013CX_it680X.o
 .rodata.IT6602_HDMI_INIT_OVERRIDE_TABLE
                0x0800823a       0x1b ./Core/Src/IT68013CX/it68013CX_it680X.o
                0x0800823a                IT6602_HDMI_INIT_OVERRIDE_TABLE
 .rodata.IT6802_HDMI_INIT_TABLE
                0x08008255       0xf9 ./Core/Src/IT68013CX/it68013CX_it680X.o
                0x08008255                IT6802_HDMI_INIT_TABLE
 .rodata.InitMessage.str1.1
                0x0800834e       0x9d ./Core/Src/IT68013CX/it68013CX_main.o
 .rodata.aPredivFactorTable.0
                0x0800834e        0x2 ./Drivers/STM32F1xx_HAL_Driver/Src/stm32f1xx_hal_rcc.o
 .rodata.aPLLMULFactorTable.1
                0x08008350       0x10 ./Drivers/STM32F1xx_HAL_Driver/Src/stm32f1xx_hal_rcc.o
 .rodata._vfprintf_r.str1.1
                0x08008360       0x11 C:/ST/STM32CubeIDE_1.19.0/STM32CubeIDE/plugins/com.st.stm32cube.ide.mcu.externaltools.gnu-tools-for-stm32.13.3.rel1.win32_1.0.0.202411081344/tools/bin/../lib/gcc/arm-none-eabi/13.3.1/../../../../arm-none-eabi/lib/thumb/v7-m/nofp\libc_nano.a(libc_a-nano-vfprintf.o)
 .rodata._printf_i.str1.1
                0x08008360       0x22 C:/ST/STM32CubeIDE_1.19.0/STM32CubeIDE/plugins/com.st.stm32cube.ide.mcu.externaltools.gnu-tools-for-stm32.13.3.rel1.win32_1.0.0.202411081344/tools/bin/../lib/gcc/arm-none-eabi/13.3.1/../../../../arm-none-eabi/lib/thumb/v7-m/nofp\libc_nano.a(libc_a-nano-vfprintf_i.o)
                0x08008744                        . = ALIGN (0x4)

.ARM.extab      0x08008360        0x0
                0x08008360                        . = ALIGN (0x4)
 *(.ARM.extab* .gnu.linkonce.armextab.*)
                0x08008360                        . = ALIGN (0x4)

.ARM            0x08008360        0x0
                0x08008360                        . = ALIGN (0x4)
                0x08008360                        __exidx_start = .
 *(.ARM.exidx*)
                0x08008360                        __exidx_end = .
                0x08008360                        . = ALIGN (0x4)

.preinit_array  0x08008360        0x0
                0x08008360                        . = ALIGN (0x4)
                0x08008360                        PROVIDE (__preinit_array_start = .)
 *(.preinit_array*)
                0x08008360                        PROVIDE (__preinit_array_end = .)
                0x08008360                        . = ALIGN (0x4)

.init_array     0x08008360        0x4
                0x08008360                        . = ALIGN (0x4)
                0x08008360                        PROVIDE (__init_array_start = .)
 *(SORT_BY_NAME(.init_array.*))
 *(.init_array*)
 .init_array    0x08008360        0x4 C:/ST/STM32CubeIDE_1.19.0/STM32CubeIDE/plugins/com.st.stm32cube.ide.mcu.externaltools.gnu-tools-for-stm32.13.3.rel1.win32_1.0.0.202411081344/tools/bin/../lib/gcc/arm-none-eabi/13.3.1/thumb/v7-m/nofp/crtbegin.o
                0x08008364                        PROVIDE (__init_array_end = .)
                0x08008364                        . = ALIGN (0x4)

.fini_array     0x08008364        0x4
                0x08008364                        . = ALIGN (0x4)
                [!provide]                        PROVIDE (__fini_array_start = .)
 *(SORT_BY_NAME(.fini_array.*))
 *(.fini_array*)
 .fini_array    0x08008364        0x4 C:/ST/STM32CubeIDE_1.19.0/STM32CubeIDE/plugins/com.st.stm32cube.ide.mcu.externaltools.gnu-tools-for-stm32.13.3.rel1.win32_1.0.0.202411081344/tools/bin/../lib/gcc/arm-none-eabi/13.3.1/thumb/v7-m/nofp/crtbegin.o
                [!provide]                        PROVIDE (__fini_array_end = .)
                0x08008368                        . = ALIGN (0x4)
                0x08008368                        _sidata = LOADADDR (.data)

.rel.dyn        0x08008368        0x0
 .rel.iplt      0x08008368        0x0 C:/ST/STM32CubeIDE_1.19.0/STM32CubeIDE/plugins/com.st.stm32cube.ide.mcu.externaltools.gnu-tools-for-stm32.13.3.rel1.win32_1.0.0.202411081344/tools/bin/../lib/gcc/arm-none-eabi/13.3.1/thumb/v7-m/nofp/crtbegin.o

.data           0x20000000      0x234 load address 0x08008368
                0x20000000                        . = ALIGN (0x4)
                0x20000000                        _sdata = .
 *(.data)
 *(.data*)
 .data.SystemCoreClock
                0x20000000        0x4 ./Core/Src/system_stm32f1xx.o
                0x20000000                SystemCoreClock
 .data.t_3d_syncgen
                0x20000004      0x150 ./Core/Src/IT68013CX/it68013CX_it680X.o
                0x20000004                t_3d_syncgen
 .data.VModeStateStr
                0x20000154       0x40 ./Core/Src/IT68013CX/it68013CX_it680X.o
                0x20000154                VModeStateStr
 .data.VStateStr
                0x20000194       0x38 ./Core/Src/IT68013CX/it68013CX_it680X.o
                0x20000194                VStateStr
 .data.HdmiI2cAddr
                0x200001cc        0x1 ./Core/Src/IT68013CX/it68013CX_it680X.o
                0x200001cc                HdmiI2cAddr
 .data.IT6802EQTable
                0x200001cd        0x3 ./Core/Src/IT68013CX/it68013CX_it680X.o
                0x200001cd                IT6802EQTable
 .data.uwTickFreq
                0x200001d0        0x1 ./Drivers/STM32F1xx_HAL_Driver/Src/stm32f1xx_hal.o
                0x200001d0                uwTickFreq
 *fill*         0x200001d1        0x3 
 .data.uwTickPrio
                0x200001d4        0x4 ./Drivers/STM32F1xx_HAL_Driver/Src/stm32f1xx_hal.o
                0x200001d4                uwTickPrio
 .data.__sglue  0x200001d8        0xc C:/ST/STM32CubeIDE_1.19.0/STM32CubeIDE/plugins/com.st.stm32cube.ide.mcu.externaltools.gnu-tools-for-stm32.13.3.rel1.win32_1.0.0.202411081344/tools/bin/../lib/gcc/arm-none-eabi/13.3.1/../../../../arm-none-eabi/lib/thumb/v7-m/nofp\libc_nano.a(libc_a-findfp.o)
                0x200001d8                __sglue
 .data._impure_ptr
                0x200001e4        0x4 C:/ST/STM32CubeIDE_1.19.0/STM32CubeIDE/plugins/com.st.stm32cube.ide.mcu.externaltools.gnu-tools-for-stm32.13.3.rel1.win32_1.0.0.202411081344/tools/bin/../lib/gcc/arm-none-eabi/13.3.1/../../../../arm-none-eabi/lib/thumb/v7-m/nofp\libc_nano.a(libc_a-impure.o)
                0x200001e4                _impure_ptr
 .data._impure_data
                0x200001e8       0x4c C:/ST/STM32CubeIDE_1.19.0/STM32CubeIDE/plugins/com.st.stm32cube.ide.mcu.externaltools.gnu-tools-for-stm32.13.3.rel1.win32_1.0.0.202411081344/tools/bin/../lib/gcc/arm-none-eabi/13.3.1/../../../../arm-none-eabi/lib/thumb/v7-m/nofp\libc_nano.a(libc_a-impure.o)
                0x200001e8                _impure_data
 *(.RamFunc)
 *(.RamFunc*)
                0x20000234                        . = ALIGN (0x4)
                0x20000234                        _edata = .

.igot.plt       0x20000234        0x0 load address 0x0800859c
 .igot.plt      0x20000234        0x0 C:/ST/STM32CubeIDE_1.19.0/STM32CubeIDE/plugins/com.st.stm32cube.ide.mcu.externaltools.gnu-tools-for-stm32.13.3.rel1.win32_1.0.0.202411081344/tools/bin/../lib/gcc/arm-none-eabi/13.3.1/thumb/v7-m/nofp/crtbegin.o
                0x20000234                        . = ALIGN (0x4)

.bss            0x20000234      0x378 load address 0x0800859c
                0x20000234                        _sbss = .
                0x20000234                        __bss_start__ = _sbss
 *(.bss)
 .bss           0x20000234       0x1c C:/ST/STM32CubeIDE_1.19.0/STM32CubeIDE/plugins/com.st.stm32cube.ide.mcu.externaltools.gnu-tools-for-stm32.13.3.rel1.win32_1.0.0.202411081344/tools/bin/../lib/gcc/arm-none-eabi/13.3.1/thumb/v7-m/nofp/crtbegin.o
 *(.bss*)
 .bss.huart2    0x20000250       0x48 ./Core/Src/main.o
                0x20000250                huart2
 .bss.huart1    0x20000298       0x48 ./Core/Src/main.o
                0x20000298                huart1
 .bss.hi2c1     0x200002e0       0x54 ./Core/Src/main.o
                0x200002e0                hi2c1
 .bss.__sbrk_heap_end
                0x20000334        0x4 ./Core/Src/sysmem.o
 .bss.prevTick.0
                0x20000338        0x4 ./Core/Src/IT68013CX/it68013CX_Utility.o
 .bss.st3DParse
                0x2000033c       0x27 ./Core/Src/IT68013CX/it68013CX_it680X.o
                0x2000033c                st3DParse
 *fill*         0x20000363        0x1 
 .bss.OutCD     0x20000364        0x4 ./Core/Src/IT68013CX/it68013CX_it680X.o
                0x20000364                OutCD
 .bss.OutColorMode
                0x20000368        0x4 ./Core/Src/IT68013CX/it68013CX_it680X.o
                0x20000368                OutColorMode
 .bss.InColorMode
                0x2000036c        0x4 ./Core/Src/IT68013CX/it68013CX_it680X.o
                0x2000036c                InColorMode
 .bss.CurVTiming
                0x20000370       0x1c ./Core/Src/IT68013CX/it68013CX_it680X.o
                0x20000370                CurVTiming
 .bss.CurTMDSCLK
                0x2000038c        0x4 ./Core/Src/IT68013CX/it68013CX_it680X.o
                0x2000038c                CurTMDSCLK
 .bss.ucEQMode  0x20000390        0x2 ./Core/Src/IT68013CX/it68013CX_it680X.o
                0x20000390                ucEQMode
 .bss.ucChannelR
                0x20000392        0x2 ./Core/Src/IT68013CX/it68013CX_it680X.o
                0x20000392                ucChannelR
 .bss.ucChannelG
                0x20000394        0x2 ./Core/Src/IT68013CX/it68013CX_it680X.o
                0x20000394                ucChannelG
 .bss.ucChannelB
                0x20000396        0x2 ./Core/Src/IT68013CX/it68013CX_it680X.o
                0x20000396                ucChannelB
 .bss.ucPortAMPValid
                0x20000398        0x2 ./Core/Src/IT68013CX/it68013CX_it680X.o
                0x20000398                ucPortAMPValid
 .bss.ucPortAMPOverWrite
                0x2000039a        0x2 ./Core/Src/IT68013CX/it68013CX_it680X.o
                0x2000039a                ucPortAMPOverWrite
 .bss.gpHPD0    0x2000039c        0x4 ./Core/Src/IT68013CX/it68013CX_it680X.o
                0x2000039c                gpHPD0
 .bss.CLKStbChkCnt
                0x200003a0        0x1 ./Core/Src/IT68013CX/it68013CX_it680X.o
                0x200003a0                CLKStbChkCnt
 *fill*         0x200003a1        0x3 
 .bss.m_ROSCCLK
                0x200003a4        0x4 ./Core/Src/IT68013CX/it68013CX_it680X.o
                0x200003a4                m_ROSCCLK
 .bss.it6802DEV
                0x200003a8       0xb0 ./Core/Src/IT68013CX/it68013CX_it680X.o
                0x200003a8                it6802DEV
 .bss.loopinterval.0
                0x20000458        0x2 ./Core/Src/IT68013CX/it68013CX_main.o
 .bss.it68013CX_initialized.1
                0x2000045a        0x1 ./Core/Src/IT68013CX/it68013CX_main.o
 *fill*         0x2000045b        0x1 
 .bss.uwTick    0x2000045c        0x4 ./Drivers/STM32F1xx_HAL_Driver/Src/stm32f1xx_hal.o
                0x2000045c                uwTick
 .bss.__sf      0x20000460      0x138 C:/ST/STM32CubeIDE_1.19.0/STM32CubeIDE/plugins/com.st.stm32cube.ide.mcu.externaltools.gnu-tools-for-stm32.13.3.rel1.win32_1.0.0.202411081344/tools/bin/../lib/gcc/arm-none-eabi/13.3.1/../../../../arm-none-eabi/lib/thumb/v7-m/nofp\libc_nano.a(libc_a-findfp.o)
                0x20000460                __sf
 .bss.__stdio_exit_handler
                0x20000598        0x4 C:/ST/STM32CubeIDE_1.19.0/STM32CubeIDE/plugins/com.st.stm32cube.ide.mcu.externaltools.gnu-tools-for-stm32.13.3.rel1.win32_1.0.0.202411081344/tools/bin/../lib/gcc/arm-none-eabi/13.3.1/../../../../arm-none-eabi/lib/thumb/v7-m/nofp\libc_nano.a(libc_a-findfp.o)
                0x20000598                __stdio_exit_handler
 .bss.errno     0x2000059c        0x4 C:/ST/STM32CubeIDE_1.19.0/STM32CubeIDE/plugins/com.st.stm32cube.ide.mcu.externaltools.gnu-tools-for-stm32.13.3.rel1.win32_1.0.0.202411081344/tools/bin/../lib/gcc/arm-none-eabi/13.3.1/../../../../arm-none-eabi/lib/thumb/v7-m/nofp\libc_nano.a(libc_a-reent.o)
                0x2000059c                errno
 .bss.__lock___malloc_recursive_mutex
                0x200005a0        0x1 C:/ST/STM32CubeIDE_1.19.0/STM32CubeIDE/plugins/com.st.stm32cube.ide.mcu.externaltools.gnu-tools-for-stm32.13.3.rel1.win32_1.0.0.202411081344/tools/bin/../lib/gcc/arm-none-eabi/13.3.1/../../../../arm-none-eabi/lib/thumb/v7-m/nofp\libc_nano.a(libc_a-lock.o)
                0x200005a0                __lock___malloc_recursive_mutex
 .bss.__lock___sfp_recursive_mutex
                0x200005a1        0x1 C:/ST/STM32CubeIDE_1.19.0/STM32CubeIDE/plugins/com.st.stm32cube.ide.mcu.externaltools.gnu-tools-for-stm32.13.3.rel1.win32_1.0.0.202411081344/tools/bin/../lib/gcc/arm-none-eabi/13.3.1/../../../../arm-none-eabi/lib/thumb/v7-m/nofp\libc_nano.a(libc_a-lock.o)
                0x200005a1                __lock___sfp_recursive_mutex
 *fill*         0x200005a2        0x2 
 .bss.__malloc_sbrk_start
                0x200005a4        0x4 C:/ST/STM32CubeIDE_1.19.0/STM32CubeIDE/plugins/com.st.stm32cube.ide.mcu.externaltools.gnu-tools-for-stm32.13.3.rel1.win32_1.0.0.202411081344/tools/bin/../lib/gcc/arm-none-eabi/13.3.1/../../../../arm-none-eabi/lib/thumb/v7-m/nofp\libc_nano.a(libc_a-mallocr.o)
                0x200005a4                __malloc_sbrk_start
 .bss.__malloc_free_list
                0x200005a8        0x4 C:/ST/STM32CubeIDE_1.19.0/STM32CubeIDE/plugins/com.st.stm32cube.ide.mcu.externaltools.gnu-tools-for-stm32.13.3.rel1.win32_1.0.0.202411081344/tools/bin/../lib/gcc/arm-none-eabi/13.3.1/../../../../arm-none-eabi/lib/thumb/v7-m/nofp\libc_nano.a(libc_a-mallocr.o)
                0x200005a8                __malloc_free_list
 *(COMMON)
                0x200005ac                        . = ALIGN (0x4)
                0x200005ac                        _ebss = .
                0x200005ac                        __bss_end__ = _ebss

._user_heap_stack
                0x200005ac      0x604 load address 0x0800859c
                0x200005b0                        . = ALIGN (0x8)
 *fill*         0x200005ac        0x4 
                [!provide]                        PROVIDE (end = .)
                0x200005b0                        PROVIDE (_end = .)
                0x200007b0                        . = (. + _Min_Heap_Size)
 *fill*         0x200005b0      0x200 
                0x20000bb0                        . = (. + _Min_Stack_Size)
 *fill*         0x200007b0      0x400 
                0x20000bb0                        . = ALIGN (0x8)

/DISCARD/
 libc.a(*)
 libm.a(*)
 libgcc.a(*)

.ARM.attributes
                0x00000000       0x29
 *(.ARM.attributes)
 .ARM.attributes
                0x00000000       0x1d C:/ST/STM32CubeIDE_1.19.0/STM32CubeIDE/plugins/com.st.stm32cube.ide.mcu.externaltools.gnu-tools-for-stm32.13.3.rel1.win32_1.0.0.202411081344/tools/bin/../lib/gcc/arm-none-eabi/13.3.1/thumb/v7-m/nofp/crti.o
 .ARM.attributes
                0x0000001d       0x2d C:/ST/STM32CubeIDE_1.19.0/STM32CubeIDE/plugins/com.st.stm32cube.ide.mcu.externaltools.gnu-tools-for-stm32.13.3.rel1.win32_1.0.0.202411081344/tools/bin/../lib/gcc/arm-none-eabi/13.3.1/thumb/v7-m/nofp/crtbegin.o
 .ARM.attributes
                0x0000004a       0x2d ./Core/Src/main.o
 .ARM.attributes
                0x00000077       0x2d ./Core/Src/stm32f1xx_hal_msp.o
 .ARM.attributes
                0x000000a4       0x2d ./Core/Src/stm32f1xx_it.o
 .ARM.attributes
                0x000000d1       0x2d ./Core/Src/syscalls.o
 .ARM.attributes
                0x000000fe       0x2d ./Core/Src/sysmem.o
 .ARM.attributes
                0x0000012b       0x2d ./Core/Src/system_stm32f1xx.o
 .ARM.attributes
                0x00000158       0x2d ./Core/Src/IT68013CX/it68013CX_IO.o
 .ARM.attributes
                0x00000185       0x2d ./Core/Src/IT68013CX/it68013CX_Utility.o
 .ARM.attributes
                0x000001b2       0x2d ./Core/Src/IT68013CX/it68013CX_it680X.o
 .ARM.attributes
                0x000001df       0x2d ./Core/Src/IT68013CX/it68013CX_main.o
 .ARM.attributes
                0x0000020c       0x21 ./Core/Startup/startup_stm32f103c8tx.o
 .ARM.attributes
                0x0000022d       0x2d ./Drivers/STM32F1xx_HAL_Driver/Src/stm32f1xx_hal.o
 .ARM.attributes
                0x0000025a       0x2d ./Drivers/STM32F1xx_HAL_Driver/Src/stm32f1xx_hal_cortex.o
 .ARM.attributes
                0x00000287       0x2d ./Drivers/STM32F1xx_HAL_Driver/Src/stm32f1xx_hal_gpio.o
 .ARM.attributes
                0x000002b4       0x2d ./Drivers/STM32F1xx_HAL_Driver/Src/stm32f1xx_hal_i2c.o
 .ARM.attributes
                0x000002e1       0x2d ./Drivers/STM32F1xx_HAL_Driver/Src/stm32f1xx_hal_rcc.o
 .ARM.attributes
                0x0000030e       0x2d ./Drivers/STM32F1xx_HAL_Driver/Src/stm32f1xx_hal_uart.o
 .ARM.attributes
                0x0000033b       0x2d C:/ST/STM32CubeIDE_1.19.0/STM32CubeIDE/plugins/com.st.stm32cube.ide.mcu.externaltools.gnu-tools-for-stm32.13.3.rel1.win32_1.0.0.202411081344/tools/bin/../lib/gcc/arm-none-eabi/13.3.1/../../../../arm-none-eabi/lib/thumb/v7-m/nofp\libc_nano.a(libc_a-findfp.o)
 .ARM.attributes
                0x00000368       0x2d C:/ST/STM32CubeIDE_1.19.0/STM32CubeIDE/plugins/com.st.stm32cube.ide.mcu.externaltools.gnu-tools-for-stm32.13.3.rel1.win32_1.0.0.202411081344/tools/bin/../lib/gcc/arm-none-eabi/13.3.1/../../../../arm-none-eabi/lib/thumb/v7-m/nofp\libc_nano.a(libc_a-fwalk.o)
 .ARM.attributes
                0x00000395       0x2d C:/ST/STM32CubeIDE_1.19.0/STM32CubeIDE/plugins/com.st.stm32cube.ide.mcu.externaltools.gnu-tools-for-stm32.13.3.rel1.win32_1.0.0.202411081344/tools/bin/../lib/gcc/arm-none-eabi/13.3.1/../../../../arm-none-eabi/lib/thumb/v7-m/nofp\libc_nano.a(libc_a-printf.o)
 .ARM.attributes
                0x000003c2       0x2d C:/ST/STM32CubeIDE_1.19.0/STM32CubeIDE/plugins/com.st.stm32cube.ide.mcu.externaltools.gnu-tools-for-stm32.13.3.rel1.win32_1.0.0.202411081344/tools/bin/../lib/gcc/arm-none-eabi/13.3.1/../../../../arm-none-eabi/lib/thumb/v7-m/nofp\libc_nano.a(libc_a-puts.o)
 .ARM.attributes
                0x000003ef       0x2d C:/ST/STM32CubeIDE_1.19.0/STM32CubeIDE/plugins/com.st.stm32cube.ide.mcu.externaltools.gnu-tools-for-stm32.13.3.rel1.win32_1.0.0.202411081344/tools/bin/../lib/gcc/arm-none-eabi/13.3.1/../../../../arm-none-eabi/lib/thumb/v7-m/nofp\libc_nano.a(libc_a-stdio.o)
 .ARM.attributes
                0x0000041c       0x2d C:/ST/STM32CubeIDE_1.19.0/STM32CubeIDE/plugins/com.st.stm32cube.ide.mcu.externaltools.gnu-tools-for-stm32.13.3.rel1.win32_1.0.0.202411081344/tools/bin/../lib/gcc/arm-none-eabi/13.3.1/../../../../arm-none-eabi/lib/thumb/v7-m/nofp\libc_nano.a(libc_a-wbuf.o)
 .ARM.attributes
                0x00000449       0x2d C:/ST/STM32CubeIDE_1.19.0/STM32CubeIDE/plugins/com.st.stm32cube.ide.mcu.externaltools.gnu-tools-for-stm32.13.3.rel1.win32_1.0.0.202411081344/tools/bin/../lib/gcc/arm-none-eabi/13.3.1/../../../../arm-none-eabi/lib/thumb/v7-m/nofp\libc_nano.a(libc_a-wsetup.o)
 .ARM.attributes
                0x00000476       0x2d C:/ST/STM32CubeIDE_1.19.0/STM32CubeIDE/plugins/com.st.stm32cube.ide.mcu.externaltools.gnu-tools-for-stm32.13.3.rel1.win32_1.0.0.202411081344/tools/bin/../lib/gcc/arm-none-eabi/13.3.1/../../../../arm-none-eabi/lib/thumb/v7-m/nofp\libc_nano.a(libc_a-memset.o)
 .ARM.attributes
                0x000004a3       0x2d C:/ST/STM32CubeIDE_1.19.0/STM32CubeIDE/plugins/com.st.stm32cube.ide.mcu.externaltools.gnu-tools-for-stm32.13.3.rel1.win32_1.0.0.202411081344/tools/bin/../lib/gcc/arm-none-eabi/13.3.1/../../../../arm-none-eabi/lib/thumb/v7-m/nofp\libc_nano.a(libc_a-closer.o)
 .ARM.attributes
                0x000004d0       0x2d C:/ST/STM32CubeIDE_1.19.0/STM32CubeIDE/plugins/com.st.stm32cube.ide.mcu.externaltools.gnu-tools-for-stm32.13.3.rel1.win32_1.0.0.202411081344/tools/bin/../lib/gcc/arm-none-eabi/13.3.1/../../../../arm-none-eabi/lib/thumb/v7-m/nofp\libc_nano.a(libc_a-reent.o)
 .ARM.attributes
                0x000004fd       0x2d C:/ST/STM32CubeIDE_1.19.0/STM32CubeIDE/plugins/com.st.stm32cube.ide.mcu.externaltools.gnu-tools-for-stm32.13.3.rel1.win32_1.0.0.202411081344/tools/bin/../lib/gcc/arm-none-eabi/13.3.1/../../../../arm-none-eabi/lib/thumb/v7-m/nofp\libc_nano.a(libc_a-impure.o)
 .ARM.attributes
                0x0000052a       0x2d C:/ST/STM32CubeIDE_1.19.0/STM32CubeIDE/plugins/com.st.stm32cube.ide.mcu.externaltools.gnu-tools-for-stm32.13.3.rel1.win32_1.0.0.202411081344/tools/bin/../lib/gcc/arm-none-eabi/13.3.1/../../../../arm-none-eabi/lib/thumb/v7-m/nofp\libc_nano.a(libc_a-lseekr.o)
 .ARM.attributes
                0x00000557       0x2d C:/ST/STM32CubeIDE_1.19.0/STM32CubeIDE/plugins/com.st.stm32cube.ide.mcu.externaltools.gnu-tools-for-stm32.13.3.rel1.win32_1.0.0.202411081344/tools/bin/../lib/gcc/arm-none-eabi/13.3.1/../../../../arm-none-eabi/lib/thumb/v7-m/nofp\libc_nano.a(libc_a-readr.o)
 .ARM.attributes
                0x00000584       0x2d C:/ST/STM32CubeIDE_1.19.0/STM32CubeIDE/plugins/com.st.stm32cube.ide.mcu.externaltools.gnu-tools-for-stm32.13.3.rel1.win32_1.0.0.202411081344/tools/bin/../lib/gcc/arm-none-eabi/13.3.1/../../../../arm-none-eabi/lib/thumb/v7-m/nofp\libc_nano.a(libc_a-writer.o)
 .ARM.attributes
                0x000005b1       0x2d C:/ST/STM32CubeIDE_1.19.0/STM32CubeIDE/plugins/com.st.stm32cube.ide.mcu.externaltools.gnu-tools-for-stm32.13.3.rel1.win32_1.0.0.202411081344/tools/bin/../lib/gcc/arm-none-eabi/13.3.1/../../../../arm-none-eabi/lib/thumb/v7-m/nofp\libc_nano.a(libc_a-errno.o)
 .ARM.attributes
                0x000005de       0x2d C:/ST/STM32CubeIDE_1.19.0/STM32CubeIDE/plugins/com.st.stm32cube.ide.mcu.externaltools.gnu-tools-for-stm32.13.3.rel1.win32_1.0.0.202411081344/tools/bin/../lib/gcc/arm-none-eabi/13.3.1/../../../../arm-none-eabi/lib/thumb/v7-m/nofp\libc_nano.a(libc_a-init.o)
 .ARM.attributes
                0x0000060b       0x2d C:/ST/STM32CubeIDE_1.19.0/STM32CubeIDE/plugins/com.st.stm32cube.ide.mcu.externaltools.gnu-tools-for-stm32.13.3.rel1.win32_1.0.0.202411081344/tools/bin/../lib/gcc/arm-none-eabi/13.3.1/../../../../arm-none-eabi/lib/thumb/v7-m/nofp\libc_nano.a(libc_a-lock.o)
 .ARM.attributes
                0x00000638       0x2d C:/ST/STM32CubeIDE_1.19.0/STM32CubeIDE/plugins/com.st.stm32cube.ide.mcu.externaltools.gnu-tools-for-stm32.13.3.rel1.win32_1.0.0.202411081344/tools/bin/../lib/gcc/arm-none-eabi/13.3.1/../../../../arm-none-eabi/lib/thumb/v7-m/nofp\libc_nano.a(libc_a-freer.o)
 .ARM.attributes
                0x00000665       0x2d C:/ST/STM32CubeIDE_1.19.0/STM32CubeIDE/plugins/com.st.stm32cube.ide.mcu.externaltools.gnu-tools-for-stm32.13.3.rel1.win32_1.0.0.202411081344/tools/bin/../lib/gcc/arm-none-eabi/13.3.1/../../../../arm-none-eabi/lib/thumb/v7-m/nofp\libc_nano.a(libc_a-mallocr.o)
 .ARM.attributes
                0x00000692       0x2d C:/ST/STM32CubeIDE_1.19.0/STM32CubeIDE/plugins/com.st.stm32cube.ide.mcu.externaltools.gnu-tools-for-stm32.13.3.rel1.win32_1.0.0.202411081344/tools/bin/../lib/gcc/arm-none-eabi/13.3.1/../../../../arm-none-eabi/lib/thumb/v7-m/nofp\libc_nano.a(libc_a-mlock.o)
 .ARM.attributes
                0x000006bf       0x2d C:/ST/STM32CubeIDE_1.19.0/STM32CubeIDE/plugins/com.st.stm32cube.ide.mcu.externaltools.gnu-tools-for-stm32.13.3.rel1.win32_1.0.0.202411081344/tools/bin/../lib/gcc/arm-none-eabi/13.3.1/../../../../arm-none-eabi/lib/thumb/v7-m/nofp\libc_nano.a(libc_a-nano-vfprintf.o)
 .ARM.attributes
                0x000006ec       0x2d C:/ST/STM32CubeIDE_1.19.0/STM32CubeIDE/plugins/com.st.stm32cube.ide.mcu.externaltools.gnu-tools-for-stm32.13.3.rel1.win32_1.0.0.202411081344/tools/bin/../lib/gcc/arm-none-eabi/13.3.1/../../../../arm-none-eabi/lib/thumb/v7-m/nofp\libc_nano.a(libc_a-nano-vfprintf_i.o)
 .ARM.attributes
                0x00000719       0x2d C:/ST/STM32CubeIDE_1.19.0/STM32CubeIDE/plugins/com.st.stm32cube.ide.mcu.externaltools.gnu-tools-for-stm32.13.3.rel1.win32_1.0.0.202411081344/tools/bin/../lib/gcc/arm-none-eabi/13.3.1/../../../../arm-none-eabi/lib/thumb/v7-m/nofp\libc_nano.a(libc_a-fflush.o)
 .ARM.attributes
                0x00000746       0x2d C:/ST/STM32CubeIDE_1.19.0/STM32CubeIDE/plugins/com.st.stm32cube.ide.mcu.externaltools.gnu-tools-for-stm32.13.3.rel1.win32_1.0.0.202411081344/tools/bin/../lib/gcc/arm-none-eabi/13.3.1/../../../../arm-none-eabi/lib/thumb/v7-m/nofp\libc_nano.a(libc_a-makebuf.o)
 .ARM.attributes
                0x00000773       0x2d C:/ST/STM32CubeIDE_1.19.0/STM32CubeIDE/plugins/com.st.stm32cube.ide.mcu.externaltools.gnu-tools-for-stm32.13.3.rel1.win32_1.0.0.202411081344/tools/bin/../lib/gcc/arm-none-eabi/13.3.1/../../../../arm-none-eabi/lib/thumb/v7-m/nofp\libc_nano.a(libc_a-fstatr.o)
 .ARM.attributes
                0x000007a0       0x2d C:/ST/STM32CubeIDE_1.19.0/STM32CubeIDE/plugins/com.st.stm32cube.ide.mcu.externaltools.gnu-tools-for-stm32.13.3.rel1.win32_1.0.0.202411081344/tools/bin/../lib/gcc/arm-none-eabi/13.3.1/../../../../arm-none-eabi/lib/thumb/v7-m/nofp\libc_nano.a(libc_a-isattyr.o)
 .ARM.attributes
                0x000007cd       0x2d C:/ST/STM32CubeIDE_1.19.0/STM32CubeIDE/plugins/com.st.stm32cube.ide.mcu.externaltools.gnu-tools-for-stm32.13.3.rel1.win32_1.0.0.202411081344/tools/bin/../lib/gcc/arm-none-eabi/13.3.1/../../../../arm-none-eabi/lib/thumb/v7-m/nofp\libc_nano.a(libc_a-sbrkr.o)
 .ARM.attributes
                0x000007fa       0x2d C:/ST/STM32CubeIDE_1.19.0/STM32CubeIDE/plugins/com.st.stm32cube.ide.mcu.externaltools.gnu-tools-for-stm32.13.3.rel1.win32_1.0.0.202411081344/tools/bin/../lib/gcc/arm-none-eabi/13.3.1/../../../../arm-none-eabi/lib/thumb/v7-m/nofp\libc_nano.a(libc_a-memchr-stub.o)
 .ARM.attributes
                0x00000827       0x1d C:/ST/STM32CubeIDE_1.19.0/STM32CubeIDE/plugins/com.st.stm32cube.ide.mcu.externaltools.gnu-tools-for-stm32.13.3.rel1.win32_1.0.0.202411081344/tools/bin/../lib/gcc/arm-none-eabi/13.3.1/thumb/v7-m/nofp/crtn.o
OUTPUT(HDMI_RECORD.elf elf32-littlearm)
LOAD linker stubs
LOAD C:/ST/STM32CubeIDE_1.19.0/STM32CubeIDE/plugins/com.st.stm32cube.ide.mcu.externaltools.gnu-tools-for-stm32.13.3.rel1.win32_1.0.0.202411081344/tools/bin/../lib/gcc/arm-none-eabi/13.3.1/../../../../arm-none-eabi/lib/thumb/v7-m/nofp\libc.a
LOAD C:/ST/STM32CubeIDE_1.19.0/STM32CubeIDE/plugins/com.st.stm32cube.ide.mcu.externaltools.gnu-tools-for-stm32.13.3.rel1.win32_1.0.0.202411081344/tools/bin/../lib/gcc/arm-none-eabi/13.3.1/../../../../arm-none-eabi/lib/thumb/v7-m/nofp\libm.a
LOAD C:/ST/STM32CubeIDE_1.19.0/STM32CubeIDE/plugins/com.st.stm32cube.ide.mcu.externaltools.gnu-tools-for-stm32.13.3.rel1.win32_1.0.0.202411081344/tools/bin/../lib/gcc/arm-none-eabi/13.3.1/thumb/v7-m/nofp\libgcc.a

.debug_info     0x00000000    0x1708b
 .debug_info    0x00000000     0x1189 ./Core/Src/main.o
 .debug_info    0x00001189      0xbba ./Core/Src/stm32f1xx_hal_msp.o
 .debug_info    0x00001d43      0x115 ./Core/Src/stm32f1xx_it.o
 .debug_info    0x00001e58      0x7b5 ./Core/Src/syscalls.o
 .debug_info    0x0000260d      0x175 ./Core/Src/sysmem.o
 .debug_info    0x00002782      0x231 ./Core/Src/system_stm32f1xx.o
 .debug_info    0x000029b3      0x898 ./Core/Src/IT68013CX/it68013CX_IO.o
 .debug_info    0x0000324b      0x242 ./Core/Src/IT68013CX/it68013CX_Utility.o
 .debug_info    0x0000348d     0x9b13 ./Core/Src/IT68013CX/it68013CX_it680X.o
 .debug_info    0x0000cfa0      0x2b2 ./Core/Src/IT68013CX/it68013CX_main.o
 .debug_info    0x0000d252       0x30 ./Core/Startup/startup_stm32f103c8tx.o
 .debug_info    0x0000d282      0x7dc ./Drivers/STM32F1xx_HAL_Driver/Src/stm32f1xx_hal.o
 .debug_info    0x0000da5e      0xced ./Drivers/STM32F1xx_HAL_Driver/Src/stm32f1xx_hal_cortex.o
 .debug_info    0x0000e74b      0x612 ./Drivers/STM32F1xx_HAL_Driver/Src/stm32f1xx_hal_gpio.o
 .debug_info    0x0000ed5d     0x38bc ./Drivers/STM32F1xx_HAL_Driver/Src/stm32f1xx_hal_i2c.o
 .debug_info    0x00012619      0x9fb ./Drivers/STM32F1xx_HAL_Driver/Src/stm32f1xx_hal_rcc.o
 .debug_info    0x00013014     0x4077 ./Drivers/STM32F1xx_HAL_Driver/Src/stm32f1xx_hal_uart.o

.debug_abbrev   0x00000000     0x27ab
 .debug_abbrev  0x00000000      0x36d ./Core/Src/main.o
 .debug_abbrev  0x0000036d      0x1c7 ./Core/Src/stm32f1xx_hal_msp.o
 .debug_abbrev  0x00000534       0xb6 ./Core/Src/stm32f1xx_it.o
 .debug_abbrev  0x000005ea      0x208 ./Core/Src/syscalls.o
 .debug_abbrev  0x000007f2       0xec ./Core/Src/sysmem.o
 .debug_abbrev  0x000008de      0x145 ./Core/Src/system_stm32f1xx.o
 .debug_abbrev  0x00000a23      0x20e ./Core/Src/IT68013CX/it68013CX_IO.o
 .debug_abbrev  0x00000c31      0x1c8 ./Core/Src/IT68013CX/it68013CX_Utility.o
 .debug_abbrev  0x00000df9      0x4fa ./Core/Src/IT68013CX/it68013CX_it680X.o
 .debug_abbrev  0x000012f3      0x165 ./Core/Src/IT68013CX/it68013CX_main.o
 .debug_abbrev  0x00001458       0x24 ./Core/Startup/startup_stm32f103c8tx.o
 .debug_abbrev  0x0000147c      0x272 ./Drivers/STM32F1xx_HAL_Driver/Src/stm32f1xx_hal.o
 .debug_abbrev  0x000016ee      0x36b ./Drivers/STM32F1xx_HAL_Driver/Src/stm32f1xx_hal_cortex.o
 .debug_abbrev  0x00001a59      0x200 ./Drivers/STM32F1xx_HAL_Driver/Src/stm32f1xx_hal_gpio.o
 .debug_abbrev  0x00001c59      0x446 ./Drivers/STM32F1xx_HAL_Driver/Src/stm32f1xx_hal_i2c.o
 .debug_abbrev  0x0000209f      0x2ff ./Drivers/STM32F1xx_HAL_Driver/Src/stm32f1xx_hal_rcc.o
 .debug_abbrev  0x0000239e      0x40d ./Drivers/STM32F1xx_HAL_Driver/Src/stm32f1xx_hal_uart.o

.debug_loclists
                0x00000000     0x9141
 .debug_loclists
                0x00000000       0x85 ./Core/Src/main.o
 .debug_loclists
                0x00000085       0x8d ./Core/Src/stm32f1xx_hal_msp.o
 .debug_loclists
                0x00000112      0x335 ./Core/Src/syscalls.o
 .debug_loclists
                0x00000447       0x3b ./Core/Src/sysmem.o
 .debug_loclists
                0x00000482       0xac ./Core/Src/system_stm32f1xx.o
 .debug_loclists
                0x0000052e      0x1c4 ./Core/Src/IT68013CX/it68013CX_IO.o
 .debug_loclists
                0x000006f2       0x8a ./Core/Src/IT68013CX/it68013CX_Utility.o
 .debug_loclists
                0x0000077c     0x2f94 ./Core/Src/IT68013CX/it68013CX_it680X.o
 .debug_loclists
                0x00003710       0xd5 ./Drivers/STM32F1xx_HAL_Driver/Src/stm32f1xx_hal.o
 .debug_loclists
                0x000037e5      0x3cb ./Drivers/STM32F1xx_HAL_Driver/Src/stm32f1xx_hal_cortex.o
 .debug_loclists
                0x00003bb0      0x2e9 ./Drivers/STM32F1xx_HAL_Driver/Src/stm32f1xx_hal_gpio.o
 .debug_loclists
                0x00003e99     0x257b ./Drivers/STM32F1xx_HAL_Driver/Src/stm32f1xx_hal_i2c.o
 .debug_loclists
                0x00006414      0x41d ./Drivers/STM32F1xx_HAL_Driver/Src/stm32f1xx_hal_rcc.o
 .debug_loclists
                0x00006831     0x2910 ./Drivers/STM32F1xx_HAL_Driver/Src/stm32f1xx_hal_uart.o

.debug_aranges  0x00000000      0xca8
 .debug_aranges
                0x00000000       0x50 ./Core/Src/main.o
 .debug_aranges
                0x00000050       0x40 ./Core/Src/stm32f1xx_hal_msp.o
 .debug_aranges
                0x00000090       0x60 ./Core/Src/stm32f1xx_it.o
 .debug_aranges
                0x000000f0       0xa8 ./Core/Src/syscalls.o
 .debug_aranges
                0x00000198       0x20 ./Core/Src/sysmem.o
 .debug_aranges
                0x000001b8       0x28 ./Core/Src/system_stm32f1xx.o
 .debug_aranges
                0x000001e0       0x38 ./Core/Src/IT68013CX/it68013CX_IO.o
 .debug_aranges
                0x00000218       0x48 ./Core/Src/IT68013CX/it68013CX_Utility.o
 .debug_aranges
                0x00000260      0x3a8 ./Core/Src/IT68013CX/it68013CX_it680X.o
 .debug_aranges
                0x00000608       0x30 ./Core/Src/IT68013CX/it68013CX_main.o
 .debug_aranges
                0x00000638       0x28 ./Core/Startup/startup_stm32f103c8tx.o
 .debug_aranges
                0x00000660       0xe0 ./Drivers/STM32F1xx_HAL_Driver/Src/stm32f1xx_hal.o
 .debug_aranges
                0x00000740       0x90 ./Drivers/STM32F1xx_HAL_Driver/Src/stm32f1xx_hal_cortex.o
 .debug_aranges
                0x000007d0       0x58 ./Drivers/STM32F1xx_HAL_Driver/Src/stm32f1xx_hal_gpio.o
 .debug_aranges
                0x00000828      0x208 ./Drivers/STM32F1xx_HAL_Driver/Src/stm32f1xx_hal_i2c.o
 .debug_aranges
                0x00000a30       0x88 ./Drivers/STM32F1xx_HAL_Driver/Src/stm32f1xx_hal_rcc.o
 .debug_aranges
                0x00000ab8      0x1f0 ./Drivers/STM32F1xx_HAL_Driver/Src/stm32f1xx_hal_uart.o

.debug_rnglists
                0x00000000      0xdaf
 .debug_rnglists
                0x00000000       0x59 ./Core/Src/main.o
 .debug_rnglists
                0x00000059       0x68 ./Core/Src/stm32f1xx_hal_msp.o
 .debug_rnglists
                0x000000c1       0x43 ./Core/Src/stm32f1xx_it.o
 .debug_rnglists
                0x00000104       0x85 ./Core/Src/syscalls.o
 .debug_rnglists
                0x00000189       0x13 ./Core/Src/sysmem.o
 .debug_rnglists
                0x0000019c       0x19 ./Core/Src/system_stm32f1xx.o
 .debug_rnglists
                0x000001b5       0x25 ./Core/Src/IT68013CX/it68013CX_IO.o
 .debug_rnglists
                0x000001da       0x3d ./Core/Src/IT68013CX/it68013CX_Utility.o
 .debug_rnglists
                0x00000217      0x3bf ./Core/Src/IT68013CX/it68013CX_it680X.o
 .debug_rnglists
                0x000005d6       0x1f ./Core/Src/IT68013CX/it68013CX_main.o
 .debug_rnglists
                0x000005f5       0x19 ./Core/Startup/startup_stm32f103c8tx.o
 .debug_rnglists
                0x0000060e       0xa3 ./Drivers/STM32F1xx_HAL_Driver/Src/stm32f1xx_hal.o
 .debug_rnglists
                0x000006b1       0xd3 ./Drivers/STM32F1xx_HAL_Driver/Src/stm32f1xx_hal_cortex.o
 .debug_rnglists
                0x00000784       0x51 ./Drivers/STM32F1xx_HAL_Driver/Src/stm32f1xx_hal_gpio.o
 .debug_rnglists
                0x000007d5      0x38c ./Drivers/STM32F1xx_HAL_Driver/Src/stm32f1xx_hal_i2c.o
 .debug_rnglists
                0x00000b61       0x85 ./Drivers/STM32F1xx_HAL_Driver/Src/stm32f1xx_hal_rcc.o
 .debug_rnglists
                0x00000be6      0x1c9 ./Drivers/STM32F1xx_HAL_Driver/Src/stm32f1xx_hal_uart.o

.debug_macro    0x00000000     0x8a54
 .debug_macro   0x00000000      0x27f ./Core/Src/main.o
 .debug_macro   0x0000027f       0x8e ./Core/Src/main.o
 .debug_macro   0x0000030d       0x51 ./Core/Src/main.o
 .debug_macro   0x0000035e       0x5c ./Core/Src/main.o
 .debug_macro   0x000003ba       0xd0 ./Core/Src/main.o
 .debug_macro   0x0000048a       0x61 ./Core/Src/main.o
 .debug_macro   0x000004eb      0x1a7 ./Core/Src/stm32f1xx_hal_msp.o
 .debug_macro   0x00000692      0x1b1 ./Core/Src/stm32f1xx_it.o
 .debug_macro   0x00000843      0x274 ./Core/Src/syscalls.o
 .debug_macro   0x00000ab7       0x10 ./Core/Src/syscalls.o
 .debug_macro   0x00000ac7       0x10 ./Core/Src/syscalls.o
 .debug_macro   0x00000ad7       0x10 ./Core/Src/syscalls.o
 .debug_macro   0x00000ae7       0x10 ./Core/Src/syscalls.o
 .debug_macro   0x00000af7       0x1c ./Core/Src/syscalls.o
 .debug_macro   0x00000b13       0x52 ./Core/Src/syscalls.o
 .debug_macro   0x00000b65       0x22 ./Core/Src/syscalls.o
 .debug_macro   0x00000b87       0x10 ./Core/Src/syscalls.o
 .debug_macro   0x00000b97       0x52 ./Core/Src/syscalls.o
 .debug_macro   0x00000be9       0xcf ./Core/Src/syscalls.o
 .debug_macro   0x00000cb8       0x1c ./Core/Src/syscalls.o
 .debug_macro   0x00000cd4       0x3d ./Core/Src/syscalls.o
 .debug_macro   0x00000d11       0x35 ./Core/Src/syscalls.o
 .debug_macro   0x00000d46      0x12c ./Core/Src/syscalls.o
 .debug_macro   0x00000e72       0x16 ./Core/Src/syscalls.o
 .debug_macro   0x00000e88       0x16 ./Core/Src/syscalls.o
 .debug_macro   0x00000e9e       0x29 ./Core/Src/syscalls.o
 .debug_macro   0x00000ec7       0x10 ./Core/Src/syscalls.o
 .debug_macro   0x00000ed7      0x242 ./Core/Src/syscalls.o
 .debug_macro   0x00001119       0x10 ./Core/Src/syscalls.o
 .debug_macro   0x00001129      0x18a ./Core/Src/syscalls.o
 .debug_macro   0x000012b3       0x16 ./Core/Src/syscalls.o
 .debug_macro   0x000012c9       0xce ./Core/Src/syscalls.o
 .debug_macro   0x00001397      0x112 ./Core/Src/sysmem.o
 .debug_macro   0x000014a9      0x23c ./Core/Src/sysmem.o
 .debug_macro   0x000016e5      0x198 ./Core/Src/system_stm32f1xx.o
 .debug_macro   0x0000187d      0x2ae ./Core/Src/IT68013CX/it68013CX_IO.o
 .debug_macro   0x00001b2b       0x46 ./Core/Src/IT68013CX/it68013CX_IO.o
 .debug_macro   0x00001b71      0x32c ./Core/Src/IT68013CX/it68013CX_IO.o
 .debug_macro   0x00001e9d      0x12a ./Core/Src/IT68013CX/it68013CX_IO.o
 .debug_macro   0x00001fc7       0x16 ./Core/Src/IT68013CX/it68013CX_IO.o
 .debug_macro   0x00001fdd      0x2b7 ./Core/Src/IT68013CX/it68013CX_Utility.o
 .debug_macro   0x00002294      0x12a ./Core/Src/IT68013CX/it68013CX_Utility.o
 .debug_macro   0x000023be       0x6a ./Core/Src/IT68013CX/it68013CX_Utility.o
 .debug_macro   0x00002428      0x3d1 ./Core/Src/IT68013CX/it68013CX_it680X.o
 .debug_macro   0x000027f9     0x28f3 ./Core/Src/IT68013CX/it68013CX_it680X.o
 .debug_macro   0x000050ec      0x329 ./Core/Src/IT68013CX/it68013CX_main.o
 .debug_macro   0x00005415      0x12a ./Core/Src/IT68013CX/it68013CX_main.o
 .debug_macro   0x0000553f       0x64 ./Core/Src/IT68013CX/it68013CX_main.o
 .debug_macro   0x000055a3       0x7c ./Core/Src/IT68013CX/it68013CX_main.o
 .debug_macro   0x0000561f       0x16 ./Core/Src/IT68013CX/it68013CX_main.o
 .debug_macro   0x00005635       0xac ./Core/Src/IT68013CX/it68013CX_main.o