../Core/Src/hdmitx_sys.c:568:13:HDMITX_ClearPktVidStatus	8	static
../Core/Src/hdmitx_sys.c:302:6:ResetVideoPixelClock	0	static
../Core/Src/hdmitx_sys.c:307:6:SetInputColorMode	0	static
../Core/Src/hdmitx_sys.c:312:6:SetOutputColorMode	0	static
../Core/Src/hdmitx_sys.c:317:6:GetOutputColorMode	0	static
../Core/Src/hdmitx_sys.c:322:6:GetInputColorMode	0	static
../Core/Src/hdmitx_sys.c:327:6:SetChangeMode	0	static
../Core/Src/hdmitx_sys.c:336:6:InitHDMITX_Variable	8	static
../Core/Src/hdmitx_sys.c:344:6:AudioModeDetect	8	static
../Core/Src/hdmitx_sys.c:350:6:HDMITX_ChangeColorDepth	0	static
../Core/Src/hdmitx_sys.c:471:6:HDMITX_ChangeAudioOption	16	static
../Core/Src/hdmitx_sys.c:950:5:HDMITX_SearchVICIndex	88	static
../Core/Src/hdmitx_sys.c:1172:6:HDMITX_ConfigAspecColorimetry	0	static
../Core/Src/hdmitx_sys.c:1045:6:HDMITX_MonitorInputVideoChange	48	static
../Core/Src/hdmitx_sys.c:1264:6:HDMITX_ChangeDisplayOption	16	static
../Core/Src/hdmitx_sys.c:1527:6:ConfigAVIInfoFrame	4	static
../Core/Src/hdmitx_sys.c:1580:6:ConfigAudioInfoFrm	8	static
../Core/Src/hdmitx_sys.c:539:6:HDMITX_SetAudioOutput	16	static
../Core/Src/hdmitx_sys.c:888:6:HDMITX_MonitorInputAudioChange	24	static
../Core/Src/hdmitx_sys.c:1624:6:ConfigSPDInfoFrm	16	static
../Core/Src/hdmitx_sys.c:1656:6:ConfigfHdmiVendorSpecificInfoFrame	4	static
../Core/Src/hdmitx_sys.c:1686:6:ConfigfHdmiVendorSpecificInfoFrame4k30	0	static
../Core/Src/hdmitx_sys.c:362:6:HDMITX_SetOutput	40	static
../Core/Src/hdmitx_sys.c:1709:6:ParseEDID	80	static
../Core/Src/hdmitx_sys.c:578:6:HDMITX_DevLoopProc	32	static
