../Core/Src/hdmitx_hdcp.c:27:6:HDMITX_EnableHDCP	16	static
../Core/Src/hdmitx_hdcp.c:62:6:getHDMITX_AuthenticationDone	4	static
../Core/Src/hdmitx_hdcp.c:71:6:hdmitx_hdcp_ClearAuthInterrupt	8	static
../Core/Src/hdmitx_hdcp.c:82:6:hdmitx_hdcp_ResetAuth	8	static
../Core/Src/hdmitx_hdcp.c:100:6:hdmitx_hdcp_Auth_Fire	8	static
../Core/Src/hdmitx_hdcp.c:116:6:hdmitx_hdcp_StartAnCipher	8	static
../Core/Src/hdmitx_hdcp.c:131:6:hdmitx_hdcp_StopAnCipher	8	static
../Core/Src/hdmitx_hdcp.c:145:6:hdmitx_hdcp_GenerateAn	24	static
../Core/Src/hdmitx_hdcp.c:180:12:hdmitx_hdcp_GetBCaps	24	static
../Core/Src/hdmitx_hdcp.c:242:12:hdmitx_hdcp_GetBKSV	24	static
../Core/Src/hdmitx_hdcp.c:296:13:countbit	24	static
../Core/Src/hdmitx_hdcp.c:309:6:hdmitx_hdcp_Reset	16	static
../Core/Src/hdmitx_hdcp.c:330:12:hdmitx_hdcp_VerifyIntegration	8	static
../Core/Src/hdmitx_hdcp.c:355:6:hdmitx_hdcp_CancelRepeaterAuthenticate	8	static
../Core/Src/hdmitx_hdcp.c:364:6:hdmitx_hdcp_ResumeRepeaterAuthenticate	8	static
../Core/Src/hdmitx_hdcp.c:532:12:hdmitx_hdcp_CheckSHA	32	static
../Core/Src/hdmitx_hdcp.c:593:12:hdmitx_hdcp_GetKSVList	32	static
../Core/Src/hdmitx_hdcp.c:648:12:hdmitx_hdcp_GetVr	32	static
../Core/Src/hdmitx_hdcp.c:698:12:hdmitx_hdcp_GetM0	32	static
../Core/Src/hdmitx_hdcp.c:738:6:hdmitx_hdcp_ResumeAuthentication	8	static
../Core/Src/hdmitx_hdcp.c:1098:12:hdmitx_hdcp_Authenticate	40	static
../Core/Src/hdmitx_hdcp.c:1238:12:hdmitx_hdcp_Authenticate_Repeater	32	static
