../Core/Src/hdmitx_drv.c:388:6:SetDeviceVersion	8	static
../Core/Src/hdmitx_drv.c:401:6:GetDeviceVersion	0	static
../Core/Src/hdmitx_drv.c:405:6:GetInputSignalType	0	static
../Core/Src/hdmitx_drv.c:410:6:HDMITX_InitTxDev	8	static
../Core/Src/hdmitx_drv.c:456:6:getHDMITX_LinkStatus	8	static
../Core/Src/hdmitx_drv.c:497:6:hdmitx_RequestAviResend	0	static
../Core/Src/hdmitx_drv.c:503:6:hdmitx_ServiceAviResend	8	static
../Core/Src/hdmitx_drv.c:745:6:setHDMITX_AVMute	8	static
../Core/Src/hdmitx_drv.c:760:6:hdmitx_LoadRegSetting	24	static
../Core/Src/hdmitx_drv.c:735:6:HDMITX_PowerOn	0	static
../Core/Src/hdmitx_drv.c:740:6:HDMITX_PowerDown	0	static
../Core/Src/hdmitx_drv.c:931:6:hdmitx_ClearDDCFIFO	8	static
../Core/Src/hdmitx_drv.c:937:6:hdmitx_GenerateDDCSCLK	8	static
../Core/Src/hdmitx_drv.c:951:6:hdmitx_AbortDDC	16	static
../Core/Src/hdmitx_drv.c:517:6:CheckHDMITX	64	static
../Core/Src/hdmitx_drv.c:823:12:getHDMITX_EDIDBytes	40	static
../Core/Src/hdmitx_drv.c:799:6:getHDMITX_EDIDBlock	8	static
../Core/Src/hdmitx_drv.c:1027:6:HDMITX_DisableVideoOutput	8	static
../Core/Src/hdmitx_drv.c:1091:6:setHDMITX_VideoSignalType	0	static
../Core/Src/hdmitx_drv.c:1100:6:setHDMITX_ColorDepthPhase	0	static
../Core/Src/hdmitx_drv.c:1223:6:setHDMITX_SyncEmbeddedByVIC	56	static
../Core/Src/hdmitx_drv.c:1384:6:hdmitx_SetInputMode	16	static
../Core/Src/hdmitx_drv.c:1445:6:hdmitx_SetCSCScale	24	static
../Core/Src/hdmitx_drv.c:1651:6:hdmitx_Change_XP_Setting	8	static
../Core/Src/hdmitx_drv.c:1683:6:hdmitx_SetupAFE	16	static
../Core/Src/hdmitx_drv.c:1778:6:hdmitx_FireAFE	8	static
../Core/Src/hdmitx_drv.c:1036:6:HDMITX_EnableVideoOutput	24	static
../Core/Src/hdmitx_drv.c:1798:6:setHDMITX_ChStat	8	static
../Core/Src/hdmitx_drv.c:1813:6:setHDMITX_UpdateChStatFs	8	static
../Core/Src/hdmitx_drv.c:1849:6:setHDMITX_LPCMAudio	16	static
../Core/Src/hdmitx_drv.c:2023:6:setHDMITX_HBRAudio	8	static
../Core/Src/hdmitx_drv.c:2085:6:setHDMITX_DSDAudio	8	static
../Core/Src/hdmitx_drv.c:2110:6:HDMITX_DisableAudioOutput	8	static
../Core/Src/hdmitx_drv.c:2339:6:hdmitx_IsAudioChang	8	static
../Core/Src/hdmitx_drv.c:2451:6:setHDMITX_NCTS	32	static
../Core/Src/hdmitx_drv.c:2120:6:HDMITX_EnableAudioOutput	40	static
../Core/Src/hdmitx_drv.c:2260:6:hdmitx_AutoAdjustAudio	32	static
../Core/Src/hdmitx_drv.c:2379:6:setHDMITX_AudioChannelEnable	16	static
../Core/Src/hdmitx_drv.c:2630:12:hdmitx_SetAVIInfoFrame	8	static
../Core/Src/hdmitx_drv.c:2580:6:HDMITX_EnableAVIInfoFrame	8	static
../Core/Src/hdmitx_drv.c:2691:12:hdmitx_SetAudioInfoFrame	16	static
../Core/Src/hdmitx_drv.c:2594:6:HDMITX_EnableAudioInfoFrame	8	static
../Core/Src/hdmitx_drv.c:2726:12:hdmitx_SetSPDInfoFrame	16	static
../Core/Src/hdmitx_drv.c:2608:6:HDMITX_EnableSPDInfoFrame	8	static
../Core/Src/hdmitx_drv.c:2760:12:hdmitx_SetMPEGInfoFrame	8	static
../Core/Src/hdmitx_drv.c:2793:12:hdmitx_SetVSIInfoFrame	16	static
../Core/Src/hdmitx_drv.c:2566:6:HDMITX_EnableVSInfoFrame	8	static
../Core/Src/hdmitx_drv.c:2829:12:hdmitx_Set_GeneralPurpose_PKT	16	static
../Core/Src/hdmitx_drv.c:2858:6:DumpHDMITXReg	32	static
../Core/Src/hdmitx_drv.c:419:6:InitHDMITX	8	static
