../Core/Src/main.c:108:5:_write	24	static
../Core/Src/main.c:113:6:Reset_ITE	8	static
../Core/Src/main.c:123:6:LED_ON_OFF	16	static
../Core/Src/main.c:136:6:HAL_GPIO_EXTI_Callback	16	static
../Core/Src/main.c:152:5:main	8	static
../Core/Src/main.c:203:6:SystemClock_Config	72	static
../Core/Src/main.c:240:13:MX_I2C1_Init	8	static
../Core/Src/main.c:274:13:MX_USART1_UART_Init	8	static
../Core/Src/main.c:307:13:MX_USART2_UART_Init	8	static
../Core/Src/main.c:340:13:MX_GPIO_Init	32	static
../Core/Src/main.c:393:6:Error_Handler	4	static,ignoring_inline_asm
