../Core/Src/IT68013CX\it68013CX_main.c:51:6:InitMessage	8	static
../Core/Src/IT68013CX\it68013CX_main.c:69:6:HoldSystem	8	static
../Core/Src/IT68013CX\it68013CX_main.c:92:6:it68013CX_main	16	static
../Core/Src/main.c:109:5:_write	24	static
../Core/Src/main.c:114:6:Reset_ITE	8	static
../Core/Src/main.c:124:6:LED_ON_OFF	16	static
../Core/Src/main.c:137:6:HAL_GPIO_EXTI_Callback	16	static
../Core/Src/main.c:153:5:main	8	static
../Core/Src/main.c:205:6:SystemClock_Config	72	static
../Core/Src/main.c:242:13:MX_I2C1_Init	8	static
../Core/Src/main.c:276:13:MX_USART1_UART_Init	8	static
../Core/Src/main.c:309:13:MX_USART2_UART_Init	8	static
../Core/Src/main.c:342:13:MX_GPIO_Init	32	static
../Core/Src/main.c:398:6:Error_Handler	4	static,ignoring_inline_asm
